Archive member included because of file (symbol)

c:/altera/12.1sp1/nios2eds/bin/gnu/h-i686-mingw32/bin/../lib/gcc/nios2-elf/4.1.2\libgcc.a(_fixunssfsi.o)
                              obj/default/head.o (__fixunssfsi)
c:/altera/12.1sp1/nios2eds/bin/gnu/h-i686-mingw32/bin/../lib/gcc/nios2-elf/4.1.2\libgcc.a(_addsub_sf.o)
                              c:/altera/12.1sp1/nios2eds/bin/gnu/h-i686-mingw32/bin/../lib/gcc/nios2-elf/4.1.2\libgcc.a(_fixunssfsi.o) (__subsf3)
c:/altera/12.1sp1/nios2eds/bin/gnu/h-i686-mingw32/bin/../lib/gcc/nios2-elf/4.1.2\libgcc.a(_mul_sf.o)
                              obj/default/head.o (__mulsf3)
c:/altera/12.1sp1/nios2eds/bin/gnu/h-i686-mingw32/bin/../lib/gcc/nios2-elf/4.1.2\libgcc.a(_div_sf.o)
                              obj/default/VMC.o (__divsf3)
c:/altera/12.1sp1/nios2eds/bin/gnu/h-i686-mingw32/bin/../lib/gcc/nios2-elf/4.1.2\libgcc.a(_ge_sf.o)
                              c:/altera/12.1sp1/nios2eds/bin/gnu/h-i686-mingw32/bin/../lib/gcc/nios2-elf/4.1.2\libgcc.a(_fixunssfsi.o) (__gesf2)
c:/altera/12.1sp1/nios2eds/bin/gnu/h-i686-mingw32/bin/../lib/gcc/nios2-elf/4.1.2\libgcc.a(_si_to_sf.o)
                              obj/default/VMC.o (__floatsisf)
c:/altera/12.1sp1/nios2eds/bin/gnu/h-i686-mingw32/bin/../lib/gcc/nios2-elf/4.1.2\libgcc.a(_sf_to_si.o)
                              c:/altera/12.1sp1/nios2eds/bin/gnu/h-i686-mingw32/bin/../lib/gcc/nios2-elf/4.1.2\libgcc.a(_fixunssfsi.o) (__fixsfsi)
c:/altera/12.1sp1/nios2eds/bin/gnu/h-i686-mingw32/bin/../lib/gcc/nios2-elf/4.1.2\libgcc.a(_sf_to_df.o)
                              obj/default/VMC.o (__extendsfdf2)
c:/altera/12.1sp1/nios2eds/bin/gnu/h-i686-mingw32/bin/../lib/gcc/nios2-elf/4.1.2\libgcc.a(_thenan_sf.o)
                              c:/altera/12.1sp1/nios2eds/bin/gnu/h-i686-mingw32/bin/../lib/gcc/nios2-elf/4.1.2\libgcc.a(_addsub_sf.o) (__thenan_sf)
c:/altera/12.1sp1/nios2eds/bin/gnu/h-i686-mingw32/bin/../lib/gcc/nios2-elf/4.1.2\libgcc.a(_usi_to_sf.o)
                              obj/default/head.o (__floatunsisf)
c:/altera/12.1sp1/nios2eds/bin/gnu/h-i686-mingw32/bin/../lib/gcc/nios2-elf/4.1.2\libgcc.a(_addsub_df.o)
                              obj/default/VMC.o (__adddf3)
c:/altera/12.1sp1/nios2eds/bin/gnu/h-i686-mingw32/bin/../lib/gcc/nios2-elf/4.1.2\libgcc.a(_make_df.o)
                              c:/altera/12.1sp1/nios2eds/bin/gnu/h-i686-mingw32/bin/../lib/gcc/nios2-elf/4.1.2\libgcc.a(_sf_to_df.o) (__make_dp)
c:/altera/12.1sp1/nios2eds/bin/gnu/h-i686-mingw32/bin/../lib/gcc/nios2-elf/4.1.2\libgcc.a(_thenan_df.o)
                              c:/altera/12.1sp1/nios2eds/bin/gnu/h-i686-mingw32/bin/../lib/gcc/nios2-elf/4.1.2\libgcc.a(_addsub_df.o) (__thenan_df)
c:/altera/12.1sp1/nios2eds/bin/gnu/h-i686-mingw32/bin/../lib/gcc/nios2-elf/4.1.2\libgcc.a(lib2-divmod.o)
                              obj/default/VMC.o (__udivsi3)
c:/altera/12.1sp1/nios2eds/bin/gnu/h-i686-mingw32/bin/../lib/gcc/nios2-elf/4.1.2\libgcc.a(_muldi3.o)
                              c:/altera/12.1sp1/nios2eds/bin/gnu/h-i686-mingw32/bin/../lib/gcc/nios2-elf/4.1.2\libgcc.a(_mul_sf.o) (__muldi3)
c:/altera/12.1sp1/nios2eds/bin/gnu/h-i686-mingw32/bin/../lib/gcc/nios2-elf/4.1.2\libgcc.a(_clzsi2.o)
                              c:/altera/12.1sp1/nios2eds/bin/gnu/h-i686-mingw32/bin/../lib/gcc/nios2-elf/4.1.2\libgcc.a(_si_to_sf.o) (__clzsi2)
c:/altera/12.1sp1/nios2eds/bin/gnu/h-i686-mingw32/bin/../lib/gcc/nios2-elf/4.1.2\libgcc.a(_pack_sf.o)
                              c:/altera/12.1sp1/nios2eds/bin/gnu/h-i686-mingw32/bin/../lib/gcc/nios2-elf/4.1.2\libgcc.a(_addsub_sf.o) (__pack_f)
c:/altera/12.1sp1/nios2eds/bin/gnu/h-i686-mingw32/bin/../lib/gcc/nios2-elf/4.1.2\libgcc.a(_unpack_sf.o)
                              c:/altera/12.1sp1/nios2eds/bin/gnu/h-i686-mingw32/bin/../lib/gcc/nios2-elf/4.1.2\libgcc.a(_addsub_sf.o) (__unpack_f)
c:/altera/12.1sp1/nios2eds/bin/gnu/h-i686-mingw32/bin/../lib/gcc/nios2-elf/4.1.2\libgcc.a(_fpcmp_parts_sf.o)
                              c:/altera/12.1sp1/nios2eds/bin/gnu/h-i686-mingw32/bin/../lib/gcc/nios2-elf/4.1.2\libgcc.a(_ge_sf.o) (__fpcmp_parts_f)
c:/altera/12.1sp1/nios2eds/bin/gnu/h-i686-mingw32/bin/../lib/gcc/nios2-elf/4.1.2\libgcc.a(_pack_df.o)
                              c:/altera/12.1sp1/nios2eds/bin/gnu/h-i686-mingw32/bin/../lib/gcc/nios2-elf/4.1.2\libgcc.a(_addsub_df.o) (__pack_d)
c:/altera/12.1sp1/nios2eds/bin/gnu/h-i686-mingw32/bin/../lib/gcc/nios2-elf/4.1.2\libgcc.a(_unpack_df.o)
                              c:/altera/12.1sp1/nios2eds/bin/gnu/h-i686-mingw32/bin/../lib/gcc/nios2-elf/4.1.2\libgcc.a(_addsub_df.o) (__unpack_d)
c:/altera/12.1sp1/nios2eds/bin/gnu/h-i686-mingw32/bin/../lib/gcc/nios2-elf/4.1.2\libgcc.a(_clz.o)
                              c:/altera/12.1sp1/nios2eds/bin/gnu/h-i686-mingw32/bin/../lib/gcc/nios2-elf/4.1.2\libgcc.a(_clzsi2.o) (__clz_tab)
c:/altera/12.1sp1/nios2eds/bin/gnu/h-i686-mingw32/bin/../lib/gcc/nios2-elf/4.1.2/../../../../nios2-elf/lib\libc.a(lib_a-printf.o)
[...]
Memory Configuration

Name             Origin             Length             Attributes
reset            0x00000000         0x00000020
sdram            0x00000020         0x010fffe0
epcs             0x02000000         0x00000800
manuer_queue     0x02004000         0x00000400
state_cmd_memory 0x02005000         0x00000400
*default*        0x00000000         0xffffffff

Linker script and memory map

LOAD ../VMC_bsp//obj/HAL/src/crt0.o
LOAD obj/default/MPU6050/mpu6050.o
LOAD obj/default/VMC.o
LOAD obj/default/head.o
LOAD c:/altera/12.1sp1/nios2eds/bin/gnu/h-i686-mingw32/bin/../lib/gcc/nios2-elf/4.1.2/../../../../nios2-elf/lib\libstdc++.a
LOAD c:/altera/12.1sp1/nios2eds/bin/gnu/h-i686-mingw32/bin/../lib/gcc/nios2-elf/4.1.2/../../../../nios2-elf/lib\libm.a
LOAD c:/altera/12.1sp1/nios2eds/bin/gnu/h-i686-mingw32/bin/../lib/gcc/nios2-elf/4.1.2\libgcc.a
START GROUP
LOAD c:/altera/12.1sp1/nios2eds/bin/gnu/h-i686-mingw32/bin/../lib/gcc/nios2-elf/4.1.2/../../../../nios2-elf/lib\libc.a
LOAD c:/altera/12.1sp1/nios2eds/bin/gnu/h-i686-mingw32/bin/../lib/gcc/nios2-elf/4.1.2\libgcc.a
LOAD ../VMC_bsp/\libucosii_bsp.a
END GROUP
LOAD c:/altera/12.1sp1/nios2eds/bin/gnu/h-i686-mingw32/bin/../lib/gcc/nios2-elf/4.1.2\libgcc.a
                0x00000000                __alt_mem_sdram = 0x0
                0x02000000                __alt_mem_epcs = 0x2000000
                0x02004000                __alt_mem_manuer_queue = 0x2004000
                0x02005000                __alt_mem_state_cmd_memory = 0x2005000

.entry          0x00000000       0x20
 *(.entry)
 .entry         0x00000000       0x20 ../VMC_bsp//obj/HAL/src/crt0.o
                0x00000000                __reset

.exceptions     0x00000020      0x19c
                0x00000020                PROVIDE (__ram_exceptions_start, ABSOLUTE (.))
                0x00000020                . = ALIGN (0x20)
 *(.irq)
 *(.exceptions.entry.label)
 .exceptions.entry.label
                0x00000020        0x0 ../VMC_bsp/\libucosii_bsp.a(alt_irq_entry.o)
                0x00000020                alt_irq_entry
 .exceptions.entry.label
                0x00000020        0x0 ../VMC_bsp/\libucosii_bsp.a(alt_exception_entry.o)
                0x00000020                alt_exception
 *(.exceptions.entry.user)
 *(.exceptions.entry)
 .exceptions.entry
                0x00000020       0x54 ../VMC_bsp/\libucosii_bsp.a(alt_exception_entry.o)
 *(.exceptions.irqtest.user)
 *(.exceptions.irqtest)
 .exceptions.irqtest
                0x00000074       0x10 ../VMC_bsp/\libucosii_bsp.a(alt_irq_entry.o)
 *(.exceptions.irqhandler.user)
 *(.exceptions.irqhandler)
 .exceptions.irqhandler
                0x00000084        0x4 ../VMC_bsp/\libucosii_bsp.a(alt_irq_entry.o)
 *(.exceptions.irqreturn.user)
 *(.exceptions.irqreturn)
 .exceptions.irqreturn
                0x00000088        0x4 ../VMC_bsp/\libucosii_bsp.a(alt_irq_entry.o)
 *(.exceptions.notirq.label)
 .exceptions.notirq.label
                0x0000008c        0x0 ../VMC_bsp/\libucosii_bsp.a(alt_irq_entry.o)
 *(.exceptions.notirq.user)
 *(.exceptions.notirq)
 .exceptions.notirq
                0x0000008c        0x8 ../VMC_bsp/\libucosii_bsp.a(alt_exception_entry.o)
 *(.exceptions.soft.user)
 *(.exceptions.soft)
 *(.exceptions.unknown.user)
 *(.exceptions.unknown)
 .exceptions.unknown
                0x00000094        0x4 ../VMC_bsp/\libucosii_bsp.a(alt_exception_entry.o)
 *(.exceptions.exit.label)
 .exceptions.exit.label
                0x00000098        0x0 ../VMC_bsp/\libucosii_bsp.a(alt_irq_entry.o)
 .exceptions.exit.label
                0x00000098        0x0 ../VMC_bsp/\libucosii_bsp.a(alt_exception_entry.o)
 *(.exceptions.exit.user)
 *(.exceptions.exit)
 .exceptions.exit
                0x00000098       0x54 ../VMC_bsp/\libucosii_bsp.a(alt_exception_entry.o)
 *(.exceptions)
 .exceptions    0x000000ec       0xd0 ../VMC_bsp/\libucosii_bsp.a(alt_irq_handler.o)
                0x000000ec                alt_irq_handler
                0x000001bc                PROVIDE (__ram_exceptions_end, ABSOLUTE (.))
                0x00000020                PROVIDE (__flash_exceptions_start, LOADADDR (.exceptions))

.text           0x000001bc    0x179a8
                0x000001bc                PROVIDE (stext, ABSOLUTE (.))
 *(.interp)
 *(.hash)
 *(.dynsym)
 *(.dynstr)
 *(.gnu.version)
 *(.gnu.version_d)
 *(.gnu.version_r)
 *(.rel.init)
 *(.rela.init)
 *(.rel.text .rel.text.* .rel.gnu.linkonce.t.*)
 *(.rela.text .rela.text.* .rela.gnu.linkonce.t.*)
 *(.rel.fini)
 *(.rela.fini)
 *(.rel.rodata .rel.rodata.* .rel.gnu.linkonce.r.*)
 *(.rela.rodata .rela.rodata.* .rela.gnu.linkonce.r.*)
 *(.rel.data .rel.data.* .rel.gnu.linkonce.d.*)
 *(.rela.data .rela.data.* .rela.gnu.linkonce.d.*)
 *(.rel.tdata .rel.tdata.* .rel.gnu.linkonce.td.*)
 *(.rela.tdata .rela.tdata.* .rela.gnu.linkonce.td.*)
 *(.rel.tbss .rel.tbss.* .rel.gnu.linkonce.tb.*)
 *(.rela.tbss .rela.tbss.* .rela.gnu.linkonce.tb.*)
 *(.rel.ctors)
 *(.rela.ctors)
 *(.rel.dtors)
 *(.rela.dtors)
 *(.rel.got)
 *(.rela.got)
 *(.rel.sdata .rel.sdata.* .rel.gnu.linkonce.s.*)
 *(.rela.sdata .rela.sdata.* .rela.gnu.linkonce.s.*)
 *(.rel.sbss .rel.sbss.* .rel.gnu.linkonce.sb.*)
 *(.rela.sbss .rela.sbss.* .rela.gnu.linkonce.sb.*)
 *(.rel.sdata2 .rel.sdata2.* .rel.gnu.linkonce.s2.*)
 *(.rela.sdata2 .rela.sdata2.* .rela.gnu.linkonce.s2.*)
 *(.rel.sbss2 .rel.sbss2.* .rel.gnu.linkonce.sb2.*)
 *(.rela.sbss2 .rela.sbss2.* .rela.gnu.linkonce.sb2.*)
 *(.rel.bss .rel.bss.* .rel.gnu.linkonce.b.*)
 *(.rela.bss .rela.bss.* .rela.gnu.linkonce.b.*)
 *(.rel.plt)
 *(.rela.plt)
 *(.rel.dyn)
 *(.init)
 *(.plt)
 *(.text .stub .text.* .gnu.linkonce.t.*)
 .text          0x000001bc       0x4c ../VMC_bsp//obj/HAL/src/crt0.o
                0x000001bc                _start
 .text          0x00000208       0x40 obj/default/MPU6050/mpu6050.o
                0x00000208                getDeviceID
 .text          0x00000248      0x640 obj/default/VMC.o
                0x00000248                speedControl
                0x000003f0                sensorCollector
                0x00000780                drivingTask
                0x00000818                main
 .text          0x00000888      0x358 obj/default/head.o
                0x00000888                init
                0x000009a8                delay
                0x000009e4                set_duty_cycle
                0x00000a50                MeasureDistance
                0x00000ad0                I2CWrite
                0x00000b34                I2CRead
 .text          0x00000be0       0x70 c:/altera/12.1sp1/nios2eds/bin/gnu/h-i686-mingw32/bin/../lib/gcc/nios2-elf/4.1.2\libgcc.a(_fixunssfsi.o)
                0x00000be0                __fixunssfsi
 .text          0x00000c50      0x2b8 c:/altera/12.1sp1/nios2eds/bin/gnu/h-i686-mingw32/bin/../lib/gcc/nios2-elf/4.1.2\libgcc.a(_addsub_sf.o)
                0x00000e34                __subsf3
                0x00000ea4                __addsf3
 .text          0x00000f08      0x1e0 c:/altera/12.1sp1/nios2eds/bin/gnu/h-i686-mingw32/bin/../lib/gcc/nios2-elf/4.1.2\libgcc.a(_mul_sf.o)
                0x00000f08                __mulsf3
 .text          0x000010e8      0x174 c:/altera/12.1sp1/nios2eds/bin/gnu/h-i686-mingw32/bin/../lib/gcc/nios2-elf/4.1.2\libgcc.a(_div_sf.o)
                0x000010e8                __divsf3
 .text          0x0000125c       0x78 c:/altera/12.1sp1/nios2eds/bin/gnu/h-i686-mingw32/bin/../lib/gcc/nios2-elf/4.1.2\libgcc.a(_ge_sf.o)
                0x0000125c                __gesf2
 .text          0x000012d4       0x98 c:/altera/12.1sp1/nios2eds/bin/gnu/h-i686-mingw32/bin/../lib/gcc/nios2-elf/4.1.2\libgcc.a(_si_to_sf.o)
                0x000012d4                __floatsisf
 .text          0x0000136c       0x94 c:/altera/12.1sp1/nios2eds/bin/gnu/h-i686-mingw32/bin/../lib/gcc/nios2-elf/4.1.2\libgcc.a(_sf_to_si.o)
                0x0000136c                __fixsfsi
 .text          0x00001400       0x54 c:/altera/12.1sp1/nios2eds/bin/gnu/h-i686-mingw32/bin/../lib/gcc/nios2-elf/4.1.2\libgcc.a(_sf_to_df.o)
                0x00001400                __extendsfdf2
 .text          0x00001454        0x0 c:/altera/12.1sp1/nios2eds/bin/gnu/h-i686-mingw32/bin/../lib/gcc/nios2-elf/4.1.2\libgcc.a(_thenan_sf.o)
 .text          0x00001454       0xc0 c:/altera/12.1sp1/nios2eds/bin/gnu/h-i686-mingw32/bin/../lib/gcc/nios2-elf/4.1.2\libgcc.a(_usi_to_sf.o)
                0x00001454                __floatunsisf
 .text          0x00001514      0x504 c:/altera/12.1sp1/nios2eds/bin/gnu/h-i686-mingw32/bin/../lib/gcc/nios2-elf/4.1.2\libgcc.a(_addsub_df.o)
                0x00001924                __subdf3
                0x000019a4                __adddf3
 .text          0x00001a18       0x38 c:/altera/12.1sp1/nios2eds/bin/gnu/h-i686-mingw32/bin/../lib/gcc/nios2-elf/4.1.2\libgcc.a(_make_df.o)
                0x00001a18                __make_dp
 .text          0x00001a50        0x0 c:/altera/12.1sp1/nios2eds/bin/gnu/h-i686-mingw32/bin/../lib/gcc/nios2-elf/4.1.2\libgcc.a(_thenan_df.o)
 .text          0x00001a50      0x14c c:/altera/12.1sp1/nios2eds/bin/gnu/h-i686-mingw32/bin/../lib/gcc/nios2-elf/4.1.2\libgcc.a(lib2-divmod.o)
                0x00001acc                __divsi3
                0x00001b2c                __modsi3
                0x00001b8c                __udivsi3
                0x00001b94                __umodsi3
 .text          0x00001b9c       0x98 c:/altera/12.1sp1/nios2eds/bin/gnu/h-i686-mingw32/bin/../lib/gcc/nios2-elf/4.1.2\libgcc.a(_muldi3.o)
                0x00001b9c                __muldi3
 .text          0x00001c34       0x80 c:/altera/12.1sp1/nios2eds/bin/gnu/h-i686-mingw32/bin/../lib/gcc/nios2-elf/4.1.2\libgcc.a(_clzsi2.o)
                0x00001c34                __clzsi2
 .text          0x00001cb4      0x160 c:/altera/12.1sp1/nios2eds/bin/gnu/h-i686-mingw32/bin/../lib/gcc/nios2-elf/4.1.2\libgcc.a(_pack_sf.o)
                0x00001cb4                __pack_f
 .text          0x00001e14       0xc8 c:/altera/12.1sp1/nios2eds/bin/gnu/h-i686-mingw32/bin/../lib/gcc/nios2-elf/4.1.2\libgcc.a(_unpack_sf.o)
                0x00001e14                __unpack_f
 .text          0x00001edc       0xa8 c:/altera/12.1sp1/nios2eds/bin/gnu/h-i686-mingw32/bin/../lib/gcc/nios2-elf/4.1.2\libgcc.a(_fpcmp_parts_sf.o)
                0x00001edc                __fpcmp_parts_f
 .text          0x00001f84      0x314 c:/altera/12.1sp1/nios2eds/bin/gnu/h-i686-mingw32/bin/../lib/gcc/nios2-elf/4.1.2\libgcc.a(_pack_df.o)
                0x00001f84                __pack_d
 .text          0x00002298      0x138 c:/altera/12.1sp1/nios2eds/bin/gnu/h-i686-mingw32/bin/../lib/gcc/nios2-elf/4.1.2\libgcc.a(_unpack_df.o)
                0x00002298                __unpack_d
 .text          0x000023d0        0x0 c:/altera/12.1sp1/nios2eds/bin/gnu/h-i686-mingw32/bin/../lib/gcc/nios2-elf/4.1.2\libgcc.a(_clz.o)
 .text          0x000023d0       0x78 c:/altera/12.1sp1/nios2eds/bin/gnu/h-i686-mingw32/bin/../lib/gcc/nios2-elf/4.1.2/../../../../nios2-elf/lib\libc.a(lib_a-printf.o)
                0x000023d0                printf
                0x00002414                _printf_r
 .text          0x00002448       0xb4 c:/altera/12.1sp1/nios2eds/bin/gnu/h-i686-mingw32/bin/../lib/gcc/nios2-elf/4.1.2/../../../../nios2-elf/lib\libc.a(lib_a-puts.o)
                0x00002448                _puts_r
                0x000024e8                puts
 .text          0x000024fc       0x74 c:/altera/12.1sp1/nios2eds/bin/gnu/h-i686-mingw32/bin/../lib/gcc/nios2-elf/4.1.2/../../../../nios2-elf/lib\libc.a(lib_a-strlen.o)
                0x000024fc                strlen
 .text          0x00002570     0x1f28 c:/altera/12.1sp1/nios2eds/bin/gnu/h-i686-mingw32/bin/../lib/gcc/nios2-elf/4.1.2/../../../../nios2-elf/lib\libc.a(lib_a-vfprintf.o)
                0x000025c8                ___vfprintf_internal_r
                0x00004474                __vfprintf_internal
 .text          0x00004498      0x13c c:/altera/12.1sp1/nios2eds/bin/gnu/h-i686-mingw32/bin/../lib/gcc/nios2-elf/4.1.2/../../../../nios2-elf/lib\libc.a(lib_a-wsetup.o)
                0x00004498                __swsetup_r
 .text          0x000045d4     0x17cc c:/altera/12.1sp1/nios2eds/bin/gnu/h-i686-mingw32/bin/../lib/gcc/nios2-elf/4.1.2/../../../../nios2-elf/lib\libc.a(lib_a-dtoa.o)
                0x000047ec                _dtoa_r
 .text          0x00005da0      0x230 c:/altera/12.1sp1/nios2eds/bin/gnu/h-i686-mingw32/bin/../lib/gcc/nios2-elf/4.1.2/../../../../nios2-elf/lib\libc.a(lib_a-fflush.o)
                0x00005da0                _fflush_r
                0x00005f9c                fflush
 .text          0x00005fd0      0x2c0 c:/altera/12.1sp1/nios2eds/bin/gnu/h-i686-mingw32/bin/../lib/gcc/nios2-elf/4.1.2/../../../../nios2-elf/lib\libc.a(lib_a-findfp.o)
                0x00006028                __sfp_lock_acquire
                0x0000602c                __sfp_lock_release
                0x00006030                __sinit_lock_acquire
                0x00006034                __sinit_lock_release
                0x00006038                __sinit
                0x000060ec                __fp_unlock_all
                0x00006104                __fp_lock_all
                0x0000611c                _cleanup_r
                0x00006128                _cleanup
                0x00006138                __sfmoreglue
                0x000061a0                __sfp
 .text          0x00006290      0x440 c:/altera/12.1sp1/nios2eds/bin/gnu/h-i686-mingw32/bin/../lib/gcc/nios2-elf/4.1.2/../../../../nios2-elf/lib\libc.a(lib_a-freer.o)
                0x00006290                _malloc_trim_r
                0x000063bc                _free_r
 .text          0x000066d0      0x49c c:/altera/12.1sp1/nios2eds/bin/gnu/h-i686-mingw32/bin/../lib/gcc/nios2-elf/4.1.2/../../../../nios2-elf/lib\libc.a(lib_a-fvwrite.o)
                0x000066d0                __sfvwrite_r
 .text          0x00006b6c      0x180 c:/altera/12.1sp1/nios2eds/bin/gnu/h-i686-mingw32/bin/../lib/gcc/nios2-elf/4.1.2/../../../../nios2-elf/lib\libc.a(lib_a-fwalk.o)
                0x00006b6c                _fwalk_reent
                0x00006c34                _fwalk
 .text          0x00006cec        0x0 c:/altera/12.1sp1/nios2eds/bin/gnu/h-i686-mingw32/bin/../lib/gcc/nios2-elf/4.1.2/../../../../nios2-elf/lib\libc.a(lib_a-impure.o)
 .text          0x00006cec       0xc4 c:/altera/12.1sp1/nios2eds/bin/gnu/h-i686-mingw32/bin/../lib/gcc/nios2-elf/4.1.2/../../../../nios2-elf/lib\libc.a(lib_a-locale.o)
                0x00006cec                __locale_charset
                0x00006cf4                _localeconv_r
                0x00006d00                localeconv
                0x00006d10                _setlocale_r
                0x00006d94                setlocale
 .text          0x00006db0      0x194 c:/altera/12.1sp1/nios2eds/bin/gnu/h-i686-mingw32/bin/../lib/gcc/nios2-elf/4.1.2/../../../../nios2-elf/lib\libc.a(lib_a-makebuf.o)
                0x00006db0                __smakebuf_r
 .text          0x00006f44      0x740 c:/altera/12.1sp1/nios2eds/bin/gnu/h-i686-mingw32/bin/../lib/gcc/nios2-elf/4.1.2/../../../../nios2-elf/lib\libc.a(lib_a-mallocr.o)
                0x00006f44                _malloc_r
 .text          0x00007684       0xe4 c:/altera/12.1sp1/nios2eds/bin/gnu/h-i686-mingw32/bin/../lib/gcc/nios2-elf/4.1.2/../../../../nios2-elf/lib\libc.a(lib_a-memchr.o)
                0x00007684                memchr
 .text          0x00007768       0xa0 c:/altera/12.1sp1/nios2eds/bin/gnu/h-i686-mingw32/bin/../lib/gcc/nios2-elf/4.1.2/../../../../nios2-elf/lib\libc.a(lib_a-memcpy.o)
                0x00007768                memcpy
 .text          0x00007808       0xe0 c:/altera/12.1sp1/nios2eds/bin/gnu/h-i686-mingw32/bin/../lib/gcc/nios2-elf/4.1.2/../../../../nios2-elf/lib\libc.a(lib_a-memmove.o)
                0x00007808                memmove
 .text          0x000078e8       0x98 c:/altera/12.1sp1/nios2eds/bin/gnu/h-i686-mingw32/bin/../lib/gcc/nios2-elf/4.1.2/../../../../nios2-elf/lib\libc.a(lib_a-memset.o)
                0x000078e8                memset
 .text          0x00007980      0xff4 c:/altera/12.1sp1/nios2eds/bin/gnu/h-i686-mingw32/bin/../lib/gcc/nios2-elf/4.1.2/../../../../nios2-elf/lib\libc.a(lib_a-mprec.o)
                0x00007980                _Bfree
                0x000079a8                __hi0bits
                0x00007a18                __lo0bits
                0x00007adc                __mcmp
                0x00007b3c                __ulp
                0x00007bbc                __b2d
                0x00007cdc                __ratio
                0x00007d8c                _mprec_log10
                0x00007e20                __copybits
                0x00007e78                __any_on
                0x00007f00                _Balloc
                0x00007fbc                __d2b
                0x00008138                __mdiff
                0x000082c4                __lshift
                0x00008410                __multiply
                0x000085f8                __i2b
                0x00008634                __multadd
                0x00008734                __pow5mult
                0x00008854                __s2b
 .text          0x00008974      0x5f4 c:/altera/12.1sp1/nios2eds/bin/gnu/h-i686-mingw32/bin/../lib/gcc/nios2-elf/4.1.2/../../../../nios2-elf/lib\libc.a(lib_a-reallocr.o)
                0x00008974                _realloc_r
 .text          0x00008f68       0x40 c:/altera/12.1sp1/nios2eds/bin/gnu/h-i686-mingw32/bin/../lib/gcc/nios2-elf/4.1.2/../../../../nios2-elf/lib\libc.a(lib_a-s_isinfd.o)
                0x00008f68                __isinfd
 .text          0x00008fa8       0x30 c:/altera/12.1sp1/nios2eds/bin/gnu/h-i686-mingw32/bin/../lib/gcc/nios2-elf/4.1.2/../../../../nios2-elf/lib\libc.a(lib_a-s_isnand.o)
                0x00008fa8                __isnand
 .text          0x00008fd8       0x70 c:/altera/12.1sp1/nios2eds/bin/gnu/h-i686-mingw32/bin/../lib/gcc/nios2-elf/4.1.2/../../../../nios2-elf/lib\libc.a(lib_a-sbrkr.o)
                0x00008fd8                _sbrk_r
 .text          0x00009048      0x14c c:/altera/12.1sp1/nios2eds/bin/gnu/h-i686-mingw32/bin/../lib/gcc/nios2-elf/4.1.2/../../../../nios2-elf/lib\libc.a(lib_a-stdio.o)
                0x00009048                __sclose
                0x00009050                __sseek
                0x000090b8                __swrite
                0x00009134                __sread
 .text          0x00009194       0xbc c:/altera/12.1sp1/nios2eds/bin/gnu/h-i686-mingw32/bin/../lib/gcc/nios2-elf/4.1.2/../../../../nios2-elf/lib\libc.a(lib_a-strcmp.o)
                0x00009194                strcmp
 .text          0x00009250       0x78 c:/altera/12.1sp1/nios2eds/bin/gnu/h-i686-mingw32/bin/../lib/gcc/nios2-elf/4.1.2/../../../../nios2-elf/lib\libc.a(lib_a-writer.o)
                0x00009250                _write_r
 .text          0x000092c8       0xb4 c:/altera/12.1sp1/nios2eds/bin/gnu/h-i686-mingw32/bin/../lib/gcc/nios2-elf/4.1.2/../../../../nios2-elf/lib\libc.a(lib_a-callocr.o)
                0x000092c8                _calloc_r
 .text          0x0000937c       0x70 c:/altera/12.1sp1/nios2eds/bin/gnu/h-i686-mingw32/bin/../lib/gcc/nios2-elf/4.1.2/../../../../nios2-elf/lib\libc.a(lib_a-closer.o)
                0x0000937c                _close_r
 .text          0x000093ec      0x124 c:/altera/12.1sp1/nios2eds/bin/gnu/h-i686-mingw32/bin/../lib/gcc/nios2-elf/4.1.2/../../../../nios2-elf/lib\libc.a(lib_a-fclose.o)
                0x000093ec                _fclose_r
                0x000094fc                fclose
 .text          0x00009510       0x74 c:/altera/12.1sp1/nios2eds/bin/gnu/h-i686-mingw32/bin/../lib/gcc/nios2-elf/4.1.2/../../../../nios2-elf/lib\libc.a(lib_a-fstatr.o)
                0x00009510                _fstat_r
 .text          0x00009584        0x0 c:/altera/12.1sp1/nios2eds/bin/gnu/h-i686-mingw32/bin/../lib/gcc/nios2-elf/4.1.2/../../../../nios2-elf/lib\libc.a(lib_a-int_errno.o)
 .text          0x00009584       0x70 c:/altera/12.1sp1/nios2eds/bin/gnu/h-i686-mingw32/bin/../lib/gcc/nios2-elf/4.1.2/../../../../nios2-elf/lib\libc.a(lib_a-isattyr.o)
                0x00009584                _isatty_r
 .text          0x000095f4       0x78 c:/altera/12.1sp1/nios2eds/bin/gnu/h-i686-mingw32/bin/../lib/gcc/nios2-elf/4.1.2/../../../../nios2-elf/lib\libc.a(lib_a-lseekr.o)
                0x000095f4                _lseek_r
 .text          0x0000966c       0x78 c:/altera/12.1sp1/nios2eds/bin/gnu/h-i686-mingw32/bin/../lib/gcc/nios2-elf/4.1.2/../../../../nios2-elf/lib\libc.a(lib_a-readr.o)
                0x0000966c                _read_r
 .text          0x000096e4      0x5dc c:/altera/12.1sp1/nios2eds/bin/gnu/h-i686-mingw32/bin/../lib/gcc/nios2-elf/4.1.2\libgcc.a(_udivdi3.o)
                0x000096e4                __udivdi3
 .text          0x00009cc0      0x5b0 c:/altera/12.1sp1/nios2eds/bin/gnu/h-i686-mingw32/bin/../lib/gcc/nios2-elf/4.1.2\libgcc.a(_umoddi3.o)
                0x00009cc0                __umoddi3
 .text          0x0000a270      0x3c4 c:/altera/12.1sp1/nios2eds/bin/gnu/h-i686-mingw32/bin/../lib/gcc/nios2-elf/4.1.2\libgcc.a(_mul_df.o)
                0x0000a270                __muldf3
 .text          0x0000a634      0x258 c:/altera/12.1sp1/nios2eds/bin/gnu/h-i686-mingw32/bin/../lib/gcc/nios2-elf/4.1.2\libgcc.a(_div_df.o)
                0x0000a634                __divdf3
 .text          0x0000a88c       0x88 c:/altera/12.1sp1/nios2eds/bin/gnu/h-i686-mingw32/bin/../lib/gcc/nios2-elf/4.1.2\libgcc.a(_eq_df.o)
                0x0000a88c                __eqdf2
 .text          0x0000a914       0x88 c:/altera/12.1sp1/nios2eds/bin/gnu/h-i686-mingw32/bin/../lib/gcc/nios2-elf/4.1.2\libgcc.a(_ne_df.o)
                0x0000a914                __nedf2
 .text          0x0000a99c       0x88 c:/altera/12.1sp1/nios2eds/bin/gnu/h-i686-mingw32/bin/../lib/gcc/nios2-elf/4.1.2\libgcc.a(_gt_df.o)
                0x0000a99c                __gtdf2
 .text          0x0000aa24       0x88 c:/altera/12.1sp1/nios2eds/bin/gnu/h-i686-mingw32/bin/../lib/gcc/nios2-elf/4.1.2\libgcc.a(_ge_df.o)
                0x0000aa24                __gedf2
 .text          0x0000aaac       0x88 c:/altera/12.1sp1/nios2eds/bin/gnu/h-i686-mingw32/bin/../lib/gcc/nios2-elf/4.1.2\libgcc.a(_lt_df.o)
                0x0000aaac                __ltdf2
 .text          0x0000ab34       0xf8 c:/altera/12.1sp1/nios2eds/bin/gnu/h-i686-mingw32/bin/../lib/gcc/nios2-elf/4.1.2\libgcc.a(_si_to_df.o)
                0x0000ab34                __floatsidf
 .text          0x0000ac2c       0xd8 c:/altera/12.1sp1/nios2eds/bin/gnu/h-i686-mingw32/bin/../lib/gcc/nios2-elf/4.1.2\libgcc.a(_df_to_si.o)
                0x0000ac2c                __fixdfsi
 .text          0x0000ad04      0x194 c:/altera/12.1sp1/nios2eds/bin/gnu/h-i686-mingw32/bin/../lib/gcc/nios2-elf/4.1.2\libgcc.a(_usi_to_df.o)
                0x0000ad04                __floatunsidf
 .text          0x0000ae98       0xc8 c:/altera/12.1sp1/nios2eds/bin/gnu/h-i686-mingw32/bin/../lib/gcc/nios2-elf/4.1.2\libgcc.a(_fpcmp_parts_df.o)
                0x0000ae98                __fpcmp_parts_d
 .text          0x0000af60      0x15c ../VMC_bsp/\libucosii_bsp.a(alt_close.o)
                0x0000af60                close
 .text          0x0000b0bc       0x2c ../VMC_bsp/\libucosii_bsp.a(alt_dev.o)
 .text          0x0000b0e8        0x0 ../VMC_bsp/\libucosii_bsp.a(alt_errno.o)
 .text          0x0000b0e8      0x134 ../VMC_bsp/\libucosii_bsp.a(alt_fstat.o)
                0x0000b0e8                fstat
 .text          0x0000b21c      0x120 ../VMC_bsp/\libucosii_bsp.a(alt_isatty.o)
                0x0000b21c                isatty
 .text          0x0000b33c       0xec ../VMC_bsp/\libucosii_bsp.a(alt_load.o)
                0x0000b33c                alt_load
 .text          0x0000b428      0x150 ../VMC_bsp/\libucosii_bsp.a(alt_lseek.o)
                0x0000b428                lseek
 .text          0x0000b578       0xc8 ../VMC_bsp/\libucosii_bsp.a(alt_main.o)
                0x0000b578                alt_main
 .text          0x0000b640      0x180 ../VMC_bsp/\libucosii_bsp.a(alt_read.o)
                0x0000b640                read
 .text          0x0000b7c0       0x60 ../VMC_bsp/\libucosii_bsp.a(alt_release_fd.o)
                0x0000b7c0                alt_release_fd
 .text          0x0000b820       0xbc ../VMC_bsp/\libucosii_bsp.a(alt_sbrk.o)
                0x0000b820                sbrk
 .text          0x0000b8dc      0x180 ../VMC_bsp/\libucosii_bsp.a(alt_write.o)
                0x0000b8dc                write
 .text          0x0000ba5c      0x108 ../VMC_bsp/\libucosii_bsp.a(alt_env_lock.o)
                0x0000ba5c                __env_lock
                0x0000bb08                __env_unlock
 .text          0x0000bb64      0x1d8 ../VMC_bsp/\libucosii_bsp.a(alt_malloc_lock.o)
                0x0000bb64                __malloc_lock
                0x0000bc6c                __malloc_unlock
 .text          0x0000bd3c     0x2128 ../VMC_bsp/\libucosii_bsp.a(os_core.o)
                0x0000bd3c                OSEventNameGet
                0x0000be6c                OSEventNameSet
                0x0000bfb0                OSEventPendMulti
                0x0000c664                OSInit
                0x0000c6b8                OSIntEnter
                0x0000c734                OSIntExit
                0x0000c834                OSSchedLock
                0x0000c8c0                OSSchedUnlock
                0x0000c9a4                OSStart
                0x0000ca14                OSStatInit
                0x0000cac0                OSTimeTick
                0x0000cd00                OSVersion
                0x0000cd20                OS_Dummy
                0x0000cd3c                OS_EventTaskRdy
                0x0000ced0                OS_EventTaskWait
                0x0000cfe0                OS_EventTaskWaitMulti
                0x0000d134                OS_EventTaskRemove
                0x0000d1ec                OS_EventTaskRemoveMulti
                0x0000d2f0                OS_EventWaitListInit
                0x0000d6bc                OS_MemClr
                0x0000d710                OS_MemCopy
                0x0000d77c                OS_Sched
                0x0000d8c0                OS_StrCopy
                0x0000d940                OS_StrLen
                0x0000d998                OS_TaskIdle
                0x0000d9f4                OS_TaskStat
                0x0000dabc                OS_TaskStatStkChk
                0x0000db84                OS_TCBInit
 .text          0x0000de64      0x18c ../VMC_bsp/\libucosii_bsp.a(os_dbg.o)
                0x0000de64                OSDebugInit
 .text          0x0000dff0     0x193c ../VMC_bsp/\libucosii_bsp.a(os_flag.o)
                0x0000dff0                OSFlagAccept
                0x0000e324                OSFlagCreate
                0x0000e460                OSFlagDel
                0x0000e708                OSFlagNameGet
                0x0000e84c                OSFlagNameSet
                0x0000e9a0                OSFlagPend
                0x0000efe4                OSFlagPendGetFlagsRdy
                0x0000f04c                OSFlagPost
                0x0000f3f4                OSFlagQuery
                0x0000f68c                OS_FlagInit
                0x0000f880                OS_FlagUnlink
 .text          0x0000f92c      0x808 ../VMC_bsp/\libucosii_bsp.a(os_mem.o)
                0x0000f92c                OSMemCreate
                0x0000fb48                OSMemGet
                0x0000fc4c                OSMemNameGet
                0x0000fd58                OSMemNameSet
                0x0000fe78                OSMemPut
                0x0000ff68                OSMemQuery
                0x00010064                OS_MemInit
 .text          0x00010134     0x1334 ../VMC_bsp/\libucosii_bsp.a(os_q.o)
                0x00010134                OSQAccept
                0x00010288                OSQCreate
                0x0001049c                OSQDel
                0x0001079c                OSQFlush
                0x00010864                OSQPend
                0x00010b84                OSQPendAbort
                0x00010d00                OSQPost
                0x00010e80                OSQPostFront
                0x00011008                OSQPostOpt
                0x0001123c                OSQQuery
                0x000113bc                OS_QInit
 .text          0x00011468      0xbc8 ../VMC_bsp/\libucosii_bsp.a(os_sem.o)
                0x00011468                OSSemAccept
                0x00011528                OSSemCreate
                0x0001163c                OSSemDel
                0x000118dc                OSSemPend
                0x00011b58                OSSemPendAbort
                0x00011cd4                OSSemPost
                0x00011dfc                OSSemQuery
                0x00011f2c                OSSemSet
 .text          0x00012030     0x1a40 ../VMC_bsp/\libucosii_bsp.a(os_task.o)
                0x00012030                OSTaskChangePrio
                0x000125a4                OSTaskCreate
                0x00012778                OSTaskCreateExt
                0x00012978                OSTaskDel
                0x00012d84                OSTaskDelReq
                0x00012ef4                OSTaskNameGet
                0x000130ac                OSTaskNameSet
                0x00013270                OSTaskResume
                0x00013488                OSTaskStkChk
                0x00013684                OSTaskSuspend
                0x000138b0                OSTaskQuery
                0x000139f4                OS_TaskStkClr
 .text          0x00013a70      0x598 ../VMC_bsp/\libucosii_bsp.a(os_time.o)
                0x00013a70                OSTimeDly
                0x00013bbc                OSTimeDlyHMSM
                0x00013d30                OSTimeDlyResume
                0x00013f40                OSTimeGet
                0x00013fa4                OSTimeSet
 .text          0x00014008       0xd0 ../VMC_bsp/\libucosii_bsp.a(alt_sys_init.o)
                0x00014008                alt_irq_init
                0x0001403c                alt_sys_init
 .text          0x000140d8      0x9e4 ../VMC_bsp/\libucosii_bsp.a(altera_avalon_epcs_flash_controller.o)
                0x000140d8                alt_epcs_flash_init
                0x000144f4                alt_epcs_flash_write
                0x00014774                alt_epcs_flash_get_info
                0x00014804                alt_epcs_flash_erase_block
                0x00014908                alt_epcs_flash_write_block
                0x00014a24                alt_epcs_flash_read
 .text          0x00014abc      0x148 ../VMC_bsp/\libucosii_bsp.a(altera_avalon_jtag_uart_fd.o)
                0x00014abc                altera_avalon_jtag_uart_read_fd
                0x00014b14                altera_avalon_jtag_uart_write_fd
                0x00014b6c                altera_avalon_jtag_uart_close_fd
                0x00014bb4                altera_avalon_jtag_uart_ioctl_fd
 .text          0x00014c04      0x584 ../VMC_bsp/\libucosii_bsp.a(altera_avalon_jtag_uart_init.o)
                0x00014c04                altera_avalon_jtag_uart_init
                0x00015114                altera_avalon_jtag_uart_close
 .text          0x00015188       0xf4 ../VMC_bsp/\libucosii_bsp.a(altera_avalon_jtag_uart_ioctl.o)
                0x00015188                altera_avalon_jtag_uart_ioctl
 .text          0x0001527c      0x2c0 ../VMC_bsp/\libucosii_bsp.a(altera_avalon_jtag_uart_read.o)
                0x0001527c                altera_avalon_jtag_uart_read
 .text          0x0001553c      0x2dc ../VMC_bsp/\libucosii_bsp.a(altera_avalon_jtag_uart_write.o)
                0x0001553c                altera_avalon_jtag_uart_write
 .text          0x00015818      0x100 ../VMC_bsp/\libucosii_bsp.a(altera_avalon_timer_sc.o)
                0x00015888                alt_avalon_timer_sc_init
 .text          0x00015918      0x6d4 ../VMC_bsp/\libucosii_bsp.a(epcs_commands.o)
                0x00015918                epcs_read_status_register
                0x00015978                epcs_sector_erase
                0x00015ae0                epcs_read_buffer
                0x00015c2c                epcs_write_enable
                0x00015c7c                epcs_write_status_register
                0x00015ce0                epcs_write_buffer
                0x00015e50                epcs_read_electronic_signature
                0x00015ebc                epcs_read_device_id
                0x00015f3c                epcs_enter_4_bytes_mode
                0x00015f94                epcs_exit_4_bytes_mode
 .text          0x00015fec      0x154 ../VMC_bsp/\libucosii_bsp.a(alt_alarm_start.o)
                0x00015fec                alt_alarm_start
 .text          0x00016140       0x44 ../VMC_bsp/\libucosii_bsp.a(alt_dcache_flush_all.o)
                0x00016140                alt_dcache_flush_all
 .text          0x00016184      0x114 ../VMC_bsp/\libucosii_bsp.a(alt_dev_llist_insert.o)
                0x00016184                alt_dev_llist_insert
 .text          0x00016298       0x64 ../VMC_bsp/\libucosii_bsp.a(alt_do_ctors.o)
                0x00016298                _do_ctors
 .text          0x000162fc       0x64 ../VMC_bsp/\libucosii_bsp.a(alt_do_dtors.o)
                0x000162fc                _do_dtors
 .text          0x00016360       0xd0 ../VMC_bsp/\libucosii_bsp.a(alt_flash_dev.o)
                0x00016360                alt_flash_open_dev
                0x000163dc                alt_flash_close_dev
 .text          0x00016430       0x30 ../VMC_bsp/\libucosii_bsp.a(alt_icache_flush_all.o)
                0x00016430                alt_icache_flush_all
 .text          0x00016460      0x1d4 ../VMC_bsp/\libucosii_bsp.a(alt_iic.o)
                0x00016460                alt_ic_isr_register
                0x000164b0                alt_ic_irq_enable
                0x0001654c                alt_ic_irq_disable
                0x000165ec                alt_ic_irq_enabled
 .text          0x00016634       0xf8 ../VMC_bsp/\libucosii_bsp.a(alt_iic_isr_register.o)
                0x00016634                alt_iic_isr_register
 .text          0x0001672c      0x13c ../VMC_bsp/\libucosii_bsp.a(alt_io_redirect.o)
                0x000167f0                alt_io_redirect
 .text          0x00016868        0x0 ../VMC_bsp/\libucosii_bsp.a(alt_irq_entry.o)
 .text          0x00016868        0x0 ../VMC_bsp/\libucosii_bsp.a(alt_irq_handler.o)
 .text          0x00016868        0x0 ../VMC_bsp/\libucosii_bsp.a(alt_irq_vars.o)
 .text          0x00016868      0x2c4 ../VMC_bsp/\libucosii_bsp.a(alt_open.o)
                0x00016944                open
 .text          0x00016b2c      0x1a8 ../VMC_bsp/\libucosii_bsp.a(alt_tick.o)
                0x00016b2c                alt_alarm_stop
                0x00016bc4                alt_tick
 .text          0x00016cd4       0x20 ../VMC_bsp/\libucosii_bsp.a(altera_nios2_irq.o)
                0x00016cd4                altera_nios2_irq_init
 .text          0x00016cf4       0xd0 ../VMC_bsp/\libucosii_bsp.a(os_cpu_a.o)
                0x00016cf4                OSCtxSw
                0x00016cf4                OSIntCtxSw
                0x00016d80                OSStartHighRdy
                0x00016da0                OSStartTsk
 .text          0x00016dc4      0x418 ../VMC_bsp/\libucosii_bsp.a(os_cpu_c.o)
                0x00016dc4                OSTaskStkInit
                0x000170d4                OSTaskCreateHook
                0x000170f4                OSTaskDelHook
                0x00017114                OSTaskSwHook
                0x00017130                OSTaskStatHook
                0x0001714c                OSTimeTickHook
                0x00017168                OSInitHookBegin
                0x00017184                OSInitHookEnd
                0x000171a0                OSTaskIdleHook
                0x000171bc                OSTCBInitHook
 .text          0x000171dc      0x238 ../VMC_bsp/\libucosii_bsp.a(altera_avalon_spi.o)
                0x000171dc                alt_avalon_spi_command
 .text          0x00017414        0x0 ../VMC_bsp/\libucosii_bsp.a(alt_exception_entry.o)
 .text          0x00017414       0x94 ../VMC_bsp/\libucosii_bsp.a(alt_find_dev.o)
                0x00017414                alt_find_dev
 .text          0x000174a8      0x120 ../VMC_bsp/\libucosii_bsp.a(alt_find_file.o)
                0x000174a8                alt_find_file
 .text          0x000175c8       0xf4 ../VMC_bsp/\libucosii_bsp.a(alt_get_fd.o)
                0x000175c8                alt_get_fd
 .text          0x000176bc       0x90 ../VMC_bsp/\libucosii_bsp.a(alt_icache_flush.o)
                0x000176bc                alt_icache_flush
 .text          0x0001774c       0x14 c:/altera/12.1sp1/nios2eds/bin/gnu/h-i686-mingw32/bin/../lib/gcc/nios2-elf/4.1.2/../../../../nios2-elf/lib\libc.a(lib_a-atexit.o)
                0x0001774c                atexit
 .text          0x00017760       0x38 c:/altera/12.1sp1/nios2eds/bin/gnu/h-i686-mingw32/bin/../lib/gcc/nios2-elf/4.1.2/../../../../nios2-elf/lib\libc.a(lib_a-exit.o)
                0x00017760                exit
 .text          0x00017798       0x74 c:/altera/12.1sp1/nios2eds/bin/gnu/h-i686-mingw32/bin/../lib/gcc/nios2-elf/4.1.2/../../../../nios2-elf/lib\libc.a(lib_a-memcmp.o)
                0x00017798                memcmp
 .text          0x0001780c      0x134 c:/altera/12.1sp1/nios2eds/bin/gnu/h-i686-mingw32/bin/../lib/gcc/nios2-elf/4.1.2/../../../../nios2-elf/lib\libc.a(lib_a-__atexit.o)
                0x0001780c                __register_exitproc
 .text          0x00017940      0x1b4 c:/altera/12.1sp1/nios2eds/bin/gnu/h-i686-mingw32/bin/../lib/gcc/nios2-elf/4.1.2/../../../../nios2-elf/lib\libc.a(lib_a-__call_atexit.o)
                0x00017944                __call_exitprocs
 .text          0x00017af4       0x6c ../VMC_bsp/\libucosii_bsp.a(alt_exit.o)
                0x00017b34                _exit
 *(.gnu.warning.*)
 *(.fini)
                0x00017b60                PROVIDE (__etext, ABSOLUTE (.))
                0x00017b60                PROVIDE (_etext, ABSOLUTE (.))
                0x00017b60                PROVIDE (etext, ABSOLUTE (.))
 *(.eh_frame_hdr)
                0x00017b60                . = ALIGN (0x4)
                0x00017b60                PROVIDE (__preinit_array_start, ABSOLUTE (.))
 *(.preinit_array)
                0x00017b60                PROVIDE (__preinit_array_end, ABSOLUTE (.))
                0x00017b60                PROVIDE (__init_array_start, ABSOLUTE (.))
 *(.init_array)
                0x00017b60                PROVIDE (__init_array_end, ABSOLUTE (.))
                0x00017b60                PROVIDE (__fini_array_start, ABSOLUTE (.))
 *(.fini_array)
                0x00017b60                PROVIDE (__fini_array_end, ABSOLUTE (.))
 *(.eh_frame)
 *(.gcc_except_table)
 *(.dynamic)
                0x00017b60                PROVIDE (__CTOR_LIST__, ABSOLUTE (.))
 *(.ctors)
 *(SORT(.ctors.*))
 .ctors.65535   0x00017b60        0x4 c:/altera/12.1sp1/nios2eds/bin/gnu/h-i686-mingw32/bin/../lib/gcc/nios2-elf/4.1.2/../../../../nios2-elf/lib\libc.a(lib_a-__call_atexit.o)
                0x00017b64                PROVIDE (__CTOR_END__, ABSOLUTE (.))
                0x00017b64                PROVIDE (__DTOR_LIST__, ABSOLUTE (.))
 *(.dtors)
 *(SORT(.dtors.*))
                0x00017b64                PROVIDE (__DTOR_END__, ABSOLUTE (.))
 *(.jcr)
                0x00017b64                . = ALIGN (0x4)

.rodata         0x00017b64      0x558
                0x00017b64                PROVIDE (__ram_rodata_start, ABSOLUTE (.))
                0x00017b64                . = ALIGN (0x4)
 *(.rodata .rodata.* .gnu.linkonce.r.*)
 .rodata        0x00017b64       0xdc obj/default/VMC.o
 .rodata        0x00017c40       0x10 c:/altera/12.1sp1/nios2eds/bin/gnu/h-i686-mingw32/bin/../lib/gcc/nios2-elf/4.1.2\libgcc.a(_thenan_sf.o)
                0x00017c40                __thenan_sf
 .rodata        0x00017c50       0x14 c:/altera/12.1sp1/nios2eds/bin/gnu/h-i686-mingw32/bin/../lib/gcc/nios2-elf/4.1.2\libgcc.a(_thenan_df.o)
                0x00017c50                __thenan_df
 .rodata        0x00017c64      0x100 c:/altera/12.1sp1/nios2eds/bin/gnu/h-i686-mingw32/bin/../lib/gcc/nios2-elf/4.1.2\libgcc.a(_clz.o)
                0x00017c64                __clz_tab
 .rodata.str1.4
                0x00017d64        0x2 c:/altera/12.1sp1/nios2eds/bin/gnu/h-i686-mingw32/bin/../lib/gcc/nios2-elf/4.1.2/../../../../nios2-elf/lib\libc.a(lib_a-puts.o)
                                  0x4 (size before relaxing)
 *fill*         0x00017d66        0x2 00
 .rodata.str1.4
                0x00017d68       0x5e c:/altera/12.1sp1/nios2eds/bin/gnu/h-i686-mingw32/bin/../lib/gcc/nios2-elf/4.1.2/../../../../nios2-elf/lib\libc.a(lib_a-vfprintf.o)
                                 0x60 (size before relaxing)
 .rodata        0x00017dc6       0x20 c:/altera/12.1sp1/nios2eds/bin/gnu/h-i686-mingw32/bin/../lib/gcc/nios2-elf/4.1.2/../../../../nios2-elf/lib\libc.a(lib_a-vfprintf.o)
 *fill*         0x00017de6        0x2 00
 .rodata.str1.4
                0x00017de8       0x10 c:/altera/12.1sp1/nios2eds/bin/gnu/h-i686-mingw32/bin/../lib/gcc/nios2-elf/4.1.2/../../../../nios2-elf/lib\libc.a(lib_a-dtoa.o)
                                 0x14 (size before relaxing)
 .rodata.str1.4
                0x00017df8        0x2 c:/altera/12.1sp1/nios2eds/bin/gnu/h-i686-mingw32/bin/../lib/gcc/nios2-elf/4.1.2/../../../../nios2-elf/lib\libc.a(lib_a-impure.o)
                                  0x4 (size before relaxing)
 *fill*         0x00017dfa        0x2 00
 .rodata.str1.4
                0x00017dfc       0x10 c:/altera/12.1sp1/nios2eds/bin/gnu/h-i686-mingw32/bin/../lib/gcc/nios2-elf/4.1.2/../../../../nios2-elf/lib\libc.a(lib_a-locale.o)
                                 0x18 (size before relaxing)
 .rodata        0x00017e0c       0x30 c:/altera/12.1sp1/nios2eds/bin/gnu/h-i686-mingw32/bin/../lib/gcc/nios2-elf/4.1.2/../../../../nios2-elf/lib\libc.a(lib_a-locale.o)
 .rodata        0x00017e3c      0x124 c:/altera/12.1sp1/nios2eds/bin/gnu/h-i686-mingw32/bin/../lib/gcc/nios2-elf/4.1.2/../../../../nios2-elf/lib\libc.a(lib_a-mprec.o)
                0x00017e3c                __mprec_tens
                0x00017f04                __mprec_bigtens
                0x00017f2c                __mprec_tinytens
 .rodata        0x00017f60        0xc ../VMC_bsp/\libucosii_bsp.a(alt_dev.o)
 .rodata        0x00017f6c       0x10 ../VMC_bsp/\libucosii_bsp.a(alt_main.o)
 .rodata        0x00017f7c      0x120 ../VMC_bsp/\libucosii_bsp.a(os_core.o)
                0x00017f7c                OSUnMapTbl
 .rodata        0x0001809c       0x1c ../VMC_bsp/\libucosii_bsp.a(alt_sys_init.o)
 .rodata        0x000180b8        0x4 ../VMC_bsp/\libucosii_bsp.a(os_cpu_c.o)
 *(.rodata1)
                0x000180bc                . = ALIGN (0x4)
                0x000180bc                PROVIDE (__ram_rodata_end, ABSOLUTE (.))
                0x00017b64                PROVIDE (__flash_rodata_start, LOADADDR (.rodata))

.rwdata         0x000180bc     0x1bb4 load address 0x00019c70
                0x000180bc                PROVIDE (__ram_rwdata_start, ABSOLUTE (.))
                0x000180bc                . = ALIGN (0x4)
 *(.got.plt)
 *(.got)
 *(.data1)
 *(.data .data.* .gnu.linkonce.d.*)
 .data          0x000180bc        0x0 ../VMC_bsp//obj/HAL/src/crt0.o
 .data          0x000180bc        0x0 obj/default/MPU6050/mpu6050.o
 .data          0x000180bc        0x0 obj/default/VMC.o
 .data          0x000180bc        0x0 obj/default/head.o
 .data          0x000180bc        0x0 c:/altera/12.1sp1/nios2eds/bin/gnu/h-i686-mingw32/bin/../lib/gcc/nios2-elf/4.1.2\libgcc.a(_fixunssfsi.o)
 .data          0x000180bc        0x0 c:/altera/12.1sp1/nios2eds/bin/gnu/h-i686-mingw32/bin/../lib/gcc/nios2-elf/4.1.2\libgcc.a(_addsub_sf.o)
 .data          0x000180bc        0x0 c:/altera/12.1sp1/nios2eds/bin/gnu/h-i686-mingw32/bin/../lib/gcc/nios2-elf/4.1.2\libgcc.a(_mul_sf.o)
 .data          0x000180bc        0x0 c:/altera/12.1sp1/nios2eds/bin/gnu/h-i686-mingw32/bin/../lib/gcc/nios2-elf/4.1.2\libgcc.a(_div_sf.o)
 .data          0x000180bc        0x0 c:/altera/12.1sp1/nios2eds/bin/gnu/h-i686-mingw32/bin/../lib/gcc/nios2-elf/4.1.2\libgcc.a(_ge_sf.o)
 .data          0x000180bc        0x0 c:/altera/12.1sp1/nios2eds/bin/gnu/h-i686-mingw32/bin/../lib/gcc/nios2-elf/4.1.2\libgcc.a(_si_to_sf.o)
 .data          0x000180bc        0x0 c:/altera/12.1sp1/nios2eds/bin/gnu/h-i686-mingw32/bin/../lib/gcc/nios2-elf/4.1.2\libgcc.a(_sf_to_si.o)
 .data          0x000180bc        0x0 c:/altera/12.1sp1/nios2eds/bin/gnu/h-i686-mingw32/bin/../lib/gcc/nios2-elf/4.1.2\libgcc.a(_sf_to_df.o)
 .data          0x000180bc        0x0 c:/altera/12.1sp1/nios2eds/bin/gnu/h-i686-mingw32/bin/../lib/gcc/nios2-elf/4.1.2\libgcc.a(_thenan_sf.o)
 .data          0x000180bc        0x0 c:/altera/12.1sp1/nios2eds/bin/gnu/h-i686-mingw32/bin/../lib/gcc/nios2-elf/4.1.2\libgcc.a(_usi_to_sf.o)
 .data          0x000180bc        0x0 c:/altera/12.1sp1/nios2eds/bin/gnu/h-i686-mingw32/bin/../lib/gcc/nios2-elf/4.1.2\libgcc.a(_addsub_df.o)
 .data          0x000180bc        0x0 c:/altera/12.1sp1/nios2eds/bin/gnu/h-i686-mingw32/bin/../lib/gcc/nios2-elf/4.1.2\libgcc.a(_make_df.o)
 .data          0x000180bc        0x0 c:/altera/12.1sp1/nios2eds/bin/gnu/h-i686-mingw32/bin/../lib/gcc/nios2-elf/4.1.2\libgcc.a(_thenan_df.o)
 .data          0x000180bc        0x0 c:/altera/12.1sp1/nios2eds/bin/gnu/h-i686-mingw32/bin/../lib/gcc/nios2-elf/4.1.2\libgcc.a(lib2-divmod.o)
 .data          0x000180bc        0x0 c:/altera/12.1sp1/nios2eds/bin/gnu/h-i686-mingw32/bin/../lib/gcc/nios2-elf/4.1.2\libgcc.a(_muldi3.o)
 .data          0x000180bc        0x0 c:/altera/12.1sp1/nios2eds/bin/gnu/h-i686-mingw32/bin/../lib/gcc/nios2-elf/4.1.2\libgcc.a(_clzsi2.o)
 .data          0x000180bc        0x0 c:/altera/12.1sp1/nios2eds/bin/gnu/h-i686-mingw32/bin/../lib/gcc/nios2-elf/4.1.2\libgcc.a(_pack_sf.o)
 .data          0x000180bc        0x0 c:/altera/12.1sp1/nios2eds/bin/gnu/h-i686-mingw32/bin/../lib/gcc/nios2-elf/4.1.2\libgcc.a(_unpack_sf.o)
 .data          0x000180bc        0x0 c:/altera/12.1sp1/nios2eds/bin/gnu/h-i686-mingw32/bin/../lib/gcc/nios2-elf/4.1.2\libgcc.a(_fpcmp_parts_sf.o)
 .data          0x000180bc        0x0 c:/altera/12.1sp1/nios2eds/bin/gnu/h-i686-mingw32/bin/../lib/gcc/nios2-elf/4.1.2\libgcc.a(_pack_df.o)
 .data          0x000180bc        0x0 c:/altera/12.1sp1/nios2eds/bin/gnu/h-i686-mingw32/bin/../lib/gcc/nios2-elf/4.1.2\libgcc.a(_unpack_df.o)
 .data          0x000180bc        0x0 c:/altera/12.1sp1/nios2eds/bin/gnu/h-i686-mingw32/bin/../lib/gcc/nios2-elf/4.1.2\libgcc.a(_clz.o)
 .data          0x000180bc        0x0 c:/altera/12.1sp1/nios2eds/bin/gnu/h-i686-mingw32/bin/../lib/gcc/nios2-elf/4.1.2/../../../../nios2-elf/lib\libc.a(lib_a-printf.o)
 .data          0x000180bc        0x0 c:/altera/12.1sp1/nios2eds/bin/gnu/h-i686-mingw32/bin/../lib/gcc/nios2-elf/4.1.2/../../../../nios2-elf/lib\libc.a(lib_a-puts.o)
 .data          0x000180bc        0x0 c:/altera/12.1sp1/nios2eds/bin/gnu/h-i686-mingw32/bin/../lib/gcc/nios2-elf/4.1.2/../../../../nios2-elf/lib\libc.a(lib_a-strlen.o)
 .data          0x000180bc        0x0 c:/altera/12.1sp1/nios2eds/bin/gnu/h-i686-mingw32/bin/../lib/gcc/nios2-elf/4.1.2/../../../../nios2-elf/lib\libc.a(lib_a-vfprintf.o)
 .data          0x000180bc        0x0 c:/altera/12.1sp1/nios2eds/bin/gnu/h-i686-mingw32/bin/../lib/gcc/nios2-elf/4.1.2/../../../../nios2-elf/lib\libc.a(lib_a-wsetup.o)
 .data          0x000180bc        0x0 c:/altera/12.1sp1/nios2eds/bin/gnu/h-i686-mingw32/bin/../lib/gcc/nios2-elf/4.1.2/../../../../nios2-elf/lib\libc.a(lib_a-dtoa.o)
 .data          0x000180bc        0x0 c:/altera/12.1sp1/nios2eds/bin/gnu/h-i686-mingw32/bin/../lib/gcc/nios2-elf/4.1.2/../../../../nios2-elf/lib\libc.a(lib_a-fflush.o)
 .data          0x000180bc        0x0 c:/altera/12.1sp1/nios2eds/bin/gnu/h-i686-mingw32/bin/../lib/gcc/nios2-elf/4.1.2/../../../../nios2-elf/lib\libc.a(lib_a-findfp.o)
 .data          0x000180bc        0x0 c:/altera/12.1sp1/nios2eds/bin/gnu/h-i686-mingw32/bin/../lib/gcc/nios2-elf/4.1.2/../../../../nios2-elf/lib\libc.a(lib_a-freer.o)
 .data          0x000180bc        0x0 c:/altera/12.1sp1/nios2eds/bin/gnu/h-i686-mingw32/bin/../lib/gcc/nios2-elf/4.1.2/../../../../nios2-elf/lib\libc.a(lib_a-fvwrite.o)
 .data          0x000180bc        0x0 c:/altera/12.1sp1/nios2eds/bin/gnu/h-i686-mingw32/bin/../lib/gcc/nios2-elf/4.1.2/../../../../nios2-elf/lib\libc.a(lib_a-fwalk.o)
 .data          0x000180bc      0x400 c:/altera/12.1sp1/nios2eds/bin/gnu/h-i686-mingw32/bin/../lib/gcc/nios2-elf/4.1.2/../../../../nios2-elf/lib\libc.a(lib_a-impure.o)
 .data          0x000184bc        0xc c:/altera/12.1sp1/nios2eds/bin/gnu/h-i686-mingw32/bin/../lib/gcc/nios2-elf/4.1.2/../../../../nios2-elf/lib\libc.a(lib_a-locale.o)
                0x000184bc                __lc_ctype
 .data          0x000184c8        0x0 c:/altera/12.1sp1/nios2eds/bin/gnu/h-i686-mingw32/bin/../lib/gcc/nios2-elf/4.1.2/../../../../nios2-elf/lib\libc.a(lib_a-makebuf.o)
 .data          0x000184c8      0x408 c:/altera/12.1sp1/nios2eds/bin/gnu/h-i686-mingw32/bin/../lib/gcc/nios2-elf/4.1.2/../../../../nios2-elf/lib\libc.a(lib_a-mallocr.o)
                0x000184c8                __malloc_av_
 .data          0x000188d0        0x0 c:/altera/12.1sp1/nios2eds/bin/gnu/h-i686-mingw32/bin/../lib/gcc/nios2-elf/4.1.2/../../../../nios2-elf/lib\libc.a(lib_a-memchr.o)
 .data          0x000188d0        0x0 c:/altera/12.1sp1/nios2eds/bin/gnu/h-i686-mingw32/bin/../lib/gcc/nios2-elf/4.1.2/../../../../nios2-elf/lib\libc.a(lib_a-memcpy.o)
 .data          0x000188d0        0x0 c:/altera/12.1sp1/nios2eds/bin/gnu/h-i686-mingw32/bin/../lib/gcc/nios2-elf/4.1.2/../../../../nios2-elf/lib\libc.a(lib_a-memmove.o)
 .data          0x000188d0        0x0 c:/altera/12.1sp1/nios2eds/bin/gnu/h-i686-mingw32/bin/../lib/gcc/nios2-elf/4.1.2/../../../../nios2-elf/lib\libc.a(lib_a-memset.o)
 .data          0x000188d0        0x0 c:/altera/12.1sp1/nios2eds/bin/gnu/h-i686-mingw32/bin/../lib/gcc/nios2-elf/4.1.2/../../../../nios2-elf/lib\libc.a(lib_a-mprec.o)
 .data          0x000188d0        0x0 c:/altera/12.1sp1/nios2eds/bin/gnu/h-i686-mingw32/bin/../lib/gcc/nios2-elf/4.1.2/../../../../nios2-elf/lib\libc.a(lib_a-reallocr.o)
 .data          0x000188d0        0x0 c:/altera/12.1sp1/nios2eds/bin/gnu/h-i686-mingw32/bin/../lib/gcc/nios2-elf/4.1.2/../../../../nios2-elf/lib\libc.a(lib_a-s_isinfd.o)
 .data          0x000188d0        0x0 c:/altera/12.1sp1/nios2eds/bin/gnu/h-i686-mingw32/bin/../lib/gcc/nios2-elf/4.1.2/../../../../nios2-elf/lib\libc.a(lib_a-s_isnand.o)
 .data          0x000188d0        0x0 c:/altera/12.1sp1/nios2eds/bin/gnu/h-i686-mingw32/bin/../lib/gcc/nios2-elf/4.1.2/../../../../nios2-elf/lib\libc.a(lib_a-sbrkr.o)
 .data          0x000188d0        0x0 c:/altera/12.1sp1/nios2eds/bin/gnu/h-i686-mingw32/bin/../lib/gcc/nios2-elf/4.1.2/../../../../nios2-elf/lib\libc.a(lib_a-stdio.o)
 .data          0x000188d0        0x0 c:/altera/12.1sp1/nios2eds/bin/gnu/h-i686-mingw32/bin/../lib/gcc/nios2-elf/4.1.2/../../../../nios2-elf/lib\libc.a(lib_a-strcmp.o)
 .data          0x000188d0        0x0 c:/altera/12.1sp1/nios2eds/bin/gnu/h-i686-mingw32/bin/../lib/gcc/nios2-elf/4.1.2/../../../../nios2-elf/lib\libc.a(lib_a-writer.o)
 .data          0x000188d0        0x0 c:/altera/12.1sp1/nios2eds/bin/gnu/h-i686-mingw32/bin/../lib/gcc/nios2-elf/4.1.2/../../../../nios2-elf/lib\libc.a(lib_a-callocr.o)
 .data          0x000188d0        0x0 c:/altera/12.1sp1/nios2eds/bin/gnu/h-i686-mingw32/bin/../lib/gcc/nios2-elf/4.1.2/../../../../nios2-elf/lib\libc.a(lib_a-closer.o)
 .data          0x000188d0        0x0 c:/altera/12.1sp1/nios2eds/bin/gnu/h-i686-mingw32/bin/../lib/gcc/nios2-elf/4.1.2/../../../../nios2-elf/lib\libc.a(lib_a-fclose.o)
 .data          0x000188d0        0x0 c:/altera/12.1sp1/nios2eds/bin/gnu/h-i686-mingw32/bin/../lib/gcc/nios2-elf/4.1.2/../../../../nios2-elf/lib\libc.a(lib_a-fstatr.o)
 .data          0x000188d0        0x0 c:/altera/12.1sp1/nios2eds/bin/gnu/h-i686-mingw32/bin/../lib/gcc/nios2-elf/4.1.2/../../../../nios2-elf/lib\libc.a(lib_a-int_errno.o)
 .data          0x000188d0        0x0 c:/altera/12.1sp1/nios2eds/bin/gnu/h-i686-mingw32/bin/../lib/gcc/nios2-elf/4.1.2/../../../../nios2-elf/lib\libc.a(lib_a-isattyr.o)
 .data          0x000188d0        0x0 c:/altera/12.1sp1/nios2eds/bin/gnu/h-i686-mingw32/bin/../lib/gcc/nios2-elf/4.1.2/../../../../nios2-elf/lib\libc.a(lib_a-lseekr.o)
 .data          0x000188d0        0x0 c:/altera/12.1sp1/nios2eds/bin/gnu/h-i686-mingw32/bin/../lib/gcc/nios2-elf/4.1.2/../../../../nios2-elf/lib\libc.a(lib_a-readr.o)
 .data          0x000188d0        0x0 c:/altera/12.1sp1/nios2eds/bin/gnu/h-i686-mingw32/bin/../lib/gcc/nios2-elf/4.1.2\libgcc.a(_udivdi3.o)
 .data          0x000188d0        0x0 c:/altera/12.1sp1/nios2eds/bin/gnu/h-i686-mingw32/bin/../lib/gcc/nios2-elf/4.1.2\libgcc.a(_umoddi3.o)
 .data          0x000188d0        0x0 c:/altera/12.1sp1/nios2eds/bin/gnu/h-i686-mingw32/bin/../lib/gcc/nios2-elf/4.1.2\libgcc.a(_mul_df.o)
 .data          0x000188d0        0x0 c:/altera/12.1sp1/nios2eds/bin/gnu/h-i686-mingw32/bin/../lib/gcc/nios2-elf/4.1.2\libgcc.a(_div_df.o)
 .data          0x000188d0        0x0 c:/altera/12.1sp1/nios2eds/bin/gnu/h-i686-mingw32/bin/../lib/gcc/nios2-elf/4.1.2\libgcc.a(_eq_df.o)
 .data          0x000188d0        0x0 c:/altera/12.1sp1/nios2eds/bin/gnu/h-i686-mingw32/bin/../lib/gcc/nios2-elf/4.1.2\libgcc.a(_ne_df.o)
 .data          0x000188d0        0x0 c:/altera/12.1sp1/nios2eds/bin/gnu/h-i686-mingw32/bin/../lib/gcc/nios2-elf/4.1.2\libgcc.a(_gt_df.o)
 .data          0x000188d0        0x0 c:/altera/12.1sp1/nios2eds/bin/gnu/h-i686-mingw32/bin/../lib/gcc/nios2-elf/4.1.2\libgcc.a(_ge_df.o)
 .data          0x000188d0        0x0 c:/altera/12.1sp1/nios2eds/bin/gnu/h-i686-mingw32/bin/../lib/gcc/nios2-elf/4.1.2\libgcc.a(_lt_df.o)
 .data          0x000188d0        0x0 c:/altera/12.1sp1/nios2eds/bin/gnu/h-i686-mingw32/bin/../lib/gcc/nios2-elf/4.1.2\libgcc.a(_si_to_df.o)
 .data          0x000188d0        0x0 c:/altera/12.1sp1/nios2eds/bin/gnu/h-i686-mingw32/bin/../lib/gcc/nios2-elf/4.1.2\libgcc.a(_df_to_si.o)
 .data          0x000188d0        0x0 c:/altera/12.1sp1/nios2eds/bin/gnu/h-i686-mingw32/bin/../lib/gcc/nios2-elf/4.1.2\libgcc.a(_usi_to_df.o)
 .data          0x000188d0        0x0 c:/altera/12.1sp1/nios2eds/bin/gnu/h-i686-mingw32/bin/../lib/gcc/nios2-elf/4.1.2\libgcc.a(_fpcmp_parts_df.o)
 .data          0x000188d0        0x0 ../VMC_bsp/\libucosii_bsp.a(alt_close.o)
 .data          0x000188d0      0x1a8 ../VMC_bsp/\libucosii_bsp.a(alt_dev.o)
                0x000188d0                alt_dev_null
                0x000188f8                alt_fd_list
 .data          0x00018a78        0x0 ../VMC_bsp/\libucosii_bsp.a(alt_errno.o)
 .data          0x00018a78        0x0 ../VMC_bsp/\libucosii_bsp.a(alt_fstat.o)
 .data          0x00018a78        0x0 ../VMC_bsp/\libucosii_bsp.a(alt_isatty.o)
 .data          0x00018a78        0x0 ../VMC_bsp/\libucosii_bsp.a(alt_load.o)
 .data          0x00018a78        0x0 ../VMC_bsp/\libucosii_bsp.a(alt_lseek.o)
 .data          0x00018a78        0x0 ../VMC_bsp/\libucosii_bsp.a(alt_main.o)
 .data          0x00018a78        0x0 ../VMC_bsp/\libucosii_bsp.a(alt_read.o)
 .data          0x00018a78        0x0 ../VMC_bsp/\libucosii_bsp.a(alt_release_fd.o)
 .data          0x00018a78        0x0 ../VMC_bsp/\libucosii_bsp.a(alt_sbrk.o)
 .data          0x00018a78        0x0 ../VMC_bsp/\libucosii_bsp.a(alt_write.o)
 .data          0x00018a78        0x0 ../VMC_bsp/\libucosii_bsp.a(alt_env_lock.o)
 .data          0x00018a78        0x0 ../VMC_bsp/\libucosii_bsp.a(alt_malloc_lock.o)
 .data          0x00018a78        0x0 ../VMC_bsp/\libucosii_bsp.a(os_core.o)
 .data          0x00018a78        0x0 ../VMC_bsp/\libucosii_bsp.a(os_dbg.o)
 .data          0x00018a78        0x0 ../VMC_bsp/\libucosii_bsp.a(os_flag.o)
 .data          0x00018a78        0x0 ../VMC_bsp/\libucosii_bsp.a(os_mem.o)
 .data          0x00018a78        0x0 ../VMC_bsp/\libucosii_bsp.a(os_q.o)
 .data          0x00018a78        0x0 ../VMC_bsp/\libucosii_bsp.a(os_sem.o)
 .data          0x00018a78        0x0 ../VMC_bsp/\libucosii_bsp.a(os_task.o)
 .data          0x00018a78        0x0 ../VMC_bsp/\libucosii_bsp.a(os_time.o)
 .data          0x00018a78     0x1134 ../VMC_bsp/\libucosii_bsp.a(alt_sys_init.o)
 .data          0x00019bac        0x0 ../VMC_bsp/\libucosii_bsp.a(altera_avalon_epcs_flash_controller.o)
 .data          0x00019bac        0x0 ../VMC_bsp/\libucosii_bsp.a(altera_avalon_jtag_uart_fd.o)
 .data          0x00019bac        0x0 ../VMC_bsp/\libucosii_bsp.a(altera_avalon_jtag_uart_init.o)
 .data          0x00019bac        0x0 ../VMC_bsp/\libucosii_bsp.a(altera_avalon_jtag_uart_ioctl.o)
 .data          0x00019bac        0x0 ../VMC_bsp/\libucosii_bsp.a(altera_avalon_jtag_uart_read.o)
 .data          0x00019bac        0x0 ../VMC_bsp/\libucosii_bsp.a(altera_avalon_jtag_uart_write.o)
 .data          0x00019bac        0x0 ../VMC_bsp/\libucosii_bsp.a(altera_avalon_timer_sc.o)
 .data          0x00019bac        0x0 ../VMC_bsp/\libucosii_bsp.a(epcs_commands.o)
 .data          0x00019bac        0x0 ../VMC_bsp/\libucosii_bsp.a(alt_alarm_start.o)
 .data          0x00019bac        0x0 ../VMC_bsp/\libucosii_bsp.a(alt_dcache_flush_all.o)
 .data          0x00019bac        0x0 ../VMC_bsp/\libucosii_bsp.a(alt_dev_llist_insert.o)
 .data          0x00019bac        0x0 ../VMC_bsp/\libucosii_bsp.a(alt_do_ctors.o)
 .data          0x00019bac        0x0 ../VMC_bsp/\libucosii_bsp.a(alt_do_dtors.o)
 .data          0x00019bac        0x0 ../VMC_bsp/\libucosii_bsp.a(alt_flash_dev.o)
 .data          0x00019bac        0x0 ../VMC_bsp/\libucosii_bsp.a(alt_icache_flush_all.o)
 .data          0x00019bac        0x0 ../VMC_bsp/\libucosii_bsp.a(alt_iic.o)
 .data          0x00019bac        0x0 ../VMC_bsp/\libucosii_bsp.a(alt_iic_isr_register.o)
 .data          0x00019bac        0x0 ../VMC_bsp/\libucosii_bsp.a(alt_io_redirect.o)
 .data          0x00019bac        0x0 ../VMC_bsp/\libucosii_bsp.a(alt_irq_entry.o)
 .data          0x00019bac        0x0 ../VMC_bsp/\libucosii_bsp.a(alt_irq_handler.o)
 .data          0x00019bac        0x0 ../VMC_bsp/\libucosii_bsp.a(alt_irq_vars.o)
 .data          0x00019bac        0x0 ../VMC_bsp/\libucosii_bsp.a(alt_open.o)
 .data          0x00019bac        0x0 ../VMC_bsp/\libucosii_bsp.a(alt_tick.o)
 .data          0x00019bac        0x0 ../VMC_bsp/\libucosii_bsp.a(altera_nios2_irq.o)
 .data          0x00019bac        0x0 ../VMC_bsp/\libucosii_bsp.a(os_cpu_a.o)
 .data          0x00019bac        0x0 ../VMC_bsp/\libucosii_bsp.a(os_cpu_c.o)
 .data          0x00019bac        0x0 ../VMC_bsp/\libucosii_bsp.a(altera_avalon_spi.o)
 .data          0x00019bac        0x0 ../VMC_bsp/\libucosii_bsp.a(alt_exception_entry.o)
 .data          0x00019bac        0x0 ../VMC_bsp/\libucosii_bsp.a(alt_find_dev.o)
 .data          0x00019bac        0x0 ../VMC_bsp/\libucosii_bsp.a(alt_find_file.o)
 .data          0x00019bac        0x0 ../VMC_bsp/\libucosii_bsp.a(alt_get_fd.o)
 .data          0x00019bac        0x0 ../VMC_bsp/\libucosii_bsp.a(alt_icache_flush.o)
 .data          0x00019bac        0x0 c:/altera/12.1sp1/nios2eds/bin/gnu/h-i686-mingw32/bin/../lib/gcc/nios2-elf/4.1.2/../../../../nios2-elf/lib\libc.a(lib_a-atexit.o)
 .data          0x00019bac        0x0 c:/altera/12.1sp1/nios2eds/bin/gnu/h-i686-mingw32/bin/../lib/gcc/nios2-elf/4.1.2/../../../../nios2-elf/lib\libc.a(lib_a-exit.o)
 .data          0x00019bac        0x0 c:/altera/12.1sp1/nios2eds/bin/gnu/h-i686-mingw32/bin/../lib/gcc/nios2-elf/4.1.2/../../../../nios2-elf/lib\libc.a(lib_a-memcmp.o)
 .data          0x00019bac        0x0 c:/altera/12.1sp1/nios2eds/bin/gnu/h-i686-mingw32/bin/../lib/gcc/nios2-elf/4.1.2/../../../../nios2-elf/lib\libc.a(lib_a-__atexit.o)
 .data          0x00019bac        0x0 c:/altera/12.1sp1/nios2eds/bin/gnu/h-i686-mingw32/bin/../lib/gcc/nios2-elf/4.1.2/../../../../nios2-elf/lib\libc.a(lib_a-__call_atexit.o)
 .data          0x00019bac        0x0 ../VMC_bsp/\libucosii_bsp.a(alt_exit.o)
                0x00021bac                _gp = ABSOLUTE ((. + 0x8000))
                0x00021bac                PROVIDE (gp, _gp)
 *(.rwdata .rwdata.*)
 *(.sdata .sdata.* .gnu.linkonce.s.*)
 .sdata         0x00019bac        0x8 c:/altera/12.1sp1/nios2eds/bin/gnu/h-i686-mingw32/bin/../lib/gcc/nios2-elf/4.1.2/../../../../nios2-elf/lib\libc.a(lib_a-impure.o)
                0x00019bac                _impure_ptr
                0x00019bb0                _global_impure_ptr
 .sdata         0x00019bb4        0x8 c:/altera/12.1sp1/nios2eds/bin/gnu/h-i686-mingw32/bin/../lib/gcc/nios2-elf/4.1.2/../../../../nios2-elf/lib\libc.a(lib_a-locale.o)
                0x00019bb4                __mb_cur_max
 .sdata         0x00019bbc        0x8 c:/altera/12.1sp1/nios2eds/bin/gnu/h-i686-mingw32/bin/../lib/gcc/nios2-elf/4.1.2/../../../../nios2-elf/lib\libc.a(lib_a-mallocr.o)
                0x00019bbc                __malloc_trim_threshold
                0x00019bc0                __malloc_sbrk_base
 .sdata         0x00019bc4       0x14 ../VMC_bsp/\libucosii_bsp.a(alt_dev.o)
                0x00019bc4                alt_fs_list
                0x00019bcc                alt_dev_list
                0x00019bd4                alt_max_fd
 .sdata         0x00019bd8        0x4 ../VMC_bsp/\libucosii_bsp.a(alt_errno.o)
                0x00019bd8                alt_errno
 .sdata         0x00019bdc        0x4 ../VMC_bsp/\libucosii_bsp.a(alt_sbrk.o)
 .sdata         0x00019be0        0x4 ../VMC_bsp/\libucosii_bsp.a(alt_env_lock.o)
 .sdata         0x00019be4        0x4 ../VMC_bsp/\libucosii_bsp.a(alt_malloc_lock.o)
 .sdata         0x00019be8       0x74 ../VMC_bsp/\libucosii_bsp.a(os_dbg.o)
                0x00019be8                OSDebugEn
                0x00019bec                OSEndiannessTest
                0x00019bf0                OSEventEn
                0x00019bf2                OSEventMax
                0x00019bf4                OSEventNameSize
                0x00019bf6                OSEventSize
                0x00019bf8                OSEventTblSize
                0x00019bfa                OSEventMultiEn
                0x00019bfc                OSFlagEn
                0x00019bfe                OSFlagGrpSize
                0x00019c00                OSFlagNodeSize
                0x00019c02                OSFlagWidth
                0x00019c04                OSFlagMax
                0x00019c06                OSFlagNameSize
                0x00019c08                OSLowestPrio
                0x00019c0a                OSMboxEn
                0x00019c0c                OSMemEn
                0x00019c0e                OSMemMax
                0x00019c10                OSMemNameSize
                0x00019c12                OSMemSize
                0x00019c14                OSMemTblSize
                0x00019c16                OSMutexEn
                0x00019c18                OSPtrSize
                0x00019c1a                OSQEn
                0x00019c1c                OSQMax
                0x00019c1e                OSQSize
                0x00019c20                OSRdyTblSize
                0x00019c22                OSSemEn
                0x00019c24                OSStkWidth
                0x00019c26                OSTaskCreateEn
                0x00019c28                OSTaskCreateExtEn
                0x00019c2a                OSTaskDelEn
                0x00019c2c                OSTaskIdleStkSize
                0x00019c2e                OSTaskProfileEn
                0x00019c30                OSTaskMax
                0x00019c32                OSTaskNameSize
                0x00019c34                OSTaskStatEn
                0x00019c36                OSTaskStatStkSize
                0x00019c38                OSTaskStatStkChkEn
                0x00019c3a                OSTaskSwHookEn
                0x00019c3c                OSTCBPrioTblMax
                0x00019c3e                OSTCBSize
                0x00019c40                OSTicksPerSec
                0x00019c42                OSTimeTickHookEn
                0x00019c44                OSVersionNbr
                0x00019c46                OSTmrEn
                0x00019c48                OSTmrCfgMax
                0x00019c4a                OSTmrCfgNameSize
                0x00019c4c                OSTmrCfgWheelSize
                0x00019c4e                OSTmrCfgTicksPerSec
                0x00019c50                OSTmrSize
                0x00019c52                OSTmrTblSize
                0x00019c54                OSTmrWheelSize
                0x00019c56                OSTmrWheelTblSize
                0x00019c58                OSDataSize
 .sdata         0x00019c5c        0x8 ../VMC_bsp/\libucosii_bsp.a(alt_flash_dev.o)
                0x00019c5c                alt_flash_dev_list
 .sdata         0x00019c64        0x4 ../VMC_bsp/\libucosii_bsp.a(alt_irq_vars.o)
                0x00019c64                alt_priority_mask
 .sdata         0x00019c68        0x8 ../VMC_bsp/\libucosii_bsp.a(alt_tick.o)
                0x00019c68                alt_alarm_list
 *(.sdata2 .sdata2.* .gnu.linkonce.s2.*)
                0x00019c70                . = ALIGN (0x4)
                0x00019c70                _edata = ABSOLUTE (.)
                0x00019c70                PROVIDE (edata, ABSOLUTE (.))
                0x00019c70                PROVIDE (__ram_rwdata_end, ABSOLUTE (.))
                0x00019c70                PROVIDE (__flash_rwdata_start, LOADADDR (.rwdata))

.bss            0x0001b824     0x9638
                0x0001b824                __bss_start = ABSOLUTE (.)
                0x0001b824                PROVIDE (__sbss_start, ABSOLUTE (.))
                0x0001b824                PROVIDE (___sbss_start, ABSOLUTE (.))
 *(.dynsbss)
 *(.sbss .sbss.* .gnu.linkonce.sb.*)
 .sbss          0x0001b824       0x5c obj/default/MPU6050/mpu6050.o
                0x0001b824                pI2CDataAvailable
                0x0001b828                pRearRightEncRead
                0x0001b82c                pFrontLeftEncRead
                0x0001b830                pHc_sr04
                0x0001b834                pFrontRightDutySet
                0x0001b838                pRearRightEncSet
                0x0001b83c                pI2CRegWriteData
                0x0001b840                c
                0x0001b844                pUltraSoundArray
                0x0001b848                pFrontLeftEncSet
                0x0001b84c                pFrontRightEncRead
                0x0001b850                pI2CDataLen
                0x0001b854                uPwmPeriod
                0x0001b858                pFrontLeftDutySet
                0x0001b85c                pI2C
                0x0001b860                pRearLeftEncSet
                0x0001b864                pFrontRightEncSet
                0x0001b868                pRearLeftEncRead
                0x0001b86c                pRearLeftDutySet
                0x0001b870                pRearRightDutySet
                0x0001b874                pwm_enable
                0x0001b878                pI2CCmd
                0x0001b87c                pI2CReg
 .sbss          0x0001b880        0x4 obj/default/VMC.o
                0x0001b880                desired_speed
 .sbss          0x0001b884        0xc c:/altera/12.1sp1/nios2eds/bin/gnu/h-i686-mingw32/bin/../lib/gcc/nios2-elf/4.1.2/../../../../nios2-elf/lib\libc.a(lib_a-locale.o)
                0x0001b884                __nlocale_changed
                0x0001b888                __mlocale_changed
                0x0001b88c                _PathLocale
 .sbss          0x0001b890        0xc c:/altera/12.1sp1/nios2eds/bin/gnu/h-i686-mingw32/bin/../lib/gcc/nios2-elf/4.1.2/../../../../nios2-elf/lib\libc.a(lib_a-mallocr.o)
                0x0001b890                __malloc_top_pad
                0x0001b894                __malloc_max_sbrked_mem
                0x0001b898                __malloc_max_total_mem
 .sbss          0x0001b89c        0x4 c:/altera/12.1sp1/nios2eds/bin/gnu/h-i686-mingw32/bin/../lib/gcc/nios2-elf/4.1.2/../../../../nios2-elf/lib\libc.a(lib_a-int_errno.o)
                0x0001b89c                errno
 .sbss          0x0001b8a0        0x4 ../VMC_bsp/\libucosii_bsp.a(alt_dev.o)
                0x0001b8a0                alt_fd_list_lock
 .sbss          0x0001b8a4        0xc ../VMC_bsp/\libucosii_bsp.a(alt_main.o)
                0x0001b8a4                alt_argc
                0x0001b8a8                alt_argv
                0x0001b8ac                alt_envp
 .sbss          0x0001b8b0        0x8 ../VMC_bsp/\libucosii_bsp.a(alt_env_lock.o)
                0x0001b8b4                alt_envsem
 .sbss          0x0001b8b8        0x8 ../VMC_bsp/\libucosii_bsp.a(alt_malloc_lock.o)
                0x0001b8bc                alt_heapsem
 .sbss          0x0001b8c0       0x50 ../VMC_bsp/\libucosii_bsp.a(os_core.o)
                0x0001b8c0                OSLockNesting
                0x0001b8c1                OSRunning
                0x0001b8c4                OSIdleCtr
                0x0001b8c8                OSPrioHighRdy
                0x0001b8c9                OSPrioCur
                0x0001b8cc                OSTCBList
                0x0001b8d0                OSTickStepState
                0x0001b8d4                OSCtxSwCtr
                0x0001b8d8                OSIdleCtrMax
                0x0001b8dc                OSTCBFreeList
                0x0001b8e0                OSCPUUsage
                0x0001b8e1                OSTaskCtr
                0x0001b8e4                OSMemFreeList
                0x0001b8e8                OSTCBHighRdy
                0x0001b8ec                OSQFreeList
                0x0001b8f0                OSRdyGrp
                0x0001b8f1                OSRdyTbl
                0x0001b8f4                OSEventFreeList
                0x0001b8f8                OSIntNesting
                0x0001b8fc                OSTCBCur
                0x0001b900                OSTime
                0x0001b904                OSFlagFreeList
                0x0001b908                OSStatRdy
                0x0001b90c                OSIdleCtrRun
 .sbss          0x0001b910        0x4 ../VMC_bsp/\libucosii_bsp.a(alt_irq_vars.o)
                0x0001b910                alt_irq_active
 .sbss          0x0001b914        0x8 ../VMC_bsp/\libucosii_bsp.a(alt_tick.o)
                0x0001b914                _alt_tick_rate
                0x0001b918                _alt_nticks
 *(.sbss2 .sbss2.* .gnu.linkonce.sb2.*)
 *(.scommon)
                0x0001b91c                PROVIDE (__sbss_end, ABSOLUTE (.))
                0x0001b91c                PROVIDE (___sbss_end, ABSOLUTE (.))
 *(.dynbss)
 *(.bss .bss.* .gnu.linkonce.b.*)
 .bss           0x0001b91c        0x0 ../VMC_bsp//obj/HAL/src/crt0.o
 .bss           0x0001b91c        0x0 obj/default/MPU6050/mpu6050.o
 .bss           0x0001b91c        0x0 obj/default/VMC.o
 .bss           0x0001b91c        0x0 obj/default/head.o
 .bss           0x0001b91c        0x0 c:/altera/12.1sp1/nios2eds/bin/gnu/h-i686-mingw32/bin/../lib/gcc/nios2-elf/4.1.2\libgcc.a(_fixunssfsi.o)
 .bss           0x0001b91c        0x0 c:/altera/12.1sp1/nios2eds/bin/gnu/h-i686-mingw32/bin/../lib/gcc/nios2-elf/4.1.2\libgcc.a(_addsub_sf.o)
 .bss           0x0001b91c        0x0 c:/altera/12.1sp1/nios2eds/bin/gnu/h-i686-mingw32/bin/../lib/gcc/nios2-elf/4.1.2\libgcc.a(_mul_sf.o)
 .bss           0x0001b91c        0x0 c:/altera/12.1sp1/nios2eds/bin/gnu/h-i686-mingw32/bin/../lib/gcc/nios2-elf/4.1.2\libgcc.a(_div_sf.o)
 .bss           0x0001b91c        0x0 c:/altera/12.1sp1/nios2eds/bin/gnu/h-i686-mingw32/bin/../lib/gcc/nios2-elf/4.1.2\libgcc.a(_ge_sf.o)
 .bss           0x0001b91c        0x0 c:/altera/12.1sp1/nios2eds/bin/gnu/h-i686-mingw32/bin/../lib/gcc/nios2-elf/4.1.2\libgcc.a(_si_to_sf.o)
 .bss           0x0001b91c        0x0 c:/altera/12.1sp1/nios2eds/bin/gnu/h-i686-mingw32/bin/../lib/gcc/nios2-elf/4.1.2\libgcc.a(_sf_to_si.o)
 .bss           0x0001b91c        0x0 c:/altera/12.1sp1/nios2eds/bin/gnu/h-i686-mingw32/bin/../lib/gcc/nios2-elf/4.1.2\libgcc.a(_sf_to_df.o)
 .bss           0x0001b91c        0x0 c:/altera/12.1sp1/nios2eds/bin/gnu/h-i686-mingw32/bin/../lib/gcc/nios2-elf/4.1.2\libgcc.a(_thenan_sf.o)
 .bss           0x0001b91c        0x0 c:/altera/12.1sp1/nios2eds/bin/gnu/h-i686-mingw32/bin/../lib/gcc/nios2-elf/4.1.2\libgcc.a(_usi_to_sf.o)
 .bss           0x0001b91c        0x0 c:/altera/12.1sp1/nios2eds/bin/gnu/h-i686-mingw32/bin/../lib/gcc/nios2-elf/4.1.2\libgcc.a(_addsub_df.o)
 .bss           0x0001b91c        0x0 c:/altera/12.1sp1/nios2eds/bin/gnu/h-i686-mingw32/bin/../lib/gcc/nios2-elf/4.1.2\libgcc.a(_make_df.o)
 .bss           0x0001b91c        0x0 c:/altera/12.1sp1/nios2eds/bin/gnu/h-i686-mingw32/bin/../lib/gcc/nios2-elf/4.1.2\libgcc.a(_thenan_df.o)
 .bss           0x0001b91c        0x0 c:/altera/12.1sp1/nios2eds/bin/gnu/h-i686-mingw32/bin/../lib/gcc/nios2-elf/4.1.2\libgcc.a(lib2-divmod.o)
 .bss           0x0001b91c        0x0 c:/altera/12.1sp1/nios2eds/bin/gnu/h-i686-mingw32/bin/../lib/gcc/nios2-elf/4.1.2\libgcc.a(_muldi3.o)
 .bss           0x0001b91c        0x0 c:/altera/12.1sp1/nios2eds/bin/gnu/h-i686-mingw32/bin/../lib/gcc/nios2-elf/4.1.2\libgcc.a(_clzsi2.o)
 .bss           0x0001b91c        0x0 c:/altera/12.1sp1/nios2eds/bin/gnu/h-i686-mingw32/bin/../lib/gcc/nios2-elf/4.1.2\libgcc.a(_pack_sf.o)
 .bss           0x0001b91c        0x0 c:/altera/12.1sp1/nios2eds/bin/gnu/h-i686-mingw32/bin/../lib/gcc/nios2-elf/4.1.2\libgcc.a(_unpack_sf.o)
 .bss           0x0001b91c        0x0 c:/altera/12.1sp1/nios2eds/bin/gnu/h-i686-mingw32/bin/../lib/gcc/nios2-elf/4.1.2\libgcc.a(_fpcmp_parts_sf.o)
 .bss           0x0001b91c        0x0 c:/altera/12.1sp1/nios2eds/bin/gnu/h-i686-mingw32/bin/../lib/gcc/nios2-elf/4.1.2\libgcc.a(_pack_df.o)
 .bss           0x0001b91c        0x0 c:/altera/12.1sp1/nios2eds/bin/gnu/h-i686-mingw32/bin/../lib/gcc/nios2-elf/4.1.2\libgcc.a(_unpack_df.o)
 .bss           0x0001b91c        0x0 c:/altera/12.1sp1/nios2eds/bin/gnu/h-i686-mingw32/bin/../lib/gcc/nios2-elf/4.1.2\libgcc.a(_clz.o)
 .bss           0x0001b91c        0x0 c:/altera/12.1sp1/nios2eds/bin/gnu/h-i686-mingw32/bin/../lib/gcc/nios2-elf/4.1.2/../../../../nios2-elf/lib\libc.a(lib_a-printf.o)
 .bss           0x0001b91c        0x0 c:/altera/12.1sp1/nios2eds/bin/gnu/h-i686-mingw32/bin/../lib/gcc/nios2-elf/4.1.2/../../../../nios2-elf/lib\libc.a(lib_a-puts.o)
 .bss           0x0001b91c        0x0 c:/altera/12.1sp1/nios2eds/bin/gnu/h-i686-mingw32/bin/../lib/gcc/nios2-elf/4.1.2/../../../../nios2-elf/lib\libc.a(lib_a-strlen.o)
 .bss           0x0001b91c        0x0 c:/altera/12.1sp1/nios2eds/bin/gnu/h-i686-mingw32/bin/../lib/gcc/nios2-elf/4.1.2/../../../../nios2-elf/lib\libc.a(lib_a-vfprintf.o)
 .bss           0x0001b91c        0x0 c:/altera/12.1sp1/nios2eds/bin/gnu/h-i686-mingw32/bin/../lib/gcc/nios2-elf/4.1.2/../../../../nios2-elf/lib\libc.a(lib_a-wsetup.o)
 .bss           0x0001b91c        0x0 c:/altera/12.1sp1/nios2eds/bin/gnu/h-i686-mingw32/bin/../lib/gcc/nios2-elf/4.1.2/../../../../nios2-elf/lib\libc.a(lib_a-dtoa.o)
 .bss           0x0001b91c        0x0 c:/altera/12.1sp1/nios2eds/bin/gnu/h-i686-mingw32/bin/../lib/gcc/nios2-elf/4.1.2/../../../../nios2-elf/lib\libc.a(lib_a-fflush.o)
 .bss           0x0001b91c        0x0 c:/altera/12.1sp1/nios2eds/bin/gnu/h-i686-mingw32/bin/../lib/gcc/nios2-elf/4.1.2/../../../../nios2-elf/lib\libc.a(lib_a-findfp.o)
 .bss           0x0001b91c        0x0 c:/altera/12.1sp1/nios2eds/bin/gnu/h-i686-mingw32/bin/../lib/gcc/nios2-elf/4.1.2/../../../../nios2-elf/lib\libc.a(lib_a-freer.o)
 .bss           0x0001b91c        0x0 c:/altera/12.1sp1/nios2eds/bin/gnu/h-i686-mingw32/bin/../lib/gcc/nios2-elf/4.1.2/../../../../nios2-elf/lib\libc.a(lib_a-fvwrite.o)
 .bss           0x0001b91c        0x0 c:/altera/12.1sp1/nios2eds/bin/gnu/h-i686-mingw32/bin/../lib/gcc/nios2-elf/4.1.2/../../../../nios2-elf/lib\libc.a(lib_a-fwalk.o)
 .bss           0x0001b91c        0x0 c:/altera/12.1sp1/nios2eds/bin/gnu/h-i686-mingw32/bin/../lib/gcc/nios2-elf/4.1.2/../../../../nios2-elf/lib\libc.a(lib_a-impure.o)
 .bss           0x0001b91c        0x0 c:/altera/12.1sp1/nios2eds/bin/gnu/h-i686-mingw32/bin/../lib/gcc/nios2-elf/4.1.2/../../../../nios2-elf/lib\libc.a(lib_a-locale.o)
 .bss           0x0001b91c        0x0 c:/altera/12.1sp1/nios2eds/bin/gnu/h-i686-mingw32/bin/../lib/gcc/nios2-elf/4.1.2/../../../../nios2-elf/lib\libc.a(lib_a-makebuf.o)
 .bss           0x0001b91c       0x28 c:/altera/12.1sp1/nios2eds/bin/gnu/h-i686-mingw32/bin/../lib/gcc/nios2-elf/4.1.2/../../../../nios2-elf/lib\libc.a(lib_a-mallocr.o)
                0x0001b91c                __malloc_current_mallinfo
 .bss           0x0001b944        0x0 c:/altera/12.1sp1/nios2eds/bin/gnu/h-i686-mingw32/bin/../lib/gcc/nios2-elf/4.1.2/../../../../nios2-elf/lib\libc.a(lib_a-memchr.o)
 .bss           0x0001b944        0x0 c:/altera/12.1sp1/nios2eds/bin/gnu/h-i686-mingw32/bin/../lib/gcc/nios2-elf/4.1.2/../../../../nios2-elf/lib\libc.a(lib_a-memcpy.o)
 .bss           0x0001b944        0x0 c:/altera/12.1sp1/nios2eds/bin/gnu/h-i686-mingw32/bin/../lib/gcc/nios2-elf/4.1.2/../../../../nios2-elf/lib\libc.a(lib_a-memmove.o)
 .bss           0x0001b944        0x0 c:/altera/12.1sp1/nios2eds/bin/gnu/h-i686-mingw32/bin/../lib/gcc/nios2-elf/4.1.2/../../../../nios2-elf/lib\libc.a(lib_a-memset.o)
 .bss           0x0001b944        0x0 c:/altera/12.1sp1/nios2eds/bin/gnu/h-i686-mingw32/bin/../lib/gcc/nios2-elf/4.1.2/../../../../nios2-elf/lib\libc.a(lib_a-mprec.o)
 .bss           0x0001b944        0x0 c:/altera/12.1sp1/nios2eds/bin/gnu/h-i686-mingw32/bin/../lib/gcc/nios2-elf/4.1.2/../../../../nios2-elf/lib\libc.a(lib_a-reallocr.o)
 .bss           0x0001b944        0x0 c:/altera/12.1sp1/nios2eds/bin/gnu/h-i686-mingw32/bin/../lib/gcc/nios2-elf/4.1.2/../../../../nios2-elf/lib\libc.a(lib_a-s_isinfd.o)
 .bss           0x0001b944        0x0 c:/altera/12.1sp1/nios2eds/bin/gnu/h-i686-mingw32/bin/../lib/gcc/nios2-elf/4.1.2/../../../../nios2-elf/lib\libc.a(lib_a-s_isnand.o)
 .bss           0x0001b944        0x0 c:/altera/12.1sp1/nios2eds/bin/gnu/h-i686-mingw32/bin/../lib/gcc/nios2-elf/4.1.2/../../../../nios2-elf/lib\libc.a(lib_a-sbrkr.o)
 .bss           0x0001b944        0x0 c:/altera/12.1sp1/nios2eds/bin/gnu/h-i686-mingw32/bin/../lib/gcc/nios2-elf/4.1.2/../../../../nios2-elf/lib\libc.a(lib_a-stdio.o)
 .bss           0x0001b944        0x0 c:/altera/12.1sp1/nios2eds/bin/gnu/h-i686-mingw32/bin/../lib/gcc/nios2-elf/4.1.2/../../../../nios2-elf/lib\libc.a(lib_a-strcmp.o)
 .bss           0x0001b944        0x0 c:/altera/12.1sp1/nios2eds/bin/gnu/h-i686-mingw32/bin/../lib/gcc/nios2-elf/4.1.2/../../../../nios2-elf/lib\libc.a(lib_a-writer.o)
 .bss           0x0001b944        0x0 c:/altera/12.1sp1/nios2eds/bin/gnu/h-i686-mingw32/bin/../lib/gcc/nios2-elf/4.1.2/../../../../nios2-elf/lib\libc.a(lib_a-callocr.o)
 .bss           0x0001b944        0x0 c:/altera/12.1sp1/nios2eds/bin/gnu/h-i686-mingw32/bin/../lib/gcc/nios2-elf/4.1.2/../../../../nios2-elf/lib\libc.a(lib_a-closer.o)
 .bss           0x0001b944        0x0 c:/altera/12.1sp1/nios2eds/bin/gnu/h-i686-mingw32/bin/../lib/gcc/nios2-elf/4.1.2/../../../../nios2-elf/lib\libc.a(lib_a-fclose.o)
 .bss           0x0001b944        0x0 c:/altera/12.1sp1/nios2eds/bin/gnu/h-i686-mingw32/bin/../lib/gcc/nios2-elf/4.1.2/../../../../nios2-elf/lib\libc.a(lib_a-fstatr.o)
 .bss           0x0001b944        0x0 c:/altera/12.1sp1/nios2eds/bin/gnu/h-i686-mingw32/bin/../lib/gcc/nios2-elf/4.1.2/../../../../nios2-elf/lib\libc.a(lib_a-int_errno.o)
 .bss           0x0001b944        0x0 c:/altera/12.1sp1/nios2eds/bin/gnu/h-i686-mingw32/bin/../lib/gcc/nios2-elf/4.1.2/../../../../nios2-elf/lib\libc.a(lib_a-isattyr.o)
 .bss           0x0001b944        0x0 c:/altera/12.1sp1/nios2eds/bin/gnu/h-i686-mingw32/bin/../lib/gcc/nios2-elf/4.1.2/../../../../nios2-elf/lib\libc.a(lib_a-lseekr.o)
 .bss           0x0001b944        0x0 c:/altera/12.1sp1/nios2eds/bin/gnu/h-i686-mingw32/bin/../lib/gcc/nios2-elf/4.1.2/../../../../nios2-elf/lib\libc.a(lib_a-readr.o)
 .bss           0x0001b944        0x0 c:/altera/12.1sp1/nios2eds/bin/gnu/h-i686-mingw32/bin/../lib/gcc/nios2-elf/4.1.2\libgcc.a(_udivdi3.o)
 .bss           0x0001b944        0x0 c:/altera/12.1sp1/nios2eds/bin/gnu/h-i686-mingw32/bin/../lib/gcc/nios2-elf/4.1.2\libgcc.a(_umoddi3.o)
 .bss           0x0001b944        0x0 c:/altera/12.1sp1/nios2eds/bin/gnu/h-i686-mingw32/bin/../lib/gcc/nios2-elf/4.1.2\libgcc.a(_mul_df.o)
 .bss           0x0001b944        0x0 c:/altera/12.1sp1/nios2eds/bin/gnu/h-i686-mingw32/bin/../lib/gcc/nios2-elf/4.1.2\libgcc.a(_div_df.o)
 .bss           0x0001b944        0x0 c:/altera/12.1sp1/nios2eds/bin/gnu/h-i686-mingw32/bin/../lib/gcc/nios2-elf/4.1.2\libgcc.a(_eq_df.o)
 .bss           0x0001b944        0x0 c:/altera/12.1sp1/nios2eds/bin/gnu/h-i686-mingw32/bin/../lib/gcc/nios2-elf/4.1.2\libgcc.a(_ne_df.o)
 .bss           0x0001b944        0x0 c:/altera/12.1sp1/nios2eds/bin/gnu/h-i686-mingw32/bin/../lib/gcc/nios2-elf/4.1.2\libgcc.a(_gt_df.o)
 .bss           0x0001b944        0x0 c:/altera/12.1sp1/nios2eds/bin/gnu/h-i686-mingw32/bin/../lib/gcc/nios2-elf/4.1.2\libgcc.a(_ge_df.o)
 .bss           0x0001b944        0x0 c:/altera/12.1sp1/nios2eds/bin/gnu/h-i686-mingw32/bin/../lib/gcc/nios2-elf/4.1.2\libgcc.a(_lt_df.o)
 .bss           0x0001b944        0x0 c:/altera/12.1sp1/nios2eds/bin/gnu/h-i686-mingw32/bin/../lib/gcc/nios2-elf/4.1.2\libgcc.a(_si_to_df.o)
 .bss           0x0001b944        0x0 c:/altera/12.1sp1/nios2eds/bin/gnu/h-i686-mingw32/bin/../lib/gcc/nios2-elf/4.1.2\libgcc.a(_df_to_si.o)
 .bss           0x0001b944        0x0 c:/altera/12.1sp1/nios2eds/bin/gnu/h-i686-mingw32/bin/../lib/gcc/nios2-elf/4.1.2\libgcc.a(_usi_to_df.o)
 .bss           0x0001b944        0x0 c:/altera/12.1sp1/nios2eds/bin/gnu/h-i686-mingw32/bin/../lib/gcc/nios2-elf/4.1.2\libgcc.a(_fpcmp_parts_df.o)
 .bss           0x0001b944        0x0 ../VMC_bsp/\libucosii_bsp.a(alt_close.o)
 .bss           0x0001b944        0x0 ../VMC_bsp/\libucosii_bsp.a(alt_dev.o)
 .bss           0x0001b944        0x0 ../VMC_bsp/\libucosii_bsp.a(alt_errno.o)
 .bss           0x0001b944        0x0 ../VMC_bsp/\libucosii_bsp.a(alt_fstat.o)
 .bss           0x0001b944        0x0 ../VMC_bsp/\libucosii_bsp.a(alt_isatty.o)
 .bss           0x0001b944        0x0 ../VMC_bsp/\libucosii_bsp.a(alt_load.o)
 .bss           0x0001b944        0x0 ../VMC_bsp/\libucosii_bsp.a(alt_lseek.o)
 .bss           0x0001b944        0x0 ../VMC_bsp/\libucosii_bsp.a(alt_main.o)
 .bss           0x0001b944        0x0 ../VMC_bsp/\libucosii_bsp.a(alt_read.o)
 .bss           0x0001b944        0x0 ../VMC_bsp/\libucosii_bsp.a(alt_release_fd.o)
 .bss           0x0001b944        0x0 ../VMC_bsp/\libucosii_bsp.a(alt_sbrk.o)
 .bss           0x0001b944        0x0 ../VMC_bsp/\libucosii_bsp.a(alt_write.o)
 .bss           0x0001b944        0x0 ../VMC_bsp/\libucosii_bsp.a(alt_env_lock.o)
 .bss           0x0001b944        0x0 ../VMC_bsp/\libucosii_bsp.a(alt_malloc_lock.o)
 .bss           0x0001b944        0x0 ../VMC_bsp/\libucosii_bsp.a(os_core.o)
 .bss           0x0001b944        0x0 ../VMC_bsp/\libucosii_bsp.a(os_dbg.o)
 .bss           0x0001b944        0x0 ../VMC_bsp/\libucosii_bsp.a(os_flag.o)
 .bss           0x0001b944        0x0 ../VMC_bsp/\libucosii_bsp.a(os_mem.o)
 .bss           0x0001b944        0x0 ../VMC_bsp/\libucosii_bsp.a(os_q.o)
 .bss           0x0001b944        0x0 ../VMC_bsp/\libucosii_bsp.a(os_sem.o)
 .bss           0x0001b944        0x0 ../VMC_bsp/\libucosii_bsp.a(os_task.o)
 .bss           0x0001b944        0x0 ../VMC_bsp/\libucosii_bsp.a(os_time.o)
 .bss           0x0001b944        0x0 ../VMC_bsp/\libucosii_bsp.a(alt_sys_init.o)
 .bss           0x0001b944        0x0 ../VMC_bsp/\libucosii_bsp.a(altera_avalon_epcs_flash_controller.o)
 .bss           0x0001b944        0x0 ../VMC_bsp/\libucosii_bsp.a(altera_avalon_jtag_uart_fd.o)
 .bss           0x0001b944        0x0 ../VMC_bsp/\libucosii_bsp.a(altera_avalon_jtag_uart_init.o)
 .bss           0x0001b944        0x0 ../VMC_bsp/\libucosii_bsp.a(altera_avalon_jtag_uart_ioctl.o)
 .bss           0x0001b944        0x0 ../VMC_bsp/\libucosii_bsp.a(altera_avalon_jtag_uart_read.o)
 .bss           0x0001b944        0x0 ../VMC_bsp/\libucosii_bsp.a(altera_avalon_jtag_uart_write.o)
 .bss           0x0001b944        0x0 ../VMC_bsp/\libucosii_bsp.a(altera_avalon_timer_sc.o)
 .bss           0x0001b944        0x0 ../VMC_bsp/\libucosii_bsp.a(epcs_commands.o)
 .bss           0x0001b944        0x0 ../VMC_bsp/\libucosii_bsp.a(alt_alarm_start.o)
 .bss           0x0001b944        0x0 ../VMC_bsp/\libucosii_bsp.a(alt_dcache_flush_all.o)
 .bss           0x0001b944        0x0 ../VMC_bsp/\libucosii_bsp.a(alt_dev_llist_insert.o)
 .bss           0x0001b944        0x0 ../VMC_bsp/\libucosii_bsp.a(alt_do_ctors.o)
 .bss           0x0001b944        0x0 ../VMC_bsp/\libucosii_bsp.a(alt_do_dtors.o)
 .bss           0x0001b944        0x0 ../VMC_bsp/\libucosii_bsp.a(alt_flash_dev.o)
 .bss           0x0001b944        0x0 ../VMC_bsp/\libucosii_bsp.a(alt_icache_flush_all.o)
 .bss           0x0001b944        0x0 ../VMC_bsp/\libucosii_bsp.a(alt_iic.o)
 .bss           0x0001b944        0x0 ../VMC_bsp/\libucosii_bsp.a(alt_iic_isr_register.o)
 .bss           0x0001b944        0x0 ../VMC_bsp/\libucosii_bsp.a(alt_io_redirect.o)
 .bss           0x0001b944        0x0 ../VMC_bsp/\libucosii_bsp.a(alt_irq_entry.o)
 .bss           0x0001b944        0x0 ../VMC_bsp/\libucosii_bsp.a(alt_irq_handler.o)
 .bss           0x0001b944        0x0 ../VMC_bsp/\libucosii_bsp.a(alt_irq_vars.o)
 .bss           0x0001b944        0x0 ../VMC_bsp/\libucosii_bsp.a(alt_open.o)
 .bss           0x0001b944        0x0 ../VMC_bsp/\libucosii_bsp.a(alt_tick.o)
 .bss           0x0001b944        0x0 ../VMC_bsp/\libucosii_bsp.a(altera_nios2_irq.o)
 .bss           0x0001b944        0x0 ../VMC_bsp/\libucosii_bsp.a(os_cpu_a.o)
 .bss           0x0001b944        0x0 ../VMC_bsp/\libucosii_bsp.a(os_cpu_c.o)
 .bss           0x0001b944        0x0 ../VMC_bsp/\libucosii_bsp.a(altera_avalon_spi.o)
 .bss           0x0001b944        0x0 ../VMC_bsp/\libucosii_bsp.a(alt_exception_entry.o)
 .bss           0x0001b944        0x0 ../VMC_bsp/\libucosii_bsp.a(alt_find_dev.o)
 .bss           0x0001b944        0x0 ../VMC_bsp/\libucosii_bsp.a(alt_find_file.o)
 .bss           0x0001b944        0x0 ../VMC_bsp/\libucosii_bsp.a(alt_get_fd.o)
 .bss           0x0001b944        0x0 ../VMC_bsp/\libucosii_bsp.a(alt_icache_flush.o)
 .bss           0x0001b944        0x0 c:/altera/12.1sp1/nios2eds/bin/gnu/h-i686-mingw32/bin/../lib/gcc/nios2-elf/4.1.2/../../../../nios2-elf/lib\libc.a(lib_a-atexit.o)
 .bss           0x0001b944        0x0 c:/altera/12.1sp1/nios2eds/bin/gnu/h-i686-mingw32/bin/../lib/gcc/nios2-elf/4.1.2/../../../../nios2-elf/lib\libc.a(lib_a-exit.o)
 .bss           0x0001b944        0x0 c:/altera/12.1sp1/nios2eds/bin/gnu/h-i686-mingw32/bin/../lib/gcc/nios2-elf/4.1.2/../../../../nios2-elf/lib\libc.a(lib_a-memcmp.o)
 .bss           0x0001b944        0x0 c:/altera/12.1sp1/nios2eds/bin/gnu/h-i686-mingw32/bin/../lib/gcc/nios2-elf/4.1.2/../../../../nios2-elf/lib\libc.a(lib_a-__atexit.o)
 .bss           0x0001b944        0x0 c:/altera/12.1sp1/nios2eds/bin/gnu/h-i686-mingw32/bin/../lib/gcc/nios2-elf/4.1.2/../../../../nios2-elf/lib\libc.a(lib_a-__call_atexit.o)
 .bss           0x0001b944        0x0 ../VMC_bsp/\libucosii_bsp.a(alt_exit.o)
 *(COMMON)
 COMMON         0x0001b944       0x64 obj/default/MPU6050/mpu6050.o
                0x0001b944                versionName
 COMMON         0x0001b9a8     0x6000 obj/default/VMC.o
                0x0001b9a8                drivingTask_stk
                0x0001d9a8                speedControl_stk
                0x0001f9a8                sensorCollector_stk
 COMMON         0x000219a8     0x3224 ../VMC_bsp/\libucosii_bsp.a(os_core.o)
                0x000219a8                OSFlagTbl
                0x00021d18                OSMemTbl
                0x00022948                OSTaskStatStk
                0x00023148                OSQTbl
                0x00023328                OSTaskIdleStk
                0x00023b28                OSEventTbl
                0x00024668                OSTCBTbl
                0x00024b78                OSTCBPrioTbl
 COMMON         0x00024bcc      0x100 ../VMC_bsp/\libucosii_bsp.a(alt_irq_handler.o)
                0x00024bcc                alt_irq
 COMMON         0x00024ccc      0x190 c:/altera/12.1sp1/nios2eds/bin/gnu/h-i686-mingw32/bin/../lib/gcc/nios2-elf/4.1.2/../../../../nios2-elf/lib\libc.a(lib_a-atexit.o)
                0x00024ccc                _atexit0
                0x00024e5c                . = ALIGN (0x4)
                0x00024e5c                __bss_end = ABSOLUTE (.)

.sdram          0x00024e5c        0x0
                0x00024e5c                PROVIDE (_alt_partition_sdram_start, ABSOLUTE (.))
 *(.sdram. sdram.*)
                0x00024e5c                . = ALIGN (0x4)
                0x00024e5c                PROVIDE (_alt_partition_sdram_end, ABSOLUTE (.))
                0x00024e5c                _end = ABSOLUTE (.)
                0x00024e5c                end = ABSOLUTE (.)
                0x00024e5c                __alt_stack_base = ABSOLUTE (.)
                0x00024e5c                PROVIDE (_alt_partition_sdram_load_addr, LOADADDR (.sdram))

.epcs           0x02000000        0x0 load address 0x00024e5c
                0x02000000                PROVIDE (_alt_partition_epcs_start, ABSOLUTE (.))
 *(.epcs. epcs.*)
                0x02000000                . = ALIGN (0x4)
                0x02000000                PROVIDE (_alt_partition_epcs_end, ABSOLUTE (.))
                0x00024e5c                PROVIDE (_alt_partition_epcs_load_addr, LOADADDR (.epcs))

.manuer_queue   0x02004000        0x0 load address 0x00024e5c
                0x02004000                PROVIDE (_alt_partition_manuer_queue_start, ABSOLUTE (.))
 *(.manuer_queue. manuer_queue.*)
                0x02004000                . = ALIGN (0x4)
                0x02004000                PROVIDE (_alt_partition_manuer_queue_end, ABSOLUTE (.))
                0x00024e5c                PROVIDE (_alt_partition_manuer_queue_load_addr, LOADADDR (.manuer_queue))

.state_cmd_memory
                0x02005000        0x0 load address 0x00024e5c
                0x02005000                PROVIDE (_alt_partition_state_cmd_memory_start, ABSOLUTE (.))
 *(.state_cmd_memory. state_cmd_memory.*)
                0x02005000                . = ALIGN (0x4)
                0x02005000                PROVIDE (_alt_partition_state_cmd_memory_end, ABSOLUTE (.))
                0x00024e5c                PROVIDE (_alt_partition_state_cmd_memory_load_addr, LOADADDR (.state_cmd_memory))

.stab
 *(.stab)

.stabstr
 *(.stabstr)

.stab.excl
 *(.stab.excl)

.stab.exclstr
 *(.stab.exclstr)

.stab.index
 *(.stab.index)

.stab.indexstr
 *(.stab.indexstr)

.comment        0x00000000       0x26
 *(.comment)
 .comment       0x00000000       0x26 obj/default/MPU6050/mpu6050.o
                                 0x27 (size before relaxing)
 .comment       0x00000000       0x27 obj/default/VMC.o
 .comment       0x00000000       0x27 obj/default/head.o
 .comment       0x00000000       0x27 c:/altera/12.1sp1/nios2eds/bin/gnu/h-i686-mingw32/bin/../lib/gcc/nios2-elf/4.1.2\libgcc.a(_fixunssfsi.o)
 .comment       0x00000000       0x27 c:/altera/12.1sp1/nios2eds/bin/gnu/h-i686-mingw32/bin/../lib/gcc/nios2-elf/4.1.2\libgcc.a(_addsub_sf.o)
 .comment       0x00000000       0x27 c:/altera/12.1sp1/nios2eds/bin/gnu/h-i686-mingw32/bin/../lib/gcc/nios2-elf/4.1.2\libgcc.a(_mul_sf.o)
 .comment       0x00000000       0x27 c:/altera/12.1sp1/nios2eds/bin/gnu/h-i686-mingw32/bin/../lib/gcc/nios2-elf/4.1.2\libgcc.a(_div_sf.o)
 .comment       0x00000000       0x27 c:/altera/12.1sp1/nios2eds/bin/gnu/h-i686-mingw32/bin/../lib/gcc/nios2-elf/4.1.2\libgcc.a(_ge_sf.o)
 .comment       0x00000000       0x27 c:/altera/12.1sp1/nios2eds/bin/gnu/h-i686-mingw32/bin/../lib/gcc/nios2-elf/4.1.2\libgcc.a(_si_to_sf.o)
 .comment       0x00000000       0x27 c:/altera/12.1sp1/nios2eds/bin/gnu/h-i686-mingw32/bin/../lib/gcc/nios2-elf/4.1.2\libgcc.a(_sf_to_si.o)
 .comment       0x00000000       0x27 c:/altera/12.1sp1/nios2eds/bin/gnu/h-i686-mingw32/bin/../lib/gcc/nios2-elf/4.1.2\libgcc.a(_sf_to_df.o)
 .comment       0x00000000       0x27 c:/altera/12.1sp1/nios2eds/bin/gnu/h-i686-mingw32/bin/../lib/gcc/nios2-elf/4.1.2\libgcc.a(_thenan_sf.o)
 .comment       0x00000000       0x27 c:/altera/12.1sp1/nios2eds/bin/gnu/h-i686-mingw32/bin/../lib/gcc/nios2-elf/4.1.2\libgcc.a(_usi_to_sf.o)
 .comment       0x00000000       0x27 c:/altera/12.1sp1/nios2eds/bin/gnu/h-i686-mingw32/bin/../lib/gcc/nios2-elf/4.1.2\libgcc.a(_addsub_df.o)
 .comment       0x00000000       0x27 c:/altera/12.1sp1/nios2eds/bin/gnu/h-i686-mingw32/bin/../lib/gcc/nios2-elf/4.1.2\libgcc.a(_make_df.o)
 .comment       0x00000000       0x27 c:/altera/12.1sp1/nios2eds/bin/gnu/h-i686-mingw32/bin/../lib/gcc/nios2-elf/4.1.2\libgcc.a(_thenan_df.o)
 .comment       0x00000000       0x27 c:/altera/12.1sp1/nios2eds/bin/gnu/h-i686-mingw32/bin/../lib/gcc/nios2-elf/4.1.2\libgcc.a(lib2-divmod.o)
 .comment       0x00000000       0x27 c:/altera/12.1sp1/nios2eds/bin/gnu/h-i686-mingw32/bin/../lib/gcc/nios2-elf/4.1.2\libgcc.a(_muldi3.o)
 .comment       0x00000000       0x27 c:/altera/12.1sp1/nios2eds/bin/gnu/h-i686-mingw32/bin/../lib/gcc/nios2-elf/4.1.2\libgcc.a(_clzsi2.o)
 .comment       0x00000000       0x27 c:/altera/12.1sp1/nios2eds/bin/gnu/h-i686-mingw32/bin/../lib/gcc/nios2-elf/4.1.2\libgcc.a(_pack_sf.o)
 .comment       0x00000000       0x27 c:/altera/12.1sp1/nios2eds/bin/gnu/h-i686-mingw32/bin/../lib/gcc/nios2-elf/4.1.2\libgcc.a(_unpack_sf.o)
 .comment       0x00000000       0x27 c:/altera/12.1sp1/nios2eds/bin/gnu/h-i686-mingw32/bin/../lib/gcc/nios2-elf/4.1.2\libgcc.a(_fpcmp_parts_sf.o)
 .comment       0x00000000       0x27 c:/altera/12.1sp1/nios2eds/bin/gnu/h-i686-mingw32/bin/../lib/gcc/nios2-elf/4.1.2\libgcc.a(_pack_df.o)
 .comment       0x00000000       0x27 c:/altera/12.1sp1/nios2eds/bin/gnu/h-i686-mingw32/bin/../lib/gcc/nios2-elf/4.1.2\libgcc.a(_unpack_df.o)
 .comment       0x00000000       0x27 c:/altera/12.1sp1/nios2eds/bin/gnu/h-i686-mingw32/bin/../lib/gcc/nios2-elf/4.1.2\libgcc.a(_clz.o)
 .comment       0x00000000       0x27 c:/altera/12.1sp1/nios2eds/bin/gnu/h-i686-mingw32/bin/../lib/gcc/nios2-elf/4.1.2/../../../../nios2-elf/lib\libc.a(lib_a-printf.o)