Archive member included because of file (symbol)

c:/altera/12.1sp1/nios2eds/bin/gnu/h-i686-mingw32/bin/../lib/gcc/nios2-elf/4.1.2\libgcc.a(_fixunssfsi.o)
                              obj/default/head.o (__fixunssfsi)
c:/altera/12.1sp1/nios2eds/bin/gnu/h-i686-mingw32/bin/../lib/gcc/nios2-elf/4.1.2\libgcc.a(_addsub_sf.o)
                              c:/altera/12.1sp1/nios2eds/bin/gnu/h-i686-mingw32/bin/../lib/gcc/nios2-elf/4.1.2\libgcc.a(_fixunssfsi.o) (__subsf3)
c:/altera/12.1sp1/nios2eds/bin/gnu/h-i686-mingw32/bin/../lib/gcc/nios2-elf/4.1.2\libgcc.a(_mul_sf.o)
                              obj/default/head.o (__mulsf3)
c:/altera/12.1sp1/nios2eds/bin/gnu/h-i686-mingw32/bin/../lib/gcc/nios2-elf/4.1.2\libgcc.a(_div_sf.o)
                              obj/default/VMC.o (__divsf3)
c:/altera/12.1sp1/nios2eds/bin/gnu/h-i686-mingw32/bin/../lib/gcc/nios2-elf/4.1.2\libgcc.a(_ge_sf.o)
                              c:/altera/12.1sp1/nios2eds/bin/gnu/h-i686-mingw32/bin/../lib/gcc/nios2-elf/4.1.2\libgcc.a(_fixunssfsi.o) (__gesf2)
c:/altera/12.1sp1/nios2eds/bin/gnu/h-i686-mingw32/bin/../lib/gcc/nios2-elf/4.1.2\libgcc.a(_si_to_sf.o)
                              obj/default/VMC.o (__floatsisf)
c:/altera/12.1sp1/nios2eds/bin/gnu/h-i686-mingw32/bin/../lib/gcc/nios2-elf/4.1.2\libgcc.a(_sf_to_si.o)
                              c:/altera/12.1sp1/nios2eds/bin/gnu/h-i686-mingw32/bin/../lib/gcc/nios2-elf/4.1.2\libgcc.a(_fixunssfsi.o) (__fixsfsi)
c:/altera/12.1sp1/nios2eds/bin/gnu/h-i686-mingw32/bin/../lib/gcc/nios2-elf/4.1.2\libgcc.a(_sf_to_df.o)
                              obj/default/VMC.o (__extendsfdf2)
c:/altera/12.1sp1/nios2eds/bin/gnu/h-i686-mingw32/bin/../lib/gcc/nios2-elf/4.1.2\libgcc.a(_thenan_sf.o)
                              c:/altera/12.1sp1/nios2eds/bin/gnu/h-i686-mingw32/bin/../lib/gcc/nios2-elf/4.1.2\libgcc.a(_addsub_sf.o) (__thenan_sf)
c:/altera/12.1sp1/nios2eds/bin/gnu/h-i686-mingw32/bin/../lib/gcc/nios2-elf/4.1.2\libgcc.a(_usi_to_sf.o)
                              obj/default/head.o (__floatunsisf)
c:/altera/12.1sp1/nios2eds/bin/gnu/h-i686-mingw32/bin/../lib/gcc/nios2-elf/4.1.2\libgcc.a(_addsub_df.o)
                              obj/default/VMC.o (__adddf3)
c:/altera/12.1sp1/nios2eds/bin/gnu/h-i686-mingw32/bin/../lib/gcc/nios2-elf/4.1.2\libgcc.a(_make_df.o)
                              c:/altera/12.1sp1/nios2eds/bin/gnu/h-i686-mingw32/bin/../lib/gcc/nios2-elf/4.1.2\libgcc.a(_sf_to_df.o) (__make_dp)
c:/altera/12.1sp1/nios2eds/bin/gnu/h-i686-mingw32/bin/../lib/gcc/nios2-elf/4.1.2\libgcc.a(_thenan_df.o)
                              c:/altera/12.1sp1/nios2eds/bin/gnu/h-i686-mingw32/bin/../lib/gcc/nios2-elf/4.1.2\libgcc.a(_addsub_df.o) (__thenan_df)
c:/altera/12.1sp1/nios2eds/bin/gnu/h-i686-mingw32/bin/../lib/gcc/nios2-elf/4.1.2\libgcc.a(lib2-divmod.o)
                              obj/default/head.o (__udivsi3)
c:/altera/12.1sp1/nios2eds/bin/gnu/h-i686-mingw32/bin/../lib/gcc/nios2-elf/4.1.2\libgcc.a(_muldi3.o)
                              c:/altera/12.1sp1/nios2eds/bin/gnu/h-i686-mingw32/bin/../lib/gcc/nios2-elf/4.1.2\libgcc.a(_mul_sf.o) (__muldi3)
c:/altera/12.1sp1/nios2eds/bin/gnu/h-i686-mingw32/bin/../lib/gcc/nios2-elf/4.1.2\libgcc.a(_clzsi2.o)
                              c:/altera/12.1sp1/nios2eds/bin/gnu/h-i686-mingw32/bin/../lib/gcc/nios2-elf/4.1.2\libgcc.a(_si_to_sf.o) (__clzsi2)
c:/altera/12.1sp1/nios2eds/bin/gnu/h-i686-mingw32/bin/../lib/gcc/nios2-elf/4.1.2\libgcc.a(_pack_sf.o)
                              c:/altera/12.1sp1/nios2eds/bin/gnu/h-i686-mingw32/bin/../lib/gcc/nios2-elf/4.1.2\libgcc.a(_addsub_sf.o) (__pack_f)
c:/altera/12.1sp1/nios2eds/bin/gnu/h-i686-mingw32/bin/../lib/gcc/nios2-elf/4.1.2\libgcc.a(_unpack_sf.o)
                              c:/altera/12.1sp1/nios2eds/bin/gnu/h-i686-mingw32/bin/../lib/gcc/nios2-elf/4.1.2\libgcc.a(_addsub_sf.o) (__unpack_f)
c:/altera/12.1sp1/nios2eds/bin/gnu/h-i686-mingw32/bin/../lib/gcc/nios2-elf/4.1.2\libgcc.a(_fpcmp_parts_sf.o)
                              c:/altera/12.1sp1/nios2eds/bin/gnu/h-i686-mingw32/bin/../lib/gcc/nios2-elf/4.1.2\libgcc.a(_ge_sf.o) (__fpcmp_parts_f)
c:/altera/12.1sp1/nios2eds/bin/gnu/h-i686-mingw32/bin/../lib/gcc/nios2-elf/4.1.2\libgcc.a(_pack_df.o)
                              c:/altera/12.1sp1/nios2eds/bin/gnu/h-i686-mingw32/bin/../lib/gcc/nios2-elf/4.1.2\libgcc.a(_addsub_df.o) (__pack_d)
c:/altera/12.1sp1/nios2eds/bin/gnu/h-i686-mingw32/bin/../lib/gcc/nios2-elf/4.1.2\libgcc.a(_unpack_df.o)
                              c:/altera/12.1sp1/nios2eds/bin/gnu/h-i686-mingw32/bin/../lib/gcc/nios2-elf/4.1.2\libgcc.a(_addsub_df.o) (__unpack_d)
c:/altera/12.1sp1/nios2eds/bin/gnu/h-i686-mingw32/bin/../lib/gcc/nios2-elf/4.1.2\libgcc.a(_clz.o)
                              c:/altera/12.1sp1/nios2eds/bin/gnu/h-i686-mingw32/bin/../lib/gcc/nios2-elf/4.1.2\libgcc.a(_clzsi2.o) (__clz_tab)
c:/altera/12.1sp1/nios2eds/bin/gnu/h-i686-mingw32/bin/../lib/gcc/nios2-elf/4.1.2/../../../../nios2-elf/lib\libc.a(lib_a-printf.o)
[...]
Memory Configuration

Name             Origin             Length             Attributes
reset            0x00000000         0x00000020
sdram            0x00000020         0x010fffe0
epcs             0x02000000         0x00000800
manuer_queue     0x02004000         0x00000400
state_cmd_memory 0x02005000         0x00000400
*default*        0x00000000         0xffffffff

Linker script and memory map

LOAD ../VMC_bsp//obj/HAL/src/crt0.o
LOAD obj/default/MPU6050/mpu6050.o
LOAD obj/default/VMC.o
LOAD obj/default/head.o
LOAD c:/altera/12.1sp1/nios2eds/bin/gnu/h-i686-mingw32/bin/../lib/gcc/nios2-elf/4.1.2/../../../../nios2-elf/lib\libstdc++.a
LOAD c:/altera/12.1sp1/nios2eds/bin/gnu/h-i686-mingw32/bin/../lib/gcc/nios2-elf/4.1.2/../../../../nios2-elf/lib\libm.a
LOAD c:/altera/12.1sp1/nios2eds/bin/gnu/h-i686-mingw32/bin/../lib/gcc/nios2-elf/4.1.2\libgcc.a
START GROUP
LOAD c:/altera/12.1sp1/nios2eds/bin/gnu/h-i686-mingw32/bin/../lib/gcc/nios2-elf/4.1.2/../../../../nios2-elf/lib\libc.a
LOAD c:/altera/12.1sp1/nios2eds/bin/gnu/h-i686-mingw32/bin/../lib/gcc/nios2-elf/4.1.2\libgcc.a
LOAD ../VMC_bsp/\libucosii_bsp.a
END GROUP
LOAD c:/altera/12.1sp1/nios2eds/bin/gnu/h-i686-mingw32/bin/../lib/gcc/nios2-elf/4.1.2\libgcc.a
                0x00000000                __alt_mem_sdram = 0x0
                0x02000000                __alt_mem_epcs = 0x2000000
                0x02004000                __alt_mem_manuer_queue = 0x2004000
                0x02005000                __alt_mem_state_cmd_memory = 0x2005000

.entry          0x00000000       0x20
 *(.entry)
 .entry         0x00000000       0x20 ../VMC_bsp//obj/HAL/src/crt0.o
                0x00000000                __reset

.exceptions     0x00000020      0x19c
                0x00000020                PROVIDE (__ram_exceptions_start, ABSOLUTE (.))
                0x00000020                . = ALIGN (0x20)
 *(.irq)
 *(.exceptions.entry.label)
 .exceptions.entry.label
                0x00000020        0x0 ../VMC_bsp/\libucosii_bsp.a(alt_irq_entry.o)
                0x00000020                alt_irq_entry
 .exceptions.entry.label
                0x00000020        0x0 ../VMC_bsp/\libucosii_bsp.a(alt_exception_entry.o)
                0x00000020                alt_exception
 *(.exceptions.entry.user)
 *(.exceptions.entry)
 .exceptions.entry
                0x00000020       0x54 ../VMC_bsp/\libucosii_bsp.a(alt_exception_entry.o)
 *(.exceptions.irqtest.user)
 *(.exceptions.irqtest)
 .exceptions.irqtest
                0x00000074       0x10 ../VMC_bsp/\libucosii_bsp.a(alt_irq_entry.o)
 *(.exceptions.irqhandler.user)
 *(.exceptions.irqhandler)
 .exceptions.irqhandler
                0x00000084        0x4 ../VMC_bsp/\libucosii_bsp.a(alt_irq_entry.o)
 *(.exceptions.irqreturn.user)
 *(.exceptions.irqreturn)
 .exceptions.irqreturn
                0x00000088        0x4 ../VMC_bsp/\libucosii_bsp.a(alt_irq_entry.o)
 *(.exceptions.notirq.label)
 .exceptions.notirq.label
                0x0000008c        0x0 ../VMC_bsp/\libucosii_bsp.a(alt_irq_entry.o)
 *(.exceptions.notirq.user)
 *(.exceptions.notirq)
 .exceptions.notirq
                0x0000008c        0x8 ../VMC_bsp/\libucosii_bsp.a(alt_exception_entry.o)
 *(.exceptions.soft.user)
 *(.exceptions.soft)
 *(.exceptions.unknown.user)
 *(.exceptions.unknown)
 .exceptions.unknown
                0x00000094        0x4 ../VMC_bsp/\libucosii_bsp.a(alt_exception_entry.o)
 *(.exceptions.exit.label)
 .exceptions.exit.label
                0x00000098        0x0 ../VMC_bsp/\libucosii_bsp.a(alt_irq_entry.o)
 .exceptions.exit.label
                0x00000098        0x0 ../VMC_bsp/\libucosii_bsp.a(alt_exception_entry.o)
 *(.exceptions.exit.user)
 *(.exceptions.exit)
 .exceptions.exit
                0x00000098       0x54 ../VMC_bsp/\libucosii_bsp.a(alt_exception_entry.o)
 *(.exceptions)
 .exceptions    0x000000ec       0xd0 ../VMC_bsp/\libucosii_bsp.a(alt_irq_handler.o)
                0x000000ec                alt_irq_handler
                0x000001bc                PROVIDE (__ram_exceptions_end, ABSOLUTE (.))
                0x00000020                PROVIDE (__flash_exceptions_start, LOADADDR (.exceptions))

.text           0x000001bc    0x177e8
                0x000001bc                PROVIDE (stext, ABSOLUTE (.))
 *(.interp)
 *(.hash)
 *(.dynsym)
 *(.dynstr)
 *(.gnu.version)
 *(.gnu.version_d)
 *(.gnu.version_r)
 *(.rel.init)
 *(.rela.init)
 *(.rel.text .rel.text.* .rel.gnu.linkonce.t.*)
 *(.rela.text .rela.text.* .rela.gnu.linkonce.t.*)
 *(.rel.fini)
 *(.rela.fini)
 *(.rel.rodata .rel.rodata.* .rel.gnu.linkonce.r.*)
 *(.rela.rodata .rela.rodata.* .rela.gnu.linkonce.r.*)
 *(.rel.data .rel.data.* .rel.gnu.linkonce.d.*)
 *(.rela.data .rela.data.* .rela.gnu.linkonce.d.*)
 *(.rel.tdata .rel.tdata.* .rel.gnu.linkonce.td.*)
 *(.rela.tdata .rela.tdata.* .rela.gnu.linkonce.td.*)
 *(.rel.tbss .rel.tbss.* .rel.gnu.linkonce.tb.*)
 *(.rela.tbss .rela.tbss.* .rela.gnu.linkonce.tb.*)
 *(.rel.ctors)
 *(.rela.ctors)
 *(.rel.dtors)
 *(.rela.dtors)
 *(.rel.got)
 *(.rela.got)
 *(.rel.sdata .rel.sdata.* .rel.gnu.linkonce.s.*)
 *(.rela.sdata .rela.sdata.* .rela.gnu.linkonce.s.*)
 *(.rel.sbss .rel.sbss.* .rel.gnu.linkonce.sb.*)
 *(.rela.sbss .rela.sbss.* .rela.gnu.linkonce.sb.*)
 *(.rel.sdata2 .rel.sdata2.* .rel.gnu.linkonce.s2.*)
 *(.rela.sdata2 .rela.sdata2.* .rela.gnu.linkonce.s2.*)
 *(.rel.sbss2 .rel.sbss2.* .rel.gnu.linkonce.sb2.*)
 *(.rela.sbss2 .rela.sbss2.* .rela.gnu.linkonce.sb2.*)
 *(.rel.bss .rel.bss.* .rel.gnu.linkonce.b.*)
 *(.rela.bss .rela.bss.* .rela.gnu.linkonce.b.*)
 *(.rel.plt)
 *(.rela.plt)
 *(.rel.dyn)
 *(.init)
 *(.plt)
 *(.text .stub .text.* .gnu.linkonce.t.*)
 .text          0x000001bc       0x4c ../VMC_bsp//obj/HAL/src/crt0.o
                0x000001bc                _start
 .text          0x00000208       0x40 obj/default/MPU6050/mpu6050.o
                0x00000208                getDeviceID
 .text          0x00000248      0x47c obj/default/VMC.o
                0x00000248                sensorCollector
                0x000005d8                task2
                0x00000654                main
 .text          0x000006c4      0x35c obj/default/head.o
                0x000006c4                init
                0x000007e8                delay
                0x00000824                set_duty_cycle
                0x00000890                MeasureDistance
                0x00000910                I2CWrite
                0x00000974                I2CRead
 .text          0x00000a20       0x70 c:/altera/12.1sp1/nios2eds/bin/gnu/h-i686-mingw32/bin/../lib/gcc/nios2-elf/4.1.2\libgcc.a(_fixunssfsi.o)
                0x00000a20                __fixunssfsi
 .text          0x00000a90      0x2b8 c:/altera/12.1sp1/nios2eds/bin/gnu/h-i686-mingw32/bin/../lib/gcc/nios2-elf/4.1.2\libgcc.a(_addsub_sf.o)
                0x00000c74                __subsf3
                0x00000ce4                __addsf3
 .text          0x00000d48      0x1e0 c:/altera/12.1sp1/nios2eds/bin/gnu/h-i686-mingw32/bin/../lib/gcc/nios2-elf/4.1.2\libgcc.a(_mul_sf.o)
                0x00000d48                __mulsf3
 .text          0x00000f28      0x174 c:/altera/12.1sp1/nios2eds/bin/gnu/h-i686-mingw32/bin/../lib/gcc/nios2-elf/4.1.2\libgcc.a(_div_sf.o)
                0x00000f28                __divsf3
 .text          0x0000109c       0x78 c:/altera/12.1sp1/nios2eds/bin/gnu/h-i686-mingw32/bin/../lib/gcc/nios2-elf/4.1.2\libgcc.a(_ge_sf.o)
                0x0000109c                __gesf2
 .text          0x00001114       0x98 c:/altera/12.1sp1/nios2eds/bin/gnu/h-i686-mingw32/bin/../lib/gcc/nios2-elf/4.1.2\libgcc.a(_si_to_sf.o)
                0x00001114                __floatsisf
 .text          0x000011ac       0x94 c:/altera/12.1sp1/nios2eds/bin/gnu/h-i686-mingw32/bin/../lib/gcc/nios2-elf/4.1.2\libgcc.a(_sf_to_si.o)
                0x000011ac                __fixsfsi
 .text          0x00001240       0x54 c:/altera/12.1sp1/nios2eds/bin/gnu/h-i686-mingw32/bin/../lib/gcc/nios2-elf/4.1.2\libgcc.a(_sf_to_df.o)
                0x00001240                __extendsfdf2
 .text          0x00001294        0x0 c:/altera/12.1sp1/nios2eds/bin/gnu/h-i686-mingw32/bin/../lib/gcc/nios2-elf/4.1.2\libgcc.a(_thenan_sf.o)
 .text          0x00001294       0xc0 c:/altera/12.1sp1/nios2eds/bin/gnu/h-i686-mingw32/bin/../lib/gcc/nios2-elf/4.1.2\libgcc.a(_usi_to_sf.o)
                0x00001294                __floatunsisf
 .text          0x00001354      0x504 c:/altera/12.1sp1/nios2eds/bin/gnu/h-i686-mingw32/bin/../lib/gcc/nios2-elf/4.1.2\libgcc.a(_addsub_df.o)
                0x00001764                __subdf3
                0x000017e4                __adddf3
 .text          0x00001858       0x38 c:/altera/12.1sp1/nios2eds/bin/gnu/h-i686-mingw32/bin/../lib/gcc/nios2-elf/4.1.2\libgcc.a(_make_df.o)
                0x00001858                __make_dp
 .text          0x00001890        0x0 c:/altera/12.1sp1/nios2eds/bin/gnu/h-i686-mingw32/bin/../lib/gcc/nios2-elf/4.1.2\libgcc.a(_thenan_df.o)
 .text          0x00001890      0x14c c:/altera/12.1sp1/nios2eds/bin/gnu/h-i686-mingw32/bin/../lib/gcc/nios2-elf/4.1.2\libgcc.a(lib2-divmod.o)
                0x0000190c                __divsi3
                0x0000196c                __modsi3
                0x000019cc                __udivsi3
                0x000019d4                __umodsi3
 .text          0x000019dc       0x98 c:/altera/12.1sp1/nios2eds/bin/gnu/h-i686-mingw32/bin/../lib/gcc/nios2-elf/4.1.2\libgcc.a(_muldi3.o)
                0x000019dc                __muldi3
 .text          0x00001a74       0x80 c:/altera/12.1sp1/nios2eds/bin/gnu/h-i686-mingw32/bin/../lib/gcc/nios2-elf/4.1.2\libgcc.a(_clzsi2.o)
                0x00001a74                __clzsi2
 .text          0x00001af4      0x160 c:/altera/12.1sp1/nios2eds/bin/gnu/h-i686-mingw32/bin/../lib/gcc/nios2-elf/4.1.2\libgcc.a(_pack_sf.o)
                0x00001af4                __pack_f
 .text          0x00001c54       0xc8 c:/altera/12.1sp1/nios2eds/bin/gnu/h-i686-mingw32/bin/../lib/gcc/nios2-elf/4.1.2\libgcc.a(_unpack_sf.o)
                0x00001c54                __unpack_f
 .text          0x00001d1c       0xa8 c:/altera/12.1sp1/nios2eds/bin/gnu/h-i686-mingw32/bin/../lib/gcc/nios2-elf/4.1.2\libgcc.a(_fpcmp_parts_sf.o)
                0x00001d1c                __fpcmp_parts_f
 .text          0x00001dc4      0x314 c:/altera/12.1sp1/nios2eds/bin/gnu/h-i686-mingw32/bin/../lib/gcc/nios2-elf/4.1.2\libgcc.a(_pack_df.o)
                0x00001dc4                __pack_d
 .text          0x000020d8      0x138 c:/altera/12.1sp1/nios2eds/bin/gnu/h-i686-mingw32/bin/../lib/gcc/nios2-elf/4.1.2\libgcc.a(_unpack_df.o)
                0x000020d8                __unpack_d
 .text          0x00002210        0x0 c:/altera/12.1sp1/nios2eds/bin/gnu/h-i686-mingw32/bin/../lib/gcc/nios2-elf/4.1.2\libgcc.a(_clz.o)
 .text          0x00002210       0x78 c:/altera/12.1sp1/nios2eds/bin/gnu/h-i686-mingw32/bin/../lib/gcc/nios2-elf/4.1.2/../../../../nios2-elf/lib\libc.a(lib_a-printf.o)
                0x00002210                printf
                0x00002254                _printf_r
 .text          0x00002288       0xb4 c:/altera/12.1sp1/nios2eds/bin/gnu/h-i686-mingw32/bin/../lib/gcc/nios2-elf/4.1.2/../../../../nios2-elf/lib\libc.a(lib_a-puts.o)
                0x00002288                _puts_r
                0x00002328                puts
 .text          0x0000233c       0x74 c:/altera/12.1sp1/nios2eds/bin/gnu/h-i686-mingw32/bin/../lib/gcc/nios2-elf/4.1.2/../../../../nios2-elf/lib\libc.a(lib_a-strlen.o)
                0x0000233c                strlen
 .text          0x000023b0     0x1f28 c:/altera/12.1sp1/nios2eds/bin/gnu/h-i686-mingw32/bin/../lib/gcc/nios2-elf/4.1.2/../../../../nios2-elf/lib\libc.a(lib_a-vfprintf.o)
                0x00002408                ___vfprintf_internal_r
                0x000042b4                __vfprintf_internal
 .text          0x000042d8      0x13c c:/altera/12.1sp1/nios2eds/bin/gnu/h-i686-mingw32/bin/../lib/gcc/nios2-elf/4.1.2/../../../../nios2-elf/lib\libc.a(lib_a-wsetup.o)
                0x000042d8                __swsetup_r
 .text          0x00004414     0x17cc c:/altera/12.1sp1/nios2eds/bin/gnu/h-i686-mingw32/bin/../lib/gcc/nios2-elf/4.1.2/../../../../nios2-elf/lib\libc.a(lib_a-dtoa.o)
                0x0000462c                _dtoa_r
 .text          0x00005be0      0x230 c:/altera/12.1sp1/nios2eds/bin/gnu/h-i686-mingw32/bin/../lib/gcc/nios2-elf/4.1.2/../../../../nios2-elf/lib\libc.a(lib_a-fflush.o)
                0x00005be0                _fflush_r
                0x00005ddc                fflush
 .text          0x00005e10      0x2c0 c:/altera/12.1sp1/nios2eds/bin/gnu/h-i686-mingw32/bin/../lib/gcc/nios2-elf/4.1.2/../../../../nios2-elf/lib\libc.a(lib_a-findfp.o)
                0x00005e68                __sfp_lock_acquire
                0x00005e6c                __sfp_lock_release
                0x00005e70                __sinit_lock_acquire
                0x00005e74                __sinit_lock_release
                0x00005e78                __sinit
                0x00005f2c                __fp_unlock_all
                0x00005f44                __fp_lock_all
                0x00005f5c                _cleanup_r
                0x00005f68                _cleanup
                0x00005f78                __sfmoreglue
                0x00005fe0                __sfp
 .text          0x000060d0      0x440 c:/altera/12.1sp1/nios2eds/bin/gnu/h-i686-mingw32/bin/../lib/gcc/nios2-elf/4.1.2/../../../../nios2-elf/lib\libc.a(lib_a-freer.o)
                0x000060d0                _malloc_trim_r
                0x000061fc                _free_r
 .text          0x00006510      0x49c c:/altera/12.1sp1/nios2eds/bin/gnu/h-i686-mingw32/bin/../lib/gcc/nios2-elf/4.1.2/../../../../nios2-elf/lib\libc.a(lib_a-fvwrite.o)
                0x00006510                __sfvwrite_r
 .text          0x000069ac      0x180 c:/altera/12.1sp1/nios2eds/bin/gnu/h-i686-mingw32/bin/../lib/gcc/nios2-elf/4.1.2/../../../../nios2-elf/lib\libc.a(lib_a-fwalk.o)
                0x000069ac                _fwalk_reent
                0x00006a74                _fwalk
 .text          0x00006b2c        0x0 c:/altera/12.1sp1/nios2eds/bin/gnu/h-i686-mingw32/bin/../lib/gcc/nios2-elf/4.1.2/../../../../nios2-elf/lib\libc.a(lib_a-impure.o)
 .text          0x00006b2c       0xc4 c:/altera/12.1sp1/nios2eds/bin/gnu/h-i686-mingw32/bin/../lib/gcc/nios2-elf/4.1.2/../../../../nios2-elf/lib\libc.a(lib_a-locale.o)
                0x00006b2c                __locale_charset
                0x00006b34                _localeconv_r
                0x00006b40                localeconv
                0x00006b50                _setlocale_r
                0x00006bd4                setlocale
 .text          0x00006bf0      0x194 c:/altera/12.1sp1/nios2eds/bin/gnu/h-i686-mingw32/bin/../lib/gcc/nios2-elf/4.1.2/../../../../nios2-elf/lib\libc.a(lib_a-makebuf.o)
                0x00006bf0                __smakebuf_r
 .text          0x00006d84      0x740 c:/altera/12.1sp1/nios2eds/bin/gnu/h-i686-mingw32/bin/../lib/gcc/nios2-elf/4.1.2/../../../../nios2-elf/lib\libc.a(lib_a-mallocr.o)
                0x00006d84                _malloc_r
 .text          0x000074c4       0xe4 c:/altera/12.1sp1/nios2eds/bin/gnu/h-i686-mingw32/bin/../lib/gcc/nios2-elf/4.1.2/../../../../nios2-elf/lib\libc.a(lib_a-memchr.o)
                0x000074c4                memchr
 .text          0x000075a8       0xa0 c:/altera/12.1sp1/nios2eds/bin/gnu/h-i686-mingw32/bin/../lib/gcc/nios2-elf/4.1.2/../../../../nios2-elf/lib\libc.a(lib_a-memcpy.o)
                0x000075a8                memcpy
 .text          0x00007648       0xe0 c:/altera/12.1sp1/nios2eds/bin/gnu/h-i686-mingw32/bin/../lib/gcc/nios2-elf/4.1.2/../../../../nios2-elf/lib\libc.a(lib_a-memmove.o)
                0x00007648                memmove
 .text          0x00007728       0x98 c:/altera/12.1sp1/nios2eds/bin/gnu/h-i686-mingw32/bin/../lib/gcc/nios2-elf/4.1.2/../../../../nios2-elf/lib\libc.a(lib_a-memset.o)
                0x00007728                memset
 .text          0x000077c0      0xff4 c:/altera/12.1sp1/nios2eds/bin/gnu/h-i686-mingw32/bin/../lib/gcc/nios2-elf/4.1.2/../../../../nios2-elf/lib\libc.a(lib_a-mprec.o)
                0x000077c0                _Bfree
                0x000077e8                __hi0bits
                0x00007858                __lo0bits
                0x0000791c                __mcmp
                0x0000797c                __ulp
                0x000079fc                __b2d
                0x00007b1c                __ratio
                0x00007bcc                _mprec_log10
                0x00007c60                __copybits
                0x00007cb8                __any_on
                0x00007d40                _Balloc
                0x00007dfc                __d2b
                0x00007f78                __mdiff
                0x00008104                __lshift
                0x00008250                __multiply
                0x00008438                __i2b
                0x00008474                __multadd
                0x00008574                __pow5mult
                0x00008694                __s2b
 .text          0x000087b4      0x5f4 c:/altera/12.1sp1/nios2eds/bin/gnu/h-i686-mingw32/bin/../lib/gcc/nios2-elf/4.1.2/../../../../nios2-elf/lib\libc.a(lib_a-reallocr.o)
                0x000087b4                _realloc_r
 .text          0x00008da8       0x40 c:/altera/12.1sp1/nios2eds/bin/gnu/h-i686-mingw32/bin/../lib/gcc/nios2-elf/4.1.2/../../../../nios2-elf/lib\libc.a(lib_a-s_isinfd.o)
                0x00008da8                __isinfd
 .text          0x00008de8       0x30 c:/altera/12.1sp1/nios2eds/bin/gnu/h-i686-mingw32/bin/../lib/gcc/nios2-elf/4.1.2/../../../../nios2-elf/lib\libc.a(lib_a-s_isnand.o)
                0x00008de8                __isnand
 .text          0x00008e18       0x70 c:/altera/12.1sp1/nios2eds/bin/gnu/h-i686-mingw32/bin/../lib/gcc/nios2-elf/4.1.2/../../../../nios2-elf/lib\libc.a(lib_a-sbrkr.o)
                0x00008e18                _sbrk_r
 .text          0x00008e88      0x14c c:/altera/12.1sp1/nios2eds/bin/gnu/h-i686-mingw32/bin/../lib/gcc/nios2-elf/4.1.2/../../../../nios2-elf/lib\libc.a(lib_a-stdio.o)
                0x00008e88                __sclose
                0x00008e90                __sseek
                0x00008ef8                __swrite
                0x00008f74                __sread
 .text          0x00008fd4       0xbc c:/altera/12.1sp1/nios2eds/bin/gnu/h-i686-mingw32/bin/../lib/gcc/nios2-elf/4.1.2/../../../../nios2-elf/lib\libc.a(lib_a-strcmp.o)
                0x00008fd4                strcmp
 .text          0x00009090       0x78 c:/altera/12.1sp1/nios2eds/bin/gnu/h-i686-mingw32/bin/../lib/gcc/nios2-elf/4.1.2/../../../../nios2-elf/lib\libc.a(lib_a-writer.o)
                0x00009090                _write_r
 .text          0x00009108       0xb4 c:/altera/12.1sp1/nios2eds/bin/gnu/h-i686-mingw32/bin/../lib/gcc/nios2-elf/4.1.2/../../../../nios2-elf/lib\libc.a(lib_a-callocr.o)
                0x00009108                _calloc_r
 .text          0x000091bc       0x70 c:/altera/12.1sp1/nios2eds/bin/gnu/h-i686-mingw32/bin/../lib/gcc/nios2-elf/4.1.2/../../../../nios2-elf/lib\libc.a(lib_a-closer.o)
                0x000091bc                _close_r
 .text          0x0000922c      0x124 c:/altera/12.1sp1/nios2eds/bin/gnu/h-i686-mingw32/bin/../lib/gcc/nios2-elf/4.1.2/../../../../nios2-elf/lib\libc.a(lib_a-fclose.o)
                0x0000922c                _fclose_r
                0x0000933c                fclose
 .text          0x00009350       0x74 c:/altera/12.1sp1/nios2eds/bin/gnu/h-i686-mingw32/bin/../lib/gcc/nios2-elf/4.1.2/../../../../nios2-elf/lib\libc.a(lib_a-fstatr.o)
                0x00009350                _fstat_r
 .text          0x000093c4        0x0 c:/altera/12.1sp1/nios2eds/bin/gnu/h-i686-mingw32/bin/../lib/gcc/nios2-elf/4.1.2/../../../../nios2-elf/lib\libc.a(lib_a-int_errno.o)
 .text          0x000093c4       0x70 c:/altera/12.1sp1/nios2eds/bin/gnu/h-i686-mingw32/bin/../lib/gcc/nios2-elf/4.1.2/../../../../nios2-elf/lib\libc.a(lib_a-isattyr.o)
                0x000093c4                _isatty_r
 .text          0x00009434       0x78 c:/altera/12.1sp1/nios2eds/bin/gnu/h-i686-mingw32/bin/../lib/gcc/nios2-elf/4.1.2/../../../../nios2-elf/lib\libc.a(lib_a-lseekr.o)
                0x00009434                _lseek_r
 .text          0x000094ac       0x78 c:/altera/12.1sp1/nios2eds/bin/gnu/h-i686-mingw32/bin/../lib/gcc/nios2-elf/4.1.2/../../../../nios2-elf/lib\libc.a(lib_a-readr.o)
                0x000094ac                _read_r
 .text          0x00009524      0x5dc c:/altera/12.1sp1/nios2eds/bin/gnu/h-i686-mingw32/bin/../lib/gcc/nios2-elf/4.1.2\libgcc.a(_udivdi3.o)
                0x00009524                __udivdi3
 .text          0x00009b00      0x5b0 c:/altera/12.1sp1/nios2eds/bin/gnu/h-i686-mingw32/bin/../lib/gcc/nios2-elf/4.1.2\libgcc.a(_umoddi3.o)
                0x00009b00                __umoddi3
 .text          0x0000a0b0      0x3c4 c:/altera/12.1sp1/nios2eds/bin/gnu/h-i686-mingw32/bin/../lib/gcc/nios2-elf/4.1.2\libgcc.a(_mul_df.o)
                0x0000a0b0                __muldf3
 .text          0x0000a474      0x258 c:/altera/12.1sp1/nios2eds/bin/gnu/h-i686-mingw32/bin/../lib/gcc/nios2-elf/4.1.2\libgcc.a(_div_df.o)
                0x0000a474                __divdf3
 .text          0x0000a6cc       0x88 c:/altera/12.1sp1/nios2eds/bin/gnu/h-i686-mingw32/bin/../lib/gcc/nios2-elf/4.1.2\libgcc.a(_eq_df.o)
                0x0000a6cc                __eqdf2
 .text          0x0000a754       0x88 c:/altera/12.1sp1/nios2eds/bin/gnu/h-i686-mingw32/bin/../lib/gcc/nios2-elf/4.1.2\libgcc.a(_ne_df.o)
                0x0000a754                __nedf2
 .text          0x0000a7dc       0x88 c:/altera/12.1sp1/nios2eds/bin/gnu/h-i686-mingw32/bin/../lib/gcc/nios2-elf/4.1.2\libgcc.a(_gt_df.o)
                0x0000a7dc                __gtdf2
 .text          0x0000a864       0x88 c:/altera/12.1sp1/nios2eds/bin/gnu/h-i686-mingw32/bin/../lib/gcc/nios2-elf/4.1.2\libgcc.a(_ge_df.o)
                0x0000a864                __gedf2
 .text          0x0000a8ec       0x88 c:/altera/12.1sp1/nios2eds/bin/gnu/h-i686-mingw32/bin/../lib/gcc/nios2-elf/4.1.2\libgcc.a(_lt_df.o)
                0x0000a8ec                __ltdf2
 .text          0x0000a974       0xf8 c:/altera/12.1sp1/nios2eds/bin/gnu/h-i686-mingw32/bin/../lib/gcc/nios2-elf/4.1.2\libgcc.a(_si_to_df.o)
                0x0000a974                __floatsidf
 .text          0x0000aa6c       0xd8 c:/altera/12.1sp1/nios2eds/bin/gnu/h-i686-mingw32/bin/../lib/gcc/nios2-elf/4.1.2\libgcc.a(_df_to_si.o)
                0x0000aa6c                __fixdfsi
 .text          0x0000ab44      0x194 c:/altera/12.1sp1/nios2eds/bin/gnu/h-i686-mingw32/bin/../lib/gcc/nios2-elf/4.1.2\libgcc.a(_usi_to_df.o)
                0x0000ab44                __floatunsidf
 .text          0x0000acd8       0xc8 c:/altera/12.1sp1/nios2eds/bin/gnu/h-i686-mingw32/bin/../lib/gcc/nios2-elf/4.1.2\libgcc.a(_fpcmp_parts_df.o)
                0x0000acd8                __fpcmp_parts_d
 .text          0x0000ada0      0x15c ../VMC_bsp/\libucosii_bsp.a(alt_close.o)
                0x0000ada0                close
 .text          0x0000aefc       0x2c ../VMC_bsp/\libucosii_bsp.a(alt_dev.o)
 .text          0x0000af28        0x0 ../VMC_bsp/\libucosii_bsp.a(alt_errno.o)
 .text          0x0000af28      0x134 ../VMC_bsp/\libucosii_bsp.a(alt_fstat.o)
                0x0000af28                fstat
 .text          0x0000b05c      0x120 ../VMC_bsp/\libucosii_bsp.a(alt_isatty.o)
                0x0000b05c                isatty
 .text          0x0000b17c       0xec ../VMC_bsp/\libucosii_bsp.a(alt_load.o)
                0x0000b17c                alt_load
 .text          0x0000b268      0x150 ../VMC_bsp/\libucosii_bsp.a(alt_lseek.o)
                0x0000b268                lseek
 .text          0x0000b3b8       0xc8 ../VMC_bsp/\libucosii_bsp.a(alt_main.o)
                0x0000b3b8                alt_main
 .text          0x0000b480      0x180 ../VMC_bsp/\libucosii_bsp.a(alt_read.o)
                0x0000b480                read
 .text          0x0000b600       0x60 ../VMC_bsp/\libucosii_bsp.a(alt_release_fd.o)
                0x0000b600                alt_release_fd
 .text          0x0000b660       0xbc ../VMC_bsp/\libucosii_bsp.a(alt_sbrk.o)
                0x0000b660                sbrk
 .text          0x0000b71c      0x180 ../VMC_bsp/\libucosii_bsp.a(alt_write.o)
                0x0000b71c                write
 .text          0x0000b89c      0x108 ../VMC_bsp/\libucosii_bsp.a(alt_env_lock.o)
                0x0000b89c                __env_lock
                0x0000b948                __env_unlock
 .text          0x0000b9a4      0x1d8 ../VMC_bsp/\libucosii_bsp.a(alt_malloc_lock.o)
                0x0000b9a4                __malloc_lock
                0x0000baac                __malloc_unlock
 .text          0x0000bb7c     0x2128 ../VMC_bsp/\libucosii_bsp.a(os_core.o)
                0x0000bb7c                OSEventNameGet
                0x0000bcac                OSEventNameSet
                0x0000bdf0                OSEventPendMulti
                0x0000c4a4                OSInit
                0x0000c4f8                OSIntEnter
                0x0000c574                OSIntExit
                0x0000c674                OSSchedLock
                0x0000c700                OSSchedUnlock
                0x0000c7e4                OSStart
                0x0000c854                OSStatInit
                0x0000c900                OSTimeTick
                0x0000cb40                OSVersion
                0x0000cb60                OS_Dummy
                0x0000cb7c                OS_EventTaskRdy
                0x0000cd10                OS_EventTaskWait
                0x0000ce20                OS_EventTaskWaitMulti
                0x0000cf74                OS_EventTaskRemove
                0x0000d02c                OS_EventTaskRemoveMulti
                0x0000d130                OS_EventWaitListInit
                0x0000d4fc                OS_MemClr
                0x0000d550                OS_MemCopy
                0x0000d5bc                OS_Sched
                0x0000d700                OS_StrCopy
                0x0000d780                OS_StrLen
                0x0000d7d8                OS_TaskIdle
                0x0000d834                OS_TaskStat
                0x0000d8fc                OS_TaskStatStkChk
                0x0000d9c4                OS_TCBInit
 .text          0x0000dca4      0x18c ../VMC_bsp/\libucosii_bsp.a(os_dbg.o)
                0x0000dca4                OSDebugInit
 .text          0x0000de30     0x193c ../VMC_bsp/\libucosii_bsp.a(os_flag.o)
                0x0000de30                OSFlagAccept
                0x0000e164                OSFlagCreate
                0x0000e2a0                OSFlagDel
                0x0000e548                OSFlagNameGet
                0x0000e68c                OSFlagNameSet
                0x0000e7e0                OSFlagPend
                0x0000ee24                OSFlagPendGetFlagsRdy
                0x0000ee8c                OSFlagPost
                0x0000f234                OSFlagQuery
                0x0000f4cc                OS_FlagInit
                0x0000f6c0                OS_FlagUnlink
 .text          0x0000f76c      0x808 ../VMC_bsp/\libucosii_bsp.a(os_mem.o)
                0x0000f76c                OSMemCreate
                0x0000f988                OSMemGet
                0x0000fa8c                OSMemNameGet
                0x0000fb98                OSMemNameSet
                0x0000fcb8                OSMemPut
                0x0000fda8                OSMemQuery
                0x0000fea4                OS_MemInit
 .text          0x0000ff74     0x1334 ../VMC_bsp/\libucosii_bsp.a(os_q.o)
                0x0000ff74                OSQAccept
                0x000100c8                OSQCreate
                0x000102dc                OSQDel
                0x000105dc                OSQFlush
                0x000106a4                OSQPend
                0x000109c4                OSQPendAbort
                0x00010b40                OSQPost
                0x00010cc0                OSQPostFront
                0x00010e48                OSQPostOpt
                0x0001107c                OSQQuery
                0x000111fc                OS_QInit
 .text          0x000112a8      0xbc8 ../VMC_bsp/\libucosii_bsp.a(os_sem.o)
                0x000112a8                OSSemAccept
                0x00011368                OSSemCreate
                0x0001147c                OSSemDel
                0x0001171c                OSSemPend
                0x00011998                OSSemPendAbort
                0x00011b14                OSSemPost
                0x00011c3c                OSSemQuery
                0x00011d6c                OSSemSet
 .text          0x00011e70     0x1a40 ../VMC_bsp/\libucosii_bsp.a(os_task.o)
                0x00011e70                OSTaskChangePrio
                0x000123e4                OSTaskCreate
                0x000125b8                OSTaskCreateExt
                0x000127b8                OSTaskDel
                0x00012bc4                OSTaskDelReq
                0x00012d34                OSTaskNameGet
                0x00012eec                OSTaskNameSet
                0x000130b0                OSTaskResume
                0x000132c8                OSTaskStkChk
                0x000134c4                OSTaskSuspend
                0x000136f0                OSTaskQuery
                0x00013834                OS_TaskStkClr
 .text          0x000138b0      0x598 ../VMC_bsp/\libucosii_bsp.a(os_time.o)
                0x000138b0                OSTimeDly
                0x000139fc                OSTimeDlyHMSM
                0x00013b70                OSTimeDlyResume
                0x00013d80                OSTimeGet
                0x00013de4                OSTimeSet
 .text          0x00013e48       0xd0 ../VMC_bsp/\libucosii_bsp.a(alt_sys_init.o)
                0x00013e48                alt_irq_init
                0x00013e7c                alt_sys_init
 .text          0x00013f18      0x9e4 ../VMC_bsp/\libucosii_bsp.a(altera_avalon_epcs_flash_controller.o)
                0x00013f18                alt_epcs_flash_init
                0x00014334                alt_epcs_flash_write
                0x000145b4                alt_epcs_flash_get_info
                0x00014644                alt_epcs_flash_erase_block
                0x00014748                alt_epcs_flash_write_block
                0x00014864                alt_epcs_flash_read
 .text          0x000148fc      0x148 ../VMC_bsp/\libucosii_bsp.a(altera_avalon_jtag_uart_fd.o)
                0x000148fc                altera_avalon_jtag_uart_read_fd
                0x00014954                altera_avalon_jtag_uart_write_fd
                0x000149ac                altera_avalon_jtag_uart_close_fd
                0x000149f4                altera_avalon_jtag_uart_ioctl_fd
 .text          0x00014a44      0x584 ../VMC_bsp/\libucosii_bsp.a(altera_avalon_jtag_uart_init.o)
                0x00014a44                altera_avalon_jtag_uart_init
                0x00014f54                altera_avalon_jtag_uart_close
 .text          0x00014fc8       0xf4 ../VMC_bsp/\libucosii_bsp.a(altera_avalon_jtag_uart_ioctl.o)
                0x00014fc8                altera_avalon_jtag_uart_ioctl
 .text          0x000150bc      0x2c0 ../VMC_bsp/\libucosii_bsp.a(altera_avalon_jtag_uart_read.o)
                0x000150bc                altera_avalon_jtag_uart_read
 .text          0x0001537c      0x2dc ../VMC_bsp/\libucosii_bsp.a(altera_avalon_jtag_uart_write.o)
                0x0001537c                altera_avalon_jtag_uart_write
 .text          0x00015658      0x100 ../VMC_bsp/\libucosii_bsp.a(altera_avalon_timer_sc.o)
                0x000156c8                alt_avalon_timer_sc_init
 .text          0x00015758      0x6d4 ../VMC_bsp/\libucosii_bsp.a(epcs_commands.o)
                0x00015758                epcs_read_status_register
                0x000157b8                epcs_sector_erase
                0x00015920                epcs_read_buffer
                0x00015a6c                epcs_write_enable
                0x00015abc                epcs_write_status_register
                0x00015b20                epcs_write_buffer
                0x00015c90                epcs_read_electronic_signature
                0x00015cfc                epcs_read_device_id
                0x00015d7c                epcs_enter_4_bytes_mode
                0x00015dd4                epcs_exit_4_bytes_mode
 .text          0x00015e2c      0x154 ../VMC_bsp/\libucosii_bsp.a(alt_alarm_start.o)
                0x00015e2c                alt_alarm_start
 .text          0x00015f80       0x44 ../VMC_bsp/\libucosii_bsp.a(alt_dcache_flush_all.o)
                0x00015f80                alt_dcache_flush_all
 .text          0x00015fc4      0x114 ../VMC_bsp/\libucosii_bsp.a(alt_dev_llist_insert.o)
                0x00015fc4                alt_dev_llist_insert
 .text          0x000160d8       0x64 ../VMC_bsp/\libucosii_bsp.a(alt_do_ctors.o)
                0x000160d8                _do_ctors
 .text          0x0001613c       0x64 ../VMC_bsp/\libucosii_bsp.a(alt_do_dtors.o)
                0x0001613c                _do_dtors
 .text          0x000161a0       0xd0 ../VMC_bsp/\libucosii_bsp.a(alt_flash_dev.o)
                0x000161a0                alt_flash_open_dev
                0x0001621c                alt_flash_close_dev
 .text          0x00016270       0x30 ../VMC_bsp/\libucosii_bsp.a(alt_icache_flush_all.o)
                0x00016270                alt_icache_flush_all
 .text          0x000162a0      0x1d4 ../VMC_bsp/\libucosii_bsp.a(alt_iic.o)
                0x000162a0                alt_ic_isr_register
                0x000162f0                alt_ic_irq_enable
                0x0001638c                alt_ic_irq_disable
                0x0001642c                alt_ic_irq_enabled
 .text          0x00016474       0xf8 ../VMC_bsp/\libucosii_bsp.a(alt_iic_isr_register.o)
                0x00016474                alt_iic_isr_register
 .text          0x0001656c      0x13c ../VMC_bsp/\libucosii_bsp.a(alt_io_redirect.o)
                0x00016630                alt_io_redirect
 .text          0x000166a8        0x0 ../VMC_bsp/\libucosii_bsp.a(alt_irq_entry.o)
 .text          0x000166a8        0x0 ../VMC_bsp/\libucosii_bsp.a(alt_irq_handler.o)
 .text          0x000166a8        0x0 ../VMC_bsp/\libucosii_bsp.a(alt_irq_vars.o)
 .text          0x000166a8      0x2c4 ../VMC_bsp/\libucosii_bsp.a(alt_open.o)
                0x00016784                open
 .text          0x0001696c      0x1a8 ../VMC_bsp/\libucosii_bsp.a(alt_tick.o)
                0x0001696c                alt_alarm_stop
                0x00016a04                alt_tick
 .text          0x00016b14       0x20 ../VMC_bsp/\libucosii_bsp.a(altera_nios2_irq.o)
                0x00016b14                altera_nios2_irq_init
 .text          0x00016b34       0xd0 ../VMC_bsp/\libucosii_bsp.a(os_cpu_a.o)
                0x00016b34                OSCtxSw
                0x00016b34                OSIntCtxSw
                0x00016bc0                OSStartHighRdy
                0x00016be0                OSStartTsk
 .text          0x00016c04      0x418 ../VMC_bsp/\libucosii_bsp.a(os_cpu_c.o)
                0x00016c04                OSTaskStkInit
                0x00016f14                OSTaskCreateHook
                0x00016f34                OSTaskDelHook
                0x00016f54                OSTaskSwHook
                0x00016f70                OSTaskStatHook
                0x00016f8c                OSTimeTickHook
                0x00016fa8                OSInitHookBegin
                0x00016fc4                OSInitHookEnd
                0x00016fe0                OSTaskIdleHook
                0x00016ffc                OSTCBInitHook
 .text          0x0001701c      0x238 ../VMC_bsp/\libucosii_bsp.a(altera_avalon_spi.o)
                0x0001701c                alt_avalon_spi_command
 .text          0x00017254        0x0 ../VMC_bsp/\libucosii_bsp.a(alt_exception_entry.o)
 .text          0x00017254       0x94 ../VMC_bsp/\libucosii_bsp.a(alt_find_dev.o)
                0x00017254                alt_find_dev
 .text          0x000172e8      0x120 ../VMC_bsp/\libucosii_bsp.a(alt_find_file.o)
                0x000172e8                alt_find_file
 .text          0x00017408       0xf4 ../VMC_bsp/\libucosii_bsp.a(alt_get_fd.o)
                0x00017408                alt_get_fd
 .text          0x000174fc       0x90 ../VMC_bsp/\libucosii_bsp.a(alt_icache_flush.o)
                0x000174fc                alt_icache_flush
 .text          0x0001758c       0x14 c:/altera/12.1sp1/nios2eds/bin/gnu/h-i686-mingw32/bin/../lib/gcc/nios2-elf/4.1.2/../../../../nios2-elf/lib\libc.a(lib_a-atexit.o)
                0x0001758c                atexit
 .text          0x000175a0       0x38 c:/altera/12.1sp1/nios2eds/bin/gnu/h-i686-mingw32/bin/../lib/gcc/nios2-elf/4.1.2/../../../../nios2-elf/lib\libc.a(lib_a-exit.o)
                0x000175a0                exit
 .text          0x000175d8       0x74 c:/altera/12.1sp1/nios2eds/bin/gnu/h-i686-mingw32/bin/../lib/gcc/nios2-elf/4.1.2/../../../../nios2-elf/lib\libc.a(lib_a-memcmp.o)
                0x000175d8                memcmp
 .text          0x0001764c      0x134 c:/altera/12.1sp1/nios2eds/bin/gnu/h-i686-mingw32/bin/../lib/gcc/nios2-elf/4.1.2/../../../../nios2-elf/lib\libc.a(lib_a-__atexit.o)
                0x0001764c                __register_exitproc
 .text          0x00017780      0x1b4 c:/altera/12.1sp1/nios2eds/bin/gnu/h-i686-mingw32/bin/../lib/gcc/nios2-elf/4.1.2/../../../../nios2-elf/lib\libc.a(lib_a-__call_atexit.o)
                0x00017784                __call_exitprocs
 .text          0x00017934       0x6c ../VMC_bsp/\libucosii_bsp.a(alt_exit.o)
                0x00017974                _exit
 *(.gnu.warning.*)
 *(.fini)
                0x000179a0                PROVIDE (__etext, ABSOLUTE (.))
                0x000179a0                PROVIDE (_etext, ABSOLUTE (.))
                0x000179a0                PROVIDE (etext, ABSOLUTE (.))
 *(.eh_frame_hdr)
                0x000179a0                . = ALIGN (0x4)
                0x000179a0                PROVIDE (__preinit_array_start, ABSOLUTE (.))
 *(.preinit_array)
                0x000179a0                PROVIDE (__preinit_array_end, ABSOLUTE (.))
                0x000179a0                PROVIDE (__init_array_start, ABSOLUTE (.))
 *(.init_array)
                0x000179a0                PROVIDE (__init_array_end, ABSOLUTE (.))
                0x000179a0                PROVIDE (__fini_array_start, ABSOLUTE (.))
 *(.fini_array)
                0x000179a0                PROVIDE (__fini_array_end, ABSOLUTE (.))
 *(.eh_frame)
 *(.gcc_except_table)
 *(.dynamic)
                0x000179a0                PROVIDE (__CTOR_LIST__, ABSOLUTE (.))
 *(.ctors)
 *(SORT(.ctors.*))
 .ctors.65535   0x000179a0        0x4 c:/altera/12.1sp1/nios2eds/bin/gnu/h-i686-mingw32/bin/../lib/gcc/nios2-elf/4.1.2/../../../../nios2-elf/lib\libc.a(lib_a-__call_atexit.o)
                0x000179a4                PROVIDE (__CTOR_END__, ABSOLUTE (.))
                0x000179a4                PROVIDE (__DTOR_LIST__, ABSOLUTE (.))
 *(.dtors)
 *(SORT(.dtors.*))
                0x000179a4                PROVIDE (__DTOR_END__, ABSOLUTE (.))
 *(.jcr)
                0x000179a4                . = ALIGN (0x4)

.rodata         0x000179a4      0x514
                0x000179a4                PROVIDE (__ram_rodata_start, ABSOLUTE (.))
                0x000179a4                . = ALIGN (0x4)
 *(.rodata .rodata.* .gnu.linkonce.r.*)
 .rodata        0x000179a4       0x98 obj/default/VMC.o
 .rodata        0x00017a3c       0x10 c:/altera/12.1sp1/nios2eds/bin/gnu/h-i686-mingw32/bin/../lib/gcc/nios2-elf/4.1.2\libgcc.a(_thenan_sf.o)
                0x00017a3c                __thenan_sf
 .rodata        0x00017a4c       0x14 c:/altera/12.1sp1/nios2eds/bin/gnu/h-i686-mingw32/bin/../lib/gcc/nios2-elf/4.1.2\libgcc.a(_thenan_df.o)
                0x00017a4c                __thenan_df
 .rodata        0x00017a60      0x100 c:/altera/12.1sp1/nios2eds/bin/gnu/h-i686-mingw32/bin/../lib/gcc/nios2-elf/4.1.2\libgcc.a(_clz.o)
                0x00017a60                __clz_tab
 .rodata.str1.4
                0x00017b60        0x2 c:/altera/12.1sp1/nios2eds/bin/gnu/h-i686-mingw32/bin/../lib/gcc/nios2-elf/4.1.2/../../../../nios2-elf/lib\libc.a(lib_a-puts.o)
                                  0x4 (size before relaxing)
 *fill*         0x00017b62        0x2 00
 .rodata.str1.4
                0x00017b64       0x5e c:/altera/12.1sp1/nios2eds/bin/gnu/h-i686-mingw32/bin/../lib/gcc/nios2-elf/4.1.2/../../../../nios2-elf/lib\libc.a(lib_a-vfprintf.o)
                                 0x60 (size before relaxing)
 .rodata        0x00017bc2       0x20 c:/altera/12.1sp1/nios2eds/bin/gnu/h-i686-mingw32/bin/../lib/gcc/nios2-elf/4.1.2/../../../../nios2-elf/lib\libc.a(lib_a-vfprintf.o)
 *fill*         0x00017be2        0x2 00
 .rodata.str1.4
                0x00017be4       0x10 c:/altera/12.1sp1/nios2eds/bin/gnu/h-i686-mingw32/bin/../lib/gcc/nios2-elf/4.1.2/../../../../nios2-elf/lib\libc.a(lib_a-dtoa.o)
                                 0x14 (size before relaxing)
 .rodata.str1.4
                0x00017bf4        0x2 c:/altera/12.1sp1/nios2eds/bin/gnu/h-i686-mingw32/bin/../lib/gcc/nios2-elf/4.1.2/../../../../nios2-elf/lib\libc.a(lib_a-impure.o)
                                  0x4 (size before relaxing)
 *fill*         0x00017bf6        0x2 00
 .rodata.str1.4
                0x00017bf8       0x10 c:/altera/12.1sp1/nios2eds/bin/gnu/h-i686-mingw32/bin/../lib/gcc/nios2-elf/4.1.2/../../../../nios2-elf/lib\libc.a(lib_a-locale.o)
                                 0x18 (size before relaxing)
 .rodata        0x00017c08       0x30 c:/altera/12.1sp1/nios2eds/bin/gnu/h-i686-mingw32/bin/../lib/gcc/nios2-elf/4.1.2/../../../../nios2-elf/lib\libc.a(lib_a-locale.o)
 .rodata        0x00017c38      0x124 c:/altera/12.1sp1/nios2eds/bin/gnu/h-i686-mingw32/bin/../lib/gcc/nios2-elf/4.1.2/../../../../nios2-elf/lib\libc.a(lib_a-mprec.o)
                0x00017c38                __mprec_tens
                0x00017d00                __mprec_bigtens
                0x00017d28                __mprec_tinytens
 .rodata        0x00017d5c        0xc ../VMC_bsp/\libucosii_bsp.a(alt_dev.o)
 .rodata        0x00017d68       0x10 ../VMC_bsp/\libucosii_bsp.a(alt_main.o)
 .rodata        0x00017d78      0x120 ../VMC_bsp/\libucosii_bsp.a(os_core.o)
                0x00017d78                OSUnMapTbl
 .rodata        0x00017e98       0x1c ../VMC_bsp/\libucosii_bsp.a(alt_sys_init.o)
 .rodata        0x00017eb4        0x4 ../VMC_bsp/\libucosii_bsp.a(os_cpu_c.o)
 *(.rodata1)
                0x00017eb8                . = ALIGN (0x4)
                0x00017eb8                PROVIDE (__ram_rodata_end, ABSOLUTE (.))
                0x000179a4                PROVIDE (__flash_rodata_start, LOADADDR (.rodata))

.rwdata         0x00017eb8     0x1bb4 load address 0x00019a6c
                0x00017eb8                PROVIDE (__ram_rwdata_start, ABSOLUTE (.))
                0x00017eb8                . = ALIGN (0x4)
 *(.got.plt)
 *(.got)
 *(.data1)
 *(.data .data.* .gnu.linkonce.d.*)
 .data          0x00017eb8        0x0 ../VMC_bsp//obj/HAL/src/crt0.o
 .data          0x00017eb8        0x0 obj/default/MPU6050/mpu6050.o
 .data          0x00017eb8        0x0 obj/default/VMC.o
 .data          0x00017eb8        0x0 obj/default/head.o
 .data          0x00017eb8        0x0 c:/altera/12.1sp1/nios2eds/bin/gnu/h-i686-mingw32/bin/../lib/gcc/nios2-elf/4.1.2\libgcc.a(_fixunssfsi.o)
 .data          0x00017eb8        0x0 c:/altera/12.1sp1/nios2eds/bin/gnu/h-i686-mingw32/bin/../lib/gcc/nios2-elf/4.1.2\libgcc.a(_addsub_sf.o)
 .data          0x00017eb8        0x0 c:/altera/12.1sp1/nios2eds/bin/gnu/h-i686-mingw32/bin/../lib/gcc/nios2-elf/4.1.2\libgcc.a(_mul_sf.o)
 .data          0x00017eb8        0x0 c:/altera/12.1sp1/nios2eds/bin/gnu/h-i686-mingw32/bin/../lib/gcc/nios2-elf/4.1.2\libgcc.a(_div_sf.o)
 .data          0x00017eb8        0x0 c:/altera/12.1sp1/nios2eds/bin/gnu/h-i686-mingw32/bin/../lib/gcc/nios2-elf/4.1.2\libgcc.a(_ge_sf.o)
 .data          0x00017eb8        0x0 c:/altera/12.1sp1/nios2eds/bin/gnu/h-i686-mingw32/bin/../lib/gcc/nios2-elf/4.1.2\libgcc.a(_si_to_sf.o)
 .data          0x00017eb8        0x0 c:/altera/12.1sp1/nios2eds/bin/gnu/h-i686-mingw32/bin/../lib/gcc/nios2-elf/4.1.2\libgcc.a(_sf_to_si.o)
 .data          0x00017eb8        0x0 c:/altera/12.1sp1/nios2eds/bin/gnu/h-i686-mingw32/bin/../lib/gcc/nios2-elf/4.1.2\libgcc.a(_sf_to_df.o)
 .data          0x00017eb8        0x0 c:/altera/12.1sp1/nios2eds/bin/gnu/h-i686-mingw32/bin/../lib/gcc/nios2-elf/4.1.2\libgcc.a(_thenan_sf.o)
 .data          0x00017eb8        0x0 c:/altera/12.1sp1/nios2eds/bin/gnu/h-i686-mingw32/bin/../lib/gcc/nios2-elf/4.1.2\libgcc.a(_usi_to_sf.o)
 .data          0x00017eb8        0x0 c:/altera/12.1sp1/nios2eds/bin/gnu/h-i686-mingw32/bin/../lib/gcc/nios2-elf/4.1.2\libgcc.a(_addsub_df.o)
 .data          0x00017eb8        0x0 c:/altera/12.1sp1/nios2eds/bin/gnu/h-i686-mingw32/bin/../lib/gcc/nios2-elf/4.1.2\libgcc.a(_make_df.o)
 .data          0x00017eb8        0x0 c:/altera/12.1sp1/nios2eds/bin/gnu/h-i686-mingw32/bin/../lib/gcc/nios2-elf/4.1.2\libgcc.a(_thenan_df.o)
 .data          0x00017eb8        0x0 c:/altera/12.1sp1/nios2eds/bin/gnu/h-i686-mingw32/bin/../lib/gcc/nios2-elf/4.1.2\libgcc.a(lib2-divmod.o)
 .data          0x00017eb8        0x0 c:/altera/12.1sp1/nios2eds/bin/gnu/h-i686-mingw32/bin/../lib/gcc/nios2-elf/4.1.2\libgcc.a(_muldi3.o)
 .data          0x00017eb8        0x0 c:/altera/12.1sp1/nios2eds/bin/gnu/h-i686-mingw32/bin/../lib/gcc/nios2-elf/4.1.2\libgcc.a(_clzsi2.o)
 .data          0x00017eb8        0x0 c:/altera/12.1sp1/nios2eds/bin/gnu/h-i686-mingw32/bin/../lib/gcc/nios2-elf/4.1.2\libgcc.a(_pack_sf.o)
 .data          0x00017eb8        0x0 c:/altera/12.1sp1/nios2eds/bin/gnu/h-i686-mingw32/bin/../lib/gcc/nios2-elf/4.1.2\libgcc.a(_unpack_sf.o)
 .data          0x00017eb8        0x0 c:/altera/12.1sp1/nios2eds/bin/gnu/h-i686-mingw32/bin/../lib/gcc/nios2-elf/4.1.2\libgcc.a(_fpcmp_parts_sf.o)
 .data          0x00017eb8        0x0 c:/altera/12.1sp1/nios2eds/bin/gnu/h-i686-mingw32/bin/../lib/gcc/nios2-elf/4.1.2\libgcc.a(_pack_df.o)
 .data          0x00017eb8        0x0 c:/altera/12.1sp1/nios2eds/bin/gnu/h-i686-mingw32/bin/../lib/gcc/nios2-elf/4.1.2\libgcc.a(_unpack_df.o)
 .data          0x00017eb8        0x0 c:/altera/12.1sp1/nios2eds/bin/gnu/h-i686-mingw32/bin/../lib/gcc/nios2-elf/4.1.2\libgcc.a(_clz.o)
 .data          0x00017eb8        0x0 c:/altera/12.1sp1/nios2eds/bin/gnu/h-i686-mingw32/bin/../lib/gcc/nios2-elf/4.1.2/../../../../nios2-elf/lib\libc.a(lib_a-printf.o)
 .data          0x00017eb8        0x0 c:/altera/12.1sp1/nios2eds/bin/gnu/h-i686-mingw32/bin/../lib/gcc/nios2-elf/4.1.2/../../../../nios2-elf/lib\libc.a(lib_a-puts.o)
 .data          0x00017eb8        0x0 c:/altera/12.1sp1/nios2eds/bin/gnu/h-i686-mingw32/bin/../lib/gcc/nios2-elf/4.1.2/../../../../nios2-elf/lib\libc.a(lib_a-strlen.o)
 .data          0x00017eb8        0x0 c:/altera/12.1sp1/nios2eds/bin/gnu/h-i686-mingw32/bin/../lib/gcc/nios2-elf/4.1.2/../../../../nios2-elf/lib\libc.a(lib_a-vfprintf.o)
 .data          0x00017eb8        0x0 c:/altera/12.1sp1/nios2eds/bin/gnu/h-i686-mingw32/bin/../lib/gcc/nios2-elf/4.1.2/../../../../nios2-elf/lib\libc.a(lib_a-wsetup.o)
 .data          0x00017eb8        0x0 c:/altera/12.1sp1/nios2eds/bin/gnu/h-i686-mingw32/bin/../lib/gcc/nios2-elf/4.1.2/../../../../nios2-elf/lib\libc.a(lib_a-dtoa.o)
 .data          0x00017eb8        0x0 c:/altera/12.1sp1/nios2eds/bin/gnu/h-i686-mingw32/bin/../lib/gcc/nios2-elf/4.1.2/../../../../nios2-elf/lib\libc.a(lib_a-fflush.o)
 .data          0x00017eb8        0x0 c:/altera/12.1sp1/nios2eds/bin/gnu/h-i686-mingw32/bin/../lib/gcc/nios2-elf/4.1.2/../../../../nios2-elf/lib\libc.a(lib_a-findfp.o)
 .data          0x00017eb8        0x0 c:/altera/12.1sp1/nios2eds/bin/gnu/h-i686-mingw32/bin/../lib/gcc/nios2-elf/4.1.2/../../../../nios2-elf/lib\libc.a(lib_a-freer.o)
 .data          0x00017eb8        0x0 c:/altera/12.1sp1/nios2eds/bin/gnu/h-i686-mingw32/bin/../lib/gcc/nios2-elf/4.1.2/../../../../nios2-elf/lib\libc.a(lib_a-fvwrite.o)
 .data          0x00017eb8        0x0 c:/altera/12.1sp1/nios2eds/bin/gnu/h-i686-mingw32/bin/../lib/gcc/nios2-elf/4.1.2/../../../../nios2-elf/lib\libc.a(lib_a-fwalk.o)
 .data          0x00017eb8      0x400 c:/altera/12.1sp1/nios2eds/bin/gnu/h-i686-mingw32/bin/../lib/gcc/nios2-elf/4.1.2/../../../../nios2-elf/lib\libc.a(lib_a-impure.o)
 .data          0x000182b8        0xc c:/altera/12.1sp1/nios2eds/bin/gnu/h-i686-mingw32/bin/../lib/gcc/nios2-elf/4.1.2/../../../../nios2-elf/lib\libc.a(lib_a-locale.o)
                0x000182b8                __lc_ctype
 .data          0x000182c4        0x0 c:/altera/12.1sp1/nios2eds/bin/gnu/h-i686-mingw32/bin/../lib/gcc/nios2-elf/4.1.2/../../../../nios2-elf/lib\libc.a(lib_a-makebuf.o)
 .data          0x000182c4      0x408 c:/altera/12.1sp1/nios2eds/bin/gnu/h-i686-mingw32/bin/../lib/gcc/nios2-elf/4.1.2/../../../../nios2-elf/lib\libc.a(lib_a-mallocr.o)
                0x000182c4                __malloc_av_
 .data          0x000186cc        0x0 c:/altera/12.1sp1/nios2eds/bin/gnu/h-i686-mingw32/bin/../lib/gcc/nios2-elf/4.1.2/../../../../nios2-elf/lib\libc.a(lib_a-memchr.o)
 .data          0x000186cc        0x0 c:/altera/12.1sp1/nios2eds/bin/gnu/h-i686-mingw32/bin/../lib/gcc/nios2-elf/4.1.2/../../../../nios2-elf/lib\libc.a(lib_a-memcpy.o)
 .data          0x000186cc        0x0 c:/altera/12.1sp1/nios2eds/bin/gnu/h-i686-mingw32/bin/../lib/gcc/nios2-elf/4.1.2/../../../../nios2-elf/lib\libc.a(lib_a-memmove.o)
 .data          0x000186cc        0x0 c:/altera/12.1sp1/nios2eds/bin/gnu/h-i686-mingw32/bin/../lib/gcc/nios2-elf/4.1.2/../../../../nios2-elf/lib\libc.a(lib_a-memset.o)
 .data          0x000186cc        0x0 c:/altera/12.1sp1/nios2eds/bin/gnu/h-i686-mingw32/bin/../lib/gcc/nios2-elf/4.1.2/../../../../nios2-elf/lib\libc.a(lib_a-mprec.o)
 .data          0x000186cc        0x0 c:/altera/12.1sp1/nios2eds/bin/gnu/h-i686-mingw32/bin/../lib/gcc/nios2-elf/4.1.2/../../../../nios2-elf/lib\libc.a(lib_a-reallocr.o)
 .data          0x000186cc        0x0 c:/altera/12.1sp1/nios2eds/bin/gnu/h-i686-mingw32/bin/../lib/gcc/nios2-elf/4.1.2/../../../../nios2-elf/lib\libc.a(lib_a-s_isinfd.o)
 .data          0x000186cc        0x0 c:/altera/12.1sp1/nios2eds/bin/gnu/h-i686-mingw32/bin/../lib/gcc/nios2-elf/4.1.2/../../../../nios2-elf/lib\libc.a(lib_a-s_isnand.o)
 .data          0x000186cc        0x0 c:/altera/12.1sp1/nios2eds/bin/gnu/h-i686-mingw32/bin/../lib/gcc/nios2-elf/4.1.2/../../../../nios2-elf/lib\libc.a(lib_a-sbrkr.o)
 .data          0x000186cc        0x0 c:/altera/12.1sp1/nios2eds/bin/gnu/h-i686-mingw32/bin/../lib/gcc/nios2-elf/4.1.2/../../../../nios2-elf/lib\libc.a(lib_a-stdio.o)
 .data          0x000186cc        0x0 c:/altera/12.1sp1/nios2eds/bin/gnu/h-i686-mingw32/bin/../lib/gcc/nios2-elf/4.1.2/../../../../nios2-elf/lib\libc.a(lib_a-strcmp.o)
 .data          0x000186cc        0x0 c:/altera/12.1sp1/nios2eds/bin/gnu/h-i686-mingw32/bin/../lib/gcc/nios2-elf/4.1.2/../../../../nios2-elf/lib\libc.a(lib_a-writer.o)
 .data          0x000186cc        0x0 c:/altera/12.1sp1/nios2eds/bin/gnu/h-i686-mingw32/bin/../lib/gcc/nios2-elf/4.1.2/../../../../nios2-elf/lib\libc.a(lib_a-callocr.o)
 .data          0x000186cc        0x0 c:/altera/12.1sp1/nios2eds/bin/gnu/h-i686-mingw32/bin/../lib/gcc/nios2-elf/4.1.2/../../../../nios2-elf/lib\libc.a(lib_a-closer.o)
 .data          0x000186cc        0x0 c:/altera/12.1sp1/nios2eds/bin/gnu/h-i686-mingw32/bin/../lib/gcc/nios2-elf/4.1.2/../../../../nios2-elf/lib\libc.a(lib_a-fclose.o)
 .data          0x000186cc        0x0 c:/altera/12.1sp1/nios2eds/bin/gnu/h-i686-mingw32/bin/../lib/gcc/nios2-elf/4.1.2/../../../../nios2-elf/lib\libc.a(lib_a-fstatr.o)
 .data          0x000186cc        0x0 c:/altera/12.1sp1/nios2eds/bin/gnu/h-i686-mingw32/bin/../lib/gcc/nios2-elf/4.1.2/../../../../nios2-elf/lib\libc.a(lib_a-int_errno.o)
 .data          0x000186cc        0x0 c:/altera/12.1sp1/nios2eds/bin/gnu/h-i686-mingw32/bin/../lib/gcc/nios2-elf/4.1.2/../../../../nios2-elf/lib\libc.a(lib_a-isattyr.o)
 .data          0x000186cc        0x0 c:/altera/12.1sp1/nios2eds/bin/gnu/h-i686-mingw32/bin/../lib/gcc/nios2-elf/4.1.2/../../../../nios2-elf/lib\libc.a(lib_a-lseekr.o)
 .data          0x000186cc        0x0 c:/altera/12.1sp1/nios2eds/bin/gnu/h-i686-mingw32/bin/../lib/gcc/nios2-elf/4.1.2/../../../../nios2-elf/lib\libc.a(lib_a-readr.o)
 .data          0x000186cc        0x0 c:/altera/12.1sp1/nios2eds/bin/gnu/h-i686-mingw32/bin/../lib/gcc/nios2-elf/4.1.2\libgcc.a(_udivdi3.o)
 .data          0x000186cc        0x0 c:/altera/12.1sp1/nios2eds/bin/gnu/h-i686-mingw32/bin/../lib/gcc/nios2-elf/4.1.2\libgcc.a(_umoddi3.o)
 .data          0x000186cc        0x0 c:/altera/12.1sp1/nios2eds/bin/gnu/h-i686-mingw32/bin/../lib/gcc/nios2-elf/4.1.2\libgcc.a(_mul_df.o)
 .data          0x000186cc        0x0 c:/altera/12.1sp1/nios2eds/bin/gnu/h-i686-mingw32/bin/../lib/gcc/nios2-elf/4.1.2\libgcc.a(_div_df.o)
 .data          0x000186cc        0x0 c:/altera/12.1sp1/nios2eds/bin/gnu/h-i686-mingw32/bin/../lib/gcc/nios2-elf/4.1.2\libgcc.a(_eq_df.o)
 .data          0x000186cc        0x0 c:/altera/12.1sp1/nios2eds/bin/gnu/h-i686-mingw32/bin/../lib/gcc/nios2-elf/4.1.2\libgcc.a(_ne_df.o)
 .data          0x000186cc        0x0 c:/altera/12.1sp1/nios2eds/bin/gnu/h-i686-mingw32/bin/../lib/gcc/nios2-elf/4.1.2\libgcc.a(_gt_df.o)
 .data          0x000186cc        0x0 c:/altera/12.1sp1/nios2eds/bin/gnu/h-i686-mingw32/bin/../lib/gcc/nios2-elf/4.1.2\libgcc.a(_ge_df.o)
 .data          0x000186cc        0x0 c:/altera/12.1sp1/nios2eds/bin/gnu/h-i686-mingw32/bin/../lib/gcc/nios2-elf/4.1.2\libgcc.a(_lt_df.o)
 .data          0x000186cc        0x0 c:/altera/12.1sp1/nios2eds/bin/gnu/h-i686-mingw32/bin/../lib/gcc/nios2-elf/4.1.2\libgcc.a(_si_to_df.o)
 .data          0x000186cc        0x0 c:/altera/12.1sp1/nios2eds/bin/gnu/h-i686-mingw32/bin/../lib/gcc/nios2-elf/4.1.2\libgcc.a(_df_to_si.o)
 .data          0x000186cc        0x0 c:/altera/12.1sp1/nios2eds/bin/gnu/h-i686-mingw32/bin/../lib/gcc/nios2-elf/4.1.2\libgcc.a(_usi_to_df.o)
 .data          0x000186cc        0x0 c:/altera/12.1sp1/nios2eds/bin/gnu/h-i686-mingw32/bin/../lib/gcc/nios2-elf/4.1.2\libgcc.a(_fpcmp_parts_df.o)
 .data          0x000186cc        0x0 ../VMC_bsp/\libucosii_bsp.a(alt_close.o)
 .data          0x000186cc      0x1a8 ../VMC_bsp/\libucosii_bsp.a(alt_dev.o)
                0x000186cc                alt_dev_null
                0x000186f4                alt_fd_list
 .data          0x00018874        0x0 ../VMC_bsp/\libucosii_bsp.a(alt_errno.o)
 .data          0x00018874        0x0 ../VMC_bsp/\libucosii_bsp.a(alt_fstat.o)
 .data          0x00018874        0x0 ../VMC_bsp/\libucosii_bsp.a(alt_isatty.o)
 .data          0x00018874        0x0 ../VMC_bsp/\libucosii_bsp.a(alt_load.o)
 .data          0x00018874        0x0 ../VMC_bsp/\libucosii_bsp.a(alt_lseek.o)
 .data          0x00018874        0x0 ../VMC_bsp/\libucosii_bsp.a(alt_main.o)
 .data          0x00018874        0x0 ../VMC_bsp/\libucosii_bsp.a(alt_read.o)
 .data          0x00018874        0x0 ../VMC_bsp/\libucosii_bsp.a(alt_release_fd.o)
 .data          0x00018874        0x0 ../VMC_bsp/\libucosii_bsp.a(alt_sbrk.o)
 .data          0x00018874        0x0 ../VMC_bsp/\libucosii_bsp.a(alt_write.o)
 .data          0x00018874        0x0 ../VMC_bsp/\libucosii_bsp.a(alt_env_lock.o)
 .data          0x00018874        0x0 ../VMC_bsp/\libucosii_bsp.a(alt_malloc_lock.o)
 .data          0x00018874        0x0 ../VMC_bsp/\libucosii_bsp.a(os_core.o)
 .data          0x00018874        0x0 ../VMC_bsp/\libucosii_bsp.a(os_dbg.o)
 .data          0x00018874        0x0 ../VMC_bsp/\libucosii_bsp.a(os_flag.o)
 .data          0x00018874        0x0 ../VMC_bsp/\libucosii_bsp.a(os_mem.o)
 .data          0x00018874        0x0 ../VMC_bsp/\libucosii_bsp.a(os_q.o)
 .data          0x00018874        0x0 ../VMC_bsp/\libucosii_bsp.a(os_sem.o)
 .data          0x00018874        0x0 ../VMC_bsp/\libucosii_bsp.a(os_task.o)
 .data          0x00018874        0x0 ../VMC_bsp/\libucosii_bsp.a(os_time.o)
 .data          0x00018874     0x1134 ../VMC_bsp/\libucosii_bsp.a(alt_sys_init.o)
 .data          0x000199a8        0x0 ../VMC_bsp/\libucosii_bsp.a(altera_avalon_epcs_flash_controller.o)
 .data          0x000199a8        0x0 ../VMC_bsp/\libucosii_bsp.a(altera_avalon_jtag_uart_fd.o)
 .data          0x000199a8        0x0 ../VMC_bsp/\libucosii_bsp.a(altera_avalon_jtag_uart_init.o)
 .data          0x000199a8        0x0 ../VMC_bsp/\libucosii_bsp.a(altera_avalon_jtag_uart_ioctl.o)
 .data          0x000199a8        0x0 ../VMC_bsp/\libucosii_bsp.a(altera_avalon_jtag_uart_read.o)
 .data          0x000199a8        0x0 ../VMC_bsp/\libucosii_bsp.a(altera_avalon_jtag_uart_write.o)
 .data          0x000199a8        0x0 ../VMC_bsp/\libucosii_bsp.a(altera_avalon_timer_sc.o)
 .data          0x000199a8        0x0 ../VMC_bsp/\libucosii_bsp.a(epcs_commands.o)
 .data          0x000199a8        0x0 ../VMC_bsp/\libucosii_bsp.a(alt_alarm_start.o)
 .data          0x000199a8        0x0 ../VMC_bsp/\libucosii_bsp.a(alt_dcache_flush_all.o)
 .data          0x000199a8        0x0 ../VMC_bsp/\libucosii_bsp.a(alt_dev_llist_insert.o)
 .data          0x000199a8        0x0 ../VMC_bsp/\libucosii_bsp.a(alt_do_ctors.o)
 .data          0x000199a8        0x0 ../VMC_bsp/\libucosii_bsp.a(alt_do_dtors.o)
 .data          0x000199a8        0x0 ../VMC_bsp/\libucosii_bsp.a(alt_flash_dev.o)
 .data          0x000199a8        0x0 ../VMC_bsp/\libucosii_bsp.a(alt_icache_flush_all.o)
 .data          0x000199a8        0x0 ../VMC_bsp/\libucosii_bsp.a(alt_iic.o)
 .data          0x000199a8        0x0 ../VMC_bsp/\libucosii_bsp.a(alt_iic_isr_register.o)
 .data          0x000199a8        0x0 ../VMC_bsp/\libucosii_bsp.a(alt_io_redirect.o)
 .data          0x000199a8        0x0 ../VMC_bsp/\libucosii_bsp.a(alt_irq_entry.o)
 .data          0x000199a8        0x0 ../VMC_bsp/\libucosii_bsp.a(alt_irq_handler.o)
 .data          0x000199a8        0x0 ../VMC_bsp/\libucosii_bsp.a(alt_irq_vars.o)
 .data          0x000199a8        0x0 ../VMC_bsp/\libucosii_bsp.a(alt_open.o)
 .data          0x000199a8        0x0 ../VMC_bsp/\libucosii_bsp.a(alt_tick.o)
 .data          0x000199a8        0x0 ../VMC_bsp/\libucosii_bsp.a(altera_nios2_irq.o)
 .data          0x000199a8        0x0 ../VMC_bsp/\libucosii_bsp.a(os_cpu_a.o)
 .data          0x000199a8        0x0 ../VMC_bsp/\libucosii_bsp.a(os_cpu_c.o)
 .data          0x000199a8        0x0 ../VMC_bsp/\libucosii_bsp.a(altera_avalon_spi.o)
 .data          0x000199a8        0x0 ../VMC_bsp/\libucosii_bsp.a(alt_exception_entry.o)
 .data          0x000199a8        0x0 ../VMC_bsp/\libucosii_bsp.a(alt_find_dev.o)
 .data          0x000199a8        0x0 ../VMC_bsp/\libucosii_bsp.a(alt_find_file.o)
 .data          0x000199a8        0x0 ../VMC_bsp/\libucosii_bsp.a(alt_get_fd.o)
 .data          0x000199a8        0x0 ../VMC_bsp/\libucosii_bsp.a(alt_icache_flush.o)
 .data          0x000199a8        0x0 c:/altera/12.1sp1/nios2eds/bin/gnu/h-i686-mingw32/bin/../lib/gcc/nios2-elf/4.1.2/../../../../nios2-elf/lib\libc.a(lib_a-atexit.o)
 .data          0x000199a8        0x0 c:/altera/12.1sp1/nios2eds/bin/gnu/h-i686-mingw32/bin/../lib/gcc/nios2-elf/4.1.2/../../../../nios2-elf/lib\libc.a(lib_a-exit.o)
 .data          0x000199a8        0x0 c:/altera/12.1sp1/nios2eds/bin/gnu/h-i686-mingw32/bin/../lib/gcc/nios2-elf/4.1.2/../../../../nios2-elf/lib\libc.a(lib_a-memcmp.o)
 .data          0x000199a8        0x0 c:/altera/12.1sp1/nios2eds/bin/gnu/h-i686-mingw32/bin/../lib/gcc/nios2-elf/4.1.2/../../../../nios2-elf/lib\libc.a(lib_a-__atexit.o)
 .data          0x000199a8        0x0 c:/altera/12.1sp1/nios2eds/bin/gnu/h-i686-mingw32/bin/../lib/gcc/nios2-elf/4.1.2/../../../../nios2-elf/lib\libc.a(lib_a-__call_atexit.o)
 .data          0x000199a8        0x0 ../VMC_bsp/\libucosii_bsp.a(alt_exit.o)
                0x000219a8                _gp = ABSOLUTE ((. + 0x8000))
                0x000219a8                PROVIDE (gp, _gp)
 *(.rwdata .rwdata.*)
 *(.sdata .sdata.* .gnu.linkonce.s.*)
 .sdata         0x000199a8        0x8 c:/altera/12.1sp1/nios2eds/bin/gnu/h-i686-mingw32/bin/../lib/gcc/nios2-elf/4.1.2/../../../../nios2-elf/lib\libc.a(lib_a-impure.o)
                0x000199a8                _impure_ptr
                0x000199ac                _global_impure_ptr
 .sdata         0x000199b0        0x8 c:/altera/12.1sp1/nios2eds/bin/gnu/h-i686-mingw32/bin/../lib/gcc/nios2-elf/4.1.2/../../../../nios2-elf/lib\libc.a(lib_a-locale.o)
                0x000199b0                __mb_cur_max
 .sdata         0x000199b8        0x8 c:/altera/12.1sp1/nios2eds/bin/gnu/h-i686-mingw32/bin/../lib/gcc/nios2-elf/4.1.2/../../../../nios2-elf/lib\libc.a(lib_a-mallocr.o)
                0x000199b8                __malloc_trim_threshold
                0x000199bc                __malloc_sbrk_base
 .sdata         0x000199c0       0x14 ../VMC_bsp/\libucosii_bsp.a(alt_dev.o)
                0x000199c0                alt_fs_list
                0x000199c8                alt_dev_list
                0x000199d0                alt_max_fd
 .sdata         0x000199d4        0x4 ../VMC_bsp/\libucosii_bsp.a(alt_errno.o)
                0x000199d4                alt_errno
 .sdata         0x000199d8        0x4 ../VMC_bsp/\libucosii_bsp.a(alt_sbrk.o)
 .sdata         0x000199dc        0x4 ../VMC_bsp/\libucosii_bsp.a(alt_env_lock.o)
 .sdata         0x000199e0        0x4 ../VMC_bsp/\libucosii_bsp.a(alt_malloc_lock.o)
 .sdata         0x000199e4       0x74 ../VMC_bsp/\libucosii_bsp.a(os_dbg.o)
                0x000199e4                OSDebugEn
                0x000199e8                OSEndiannessTest
                0x000199ec                OSEventEn
                0x000199ee                OSEventMax
                0x000199f0                OSEventNameSize
                0x000199f2                OSEventSize
                0x000199f4                OSEventTblSize
                0x000199f6                OSEventMultiEn
                0x000199f8                OSFlagEn
                0x000199fa                OSFlagGrpSize
                0x000199fc                OSFlagNodeSize
                0x000199fe                OSFlagWidth
                0x00019a00                OSFlagMax
                0x00019a02                OSFlagNameSize
                0x00019a04                OSLowestPrio
                0x00019a06                OSMboxEn
                0x00019a08                OSMemEn
                0x00019a0a                OSMemMax
                0x00019a0c                OSMemNameSize
                0x00019a0e                OSMemSize
                0x00019a10                OSMemTblSize
                0x00019a12                OSMutexEn
                0x00019a14                OSPtrSize
                0x00019a16                OSQEn
                0x00019a18                OSQMax
                0x00019a1a                OSQSize
                0x00019a1c                OSRdyTblSize
                0x00019a1e                OSSemEn
                0x00019a20                OSStkWidth
                0x00019a22                OSTaskCreateEn
                0x00019a24                OSTaskCreateExtEn
                0x00019a26                OSTaskDelEn
                0x00019a28                OSTaskIdleStkSize
                0x00019a2a                OSTaskProfileEn
                0x00019a2c                OSTaskMax
                0x00019a2e                OSTaskNameSize
                0x00019a30                OSTaskStatEn
                0x00019a32                OSTaskStatStkSize
                0x00019a34                OSTaskStatStkChkEn
                0x00019a36                OSTaskSwHookEn
                0x00019a38                OSTCBPrioTblMax
                0x00019a3a                OSTCBSize
                0x00019a3c                OSTicksPerSec
                0x00019a3e                OSTimeTickHookEn
                0x00019a40                OSVersionNbr
                0x00019a42                OSTmrEn
                0x00019a44                OSTmrCfgMax
                0x00019a46                OSTmrCfgNameSize
                0x00019a48                OSTmrCfgWheelSize
                0x00019a4a                OSTmrCfgTicksPerSec
                0x00019a4c                OSTmrSize
                0x00019a4e                OSTmrTblSize
                0x00019a50                OSTmrWheelSize
                0x00019a52                OSTmrWheelTblSize
                0x00019a54                OSDataSize
 .sdata         0x00019a58        0x8 ../VMC_bsp/\libucosii_bsp.a(alt_flash_dev.o)
                0x00019a58                alt_flash_dev_list
 .sdata         0x00019a60        0x4 ../VMC_bsp/\libucosii_bsp.a(alt_irq_vars.o)
                0x00019a60                alt_priority_mask
 .sdata         0x00019a64        0x8 ../VMC_bsp/\libucosii_bsp.a(alt_tick.o)
                0x00019a64                alt_alarm_list
 *(.sdata2 .sdata2.* .gnu.linkonce.s2.*)
                0x00019a6c                . = ALIGN (0x4)
                0x00019a6c                _edata = ABSOLUTE (.)
                0x00019a6c                PROVIDE (edata, ABSOLUTE (.))
                0x00019a6c                PROVIDE (__ram_rwdata_end, ABSOLUTE (.))
                0x00019a6c                PROVIDE (__flash_rwdata_start, LOADADDR (.rwdata))

.bss            0x0001b620     0x7634
                0x0001b620                __bss_start = ABSOLUTE (.)
                0x0001b620                PROVIDE (__sbss_start, ABSOLUTE (.))
                0x0001b620                PROVIDE (___sbss_start, ABSOLUTE (.))
 *(.dynsbss)
 *(.sbss .sbss.* .gnu.linkonce.sb.*)
 .sbss          0x0001b620       0x5c obj/default/MPU6050/mpu6050.o
                0x0001b620                pI2CDataAvailable
                0x0001b624                pRearRightEncRead
                0x0001b628                pFrontLeftEncRead
                0x0001b62c                pHc_sr04
                0x0001b630                pFrontRightDutySet
                0x0001b634                pRearRightEncSet
                0x0001b638                pI2CRegWriteData
                0x0001b63c                c
                0x0001b640                pUltraSoundArray
                0x0001b644                pFrontLeftEncSet
                0x0001b648                pFrontRightEncRead
                0x0001b64c                pI2CDataLen
                0x0001b650                uPwmPeriod
                0x0001b654                pFrontLeftDutySet
                0x0001b658                pI2C
                0x0001b65c                pRearLeftEncSet
                0x0001b660                pFrontRightEncSet
                0x0001b664                pRearLeftEncRead
                0x0001b668                pRearLeftDutySet
                0x0001b66c                pRearRightDutySet
                0x0001b670                pwm_enable
                0x0001b674                pI2CCmd
                0x0001b678                pI2CReg
 .sbss          0x0001b67c        0xc c:/altera/12.1sp1/nios2eds/bin/gnu/h-i686-mingw32/bin/../lib/gcc/nios2-elf/4.1.2/../../../../nios2-elf/lib\libc.a(lib_a-locale.o)
                0x0001b67c                __nlocale_changed
                0x0001b680                __mlocale_changed
                0x0001b684                _PathLocale
 .sbss          0x0001b688        0xc c:/altera/12.1sp1/nios2eds/bin/gnu/h-i686-mingw32/bin/../lib/gcc/nios2-elf/4.1.2/../../../../nios2-elf/lib\libc.a(lib_a-mallocr.o)
                0x0001b688                __malloc_top_pad
                0x0001b68c                __malloc_max_sbrked_mem
                0x0001b690                __malloc_max_total_mem
 .sbss          0x0001b694        0x4 c:/altera/12.1sp1/nios2eds/bin/gnu/h-i686-mingw32/bin/../lib/gcc/nios2-elf/4.1.2/../../../../nios2-elf/lib\libc.a(lib_a-int_errno.o)
                0x0001b694                errno
 .sbss          0x0001b698        0x4 ../VMC_bsp/\libucosii_bsp.a(alt_dev.o)
                0x0001b698                alt_fd_list_lock
 .sbss          0x0001b69c        0xc ../VMC_bsp/\libucosii_bsp.a(alt_main.o)
                0x0001b69c                alt_argc
                0x0001b6a0                alt_argv
                0x0001b6a4                alt_envp
 .sbss          0x0001b6a8        0x8 ../VMC_bsp/\libucosii_bsp.a(alt_env_lock.o)
                0x0001b6ac                alt_envsem
 .sbss          0x0001b6b0        0x8 ../VMC_bsp/\libucosii_bsp.a(alt_malloc_lock.o)
                0x0001b6b4                alt_heapsem
 .sbss          0x0001b6b8       0x50 ../VMC_bsp/\libucosii_bsp.a(os_core.o)
                0x0001b6b8                OSLockNesting
                0x0001b6b9                OSRunning
                0x0001b6bc                OSIdleCtr
                0x0001b6c0                OSPrioHighRdy
                0x0001b6c1                OSPrioCur
                0x0001b6c4                OSTCBList
                0x0001b6c8                OSTickStepState
                0x0001b6cc                OSCtxSwCtr
                0x0001b6d0                OSIdleCtrMax
                0x0001b6d4                OSTCBFreeList
                0x0001b6d8                OSCPUUsage
                0x0001b6d9                OSTaskCtr
                0x0001b6dc                OSMemFreeList
                0x0001b6e0                OSTCBHighRdy
                0x0001b6e4                OSQFreeList
                0x0001b6e8                OSRdyGrp
                0x0001b6e9                OSRdyTbl
                0x0001b6ec                OSEventFreeList
                0x0001b6f0                OSIntNesting
                0x0001b6f4                OSTCBCur
                0x0001b6f8                OSTime
                0x0001b6fc                OSFlagFreeList
                0x0001b700                OSStatRdy
                0x0001b704                OSIdleCtrRun
 .sbss          0x0001b708        0x4 ../VMC_bsp/\libucosii_bsp.a(alt_irq_vars.o)
                0x0001b708                alt_irq_active
 .sbss          0x0001b70c        0x8 ../VMC_bsp/\libucosii_bsp.a(alt_tick.o)
                0x0001b70c                _alt_tick_rate
                0x0001b710                _alt_nticks
 *(.sbss2 .sbss2.* .gnu.linkonce.sb2.*)
 *(.scommon)
                0x0001b714                PROVIDE (__sbss_end, ABSOLUTE (.))
                0x0001b714                PROVIDE (___sbss_end, ABSOLUTE (.))
 *(.dynbss)
 *(.bss .bss.* .gnu.linkonce.b.*)
 .bss           0x0001b714        0x0 ../VMC_bsp//obj/HAL/src/crt0.o
 .bss           0x0001b714        0x0 obj/default/MPU6050/mpu6050.o
 .bss           0x0001b714        0x0 obj/default/VMC.o
 .bss           0x0001b714        0x0 obj/default/head.o
 .bss           0x0001b714        0x0 c:/altera/12.1sp1/nios2eds/bin/gnu/h-i686-mingw32/bin/../lib/gcc/nios2-elf/4.1.2\libgcc.a(_fixunssfsi.o)
 .bss           0x0001b714        0x0 c:/altera/12.1sp1/nios2eds/bin/gnu/h-i686-mingw32/bin/../lib/gcc/nios2-elf/4.1.2\libgcc.a(_addsub_sf.o)
 .bss           0x0001b714        0x0 c:/altera/12.1sp1/nios2eds/bin/gnu/h-i686-mingw32/bin/../lib/gcc/nios2-elf/4.1.2\libgcc.a(_mul_sf.o)
 .bss           0x0001b714        0x0 c:/altera/12.1sp1/nios2eds/bin/gnu/h-i686-mingw32/bin/../lib/gcc/nios2-elf/4.1.2\libgcc.a(_div_sf.o)
 .bss           0x0001b714        0x0 c:/altera/12.1sp1/nios2eds/bin/gnu/h-i686-mingw32/bin/../lib/gcc/nios2-elf/4.1.2\libgcc.a(_ge_sf.o)
 .bss           0x0001b714        0x0 c:/altera/12.1sp1/nios2eds/bin/gnu/h-i686-mingw32/bin/../lib/gcc/nios2-elf/4.1.2\libgcc.a(_si_to_sf.o)
 .bss           0x0001b714        0x0 c:/altera/12.1sp1/nios2eds/bin/gnu/h-i686-mingw32/bin/../lib/gcc/nios2-elf/4.1.2\libgcc.a(_sf_to_si.o)
 .bss           0x0001b714        0x0 c:/altera/12.1sp1/nios2eds/bin/gnu/h-i686-mingw32/bin/../lib/gcc/nios2-elf/4.1.2\libgcc.a(_sf_to_df.o)
 .bss           0x0001b714        0x0 c:/altera/12.1sp1/nios2eds/bin/gnu/h-i686-mingw32/bin/../lib/gcc/nios2-elf/4.1.2\libgcc.a(_thenan_sf.o)
 .bss           0x0001b714        0x0 c:/altera/12.1sp1/nios2eds/bin/gnu/h-i686-mingw32/bin/../lib/gcc/nios2-elf/4.1.2\libgcc.a(_usi_to_sf.o)
 .bss           0x0001b714        0x0 c:/altera/12.1sp1/nios2eds/bin/gnu/h-i686-mingw32/bin/../lib/gcc/nios2-elf/4.1.2\libgcc.a(_addsub_df.o)
 .bss           0x0001b714        0x0 c:/altera/12.1sp1/nios2eds/bin/gnu/h-i686-mingw32/bin/../lib/gcc/nios2-elf/4.1.2\libgcc.a(_make_df.o)
 .bss           0x0001b714        0x0 c:/altera/12.1sp1/nios2eds/bin/gnu/h-i686-mingw32/bin/../lib/gcc/nios2-elf/4.1.2\libgcc.a(_thenan_df.o)
 .bss           0x0001b714        0x0 c:/altera/12.1sp1/nios2eds/bin/gnu/h-i686-mingw32/bin/../lib/gcc/nios2-elf/4.1.2\libgcc.a(lib2-divmod.o)
 .bss           0x0001b714        0x0 c:/altera/12.1sp1/nios2eds/bin/gnu/h-i686-mingw32/bin/../lib/gcc/nios2-elf/4.1.2\libgcc.a(_muldi3.o)
 .bss           0x0001b714        0x0 c:/altera/12.1sp1/nios2eds/bin/gnu/h-i686-mingw32/bin/../lib/gcc/nios2-elf/4.1.2\libgcc.a(_clzsi2.o)
 .bss           0x0001b714        0x0 c:/altera/12.1sp1/nios2eds/bin/gnu/h-i686-mingw32/bin/../lib/gcc/nios2-elf/4.1.2\libgcc.a(_pack_sf.o)
 .bss           0x0001b714        0x0 c:/altera/12.1sp1/nios2eds/bin/gnu/h-i686-mingw32/bin/../lib/gcc/nios2-elf/4.1.2\libgcc.a(_unpack_sf.o)
 .bss           0x0001b714        0x0 c:/altera/12.1sp1/nios2eds/bin/gnu/h-i686-mingw32/bin/../lib/gcc/nios2-elf/4.1.2\libgcc.a(_fpcmp_parts_sf.o)
 .bss           0x0001b714        0x0 c:/altera/12.1sp1/nios2eds/bin/gnu/h-i686-mingw32/bin/../lib/gcc/nios2-elf/4.1.2\libgcc.a(_pack_df.o)
 .bss           0x0001b714        0x0 c:/altera/12.1sp1/nios2eds/bin/gnu/h-i686-mingw32/bin/../lib/gcc/nios2-elf/4.1.2\libgcc.a(_unpack_df.o)
 .bss           0x0001b714        0x0 c:/altera/12.1sp1/nios2eds/bin/gnu/h-i686-mingw32/bin/../lib/gcc/nios2-elf/4.1.2\libgcc.a(_clz.o)
 .bss           0x0001b714        0x0 c:/altera/12.1sp1/nios2eds/bin/gnu/h-i686-mingw32/bin/../lib/gcc/nios2-elf/4.1.2/../../../../nios2-elf/lib\libc.a(lib_a-printf.o)
 .bss           0x0001b714        0x0 c:/altera/12.1sp1/nios2eds/bin/gnu/h-i686-mingw32/bin/../lib/gcc/nios2-elf/4.1.2/../../../../nios2-elf/lib\libc.a(lib_a-puts.o)
 .bss           0x0001b714        0x0 c:/altera/12.1sp1/nios2eds/bin/gnu/h-i686-mingw32/bin/../lib/gcc/nios2-elf/4.1.2/../../../../nios2-elf/lib\libc.a(lib_a-strlen.o)
 .bss           0x0001b714        0x0 c:/altera/12.1sp1/nios2eds/bin/gnu/h-i686-mingw32/bin/../lib/gcc/nios2-elf/4.1.2/../../../../nios2-elf/lib\libc.a(lib_a-vfprintf.o)
 .bss           0x0001b714        0x0 c:/altera/12.1sp1/nios2eds/bin/gnu/h-i686-mingw32/bin/../lib/gcc/nios2-elf/4.1.2/../../../../nios2-elf/lib\libc.a(lib_a-wsetup.o)
 .bss           0x0001b714        0x0 c:/altera/12.1sp1/nios2eds/bin/gnu/h-i686-mingw32/bin/../lib/gcc/nios2-elf/4.1.2/../../../../nios2-elf/lib\libc.a(lib_a-dtoa.o)
 .bss           0x0001b714        0x0 c:/altera/12.1sp1/nios2eds/bin/gnu/h-i686-mingw32/bin/../lib/gcc/nios2-elf/4.1.2/../../../../nios2-elf/lib\libc.a(lib_a-fflush.o)
 .bss           0x0001b714        0x0 c:/altera/12.1sp1/nios2eds/bin/gnu/h-i686-mingw32/bin/../lib/gcc/nios2-elf/4.1.2/../../../../nios2-elf/lib\libc.a(lib_a-findfp.o)
 .bss           0x0001b714        0x0 c:/altera/12.1sp1/nios2eds/bin/gnu/h-i686-mingw32/bin/../lib/gcc/nios2-elf/4.1.2/../../../../nios2-elf/lib\libc.a(lib_a-freer.o)
 .bss           0x0001b714        0x0 c:/altera/12.1sp1/nios2eds/bin/gnu/h-i686-mingw32/bin/../lib/gcc/nios2-elf/4.1.2/../../../../nios2-elf/lib\libc.a(lib_a-fvwrite.o)
 .bss           0x0001b714        0x0 c:/altera/12.1sp1/nios2eds/bin/gnu/h-i686-mingw32/bin/../lib/gcc/nios2-elf/4.1.2/../../../../nios2-elf/lib\libc.a(lib_a-fwalk.o)
 .bss           0x0001b714        0x0 c:/altera/12.1sp1/nios2eds/bin/gnu/h-i686-mingw32/bin/../lib/gcc/nios2-elf/4.1.2/../../../../nios2-elf/lib\libc.a(lib_a-impure.o)
 .bss           0x0001b714        0x0 c:/altera/12.1sp1/nios2eds/bin/gnu/h-i686-mingw32/bin/../lib/gcc/nios2-elf/4.1.2/../../../../nios2-elf/lib\libc.a(lib_a-locale.o)
 .bss           0x0001b714        0x0 c:/altera/12.1sp1/nios2eds/bin/gnu/h-i686-mingw32/bin/../lib/gcc/nios2-elf/4.1.2/../../../../nios2-elf/lib\libc.a(lib_a-makebuf.o)
 .bss           0x0001b714       0x28 c:/altera/12.1sp1/nios2eds/bin/gnu/h-i686-mingw32/bin/../lib/gcc/nios2-elf/4.1.2/../../../../nios2-elf/lib\libc.a(lib_a-mallocr.o)
                0x0001b714                __malloc_current_mallinfo
 .bss           0x0001b73c        0x0 c:/altera/12.1sp1/nios2eds/bin/gnu/h-i686-mingw32/bin/../lib/gcc/nios2-elf/4.1.2/../../../../nios2-elf/lib\libc.a(lib_a-memchr.o)
 .bss           0x0001b73c        0x0 c:/altera/12.1sp1/nios2eds/bin/gnu/h-i686-mingw32/bin/../lib/gcc/nios2-elf/4.1.2/../../../../nios2-elf/lib\libc.a(lib_a-memcpy.o)
 .bss           0x0001b73c        0x0 c:/altera/12.1sp1/nios2eds/bin/gnu/h-i686-mingw32/bin/../lib/gcc/nios2-elf/4.1.2/../../../../nios2-elf/lib\libc.a(lib_a-memmove.o)
 .bss           0x0001b73c        0x0 c:/altera/12.1sp1/nios2eds/bin/gnu/h-i686-mingw32/bin/../lib/gcc/nios2-elf/4.1.2/../../../../nios2-elf/lib\libc.a(lib_a-memset.o)
 .bss           0x0001b73c        0x0 c:/altera/12.1sp1/nios2eds/bin/gnu/h-i686-mingw32/bin/../lib/gcc/nios2-elf/4.1.2/../../../../nios2-elf/lib\libc.a(lib_a-mprec.o)
 .bss           0x0001b73c        0x0 c:/altera/12.1sp1/nios2eds/bin/gnu/h-i686-mingw32/bin/../lib/gcc/nios2-elf/4.1.2/../../../../nios2-elf/lib\libc.a(lib_a-reallocr.o)
 .bss           0x0001b73c        0x0 c:/altera/12.1sp1/nios2eds/bin/gnu/h-i686-mingw32/bin/../lib/gcc/nios2-elf/4.1.2/../../../../nios2-elf/lib\libc.a(lib_a-s_isinfd.o)
 .bss           0x0001b73c        0x0 c:/altera/12.1sp1/nios2eds/bin/gnu/h-i686-mingw32/bin/../lib/gcc/nios2-elf/4.1.2/../../../../nios2-elf/lib\libc.a(lib_a-s_isnand.o)
 .bss           0x0001b73c        0x0 c:/altera/12.1sp1/nios2eds/bin/gnu/h-i686-mingw32/bin/../lib/gcc/nios2-elf/4.1.2/../../../../nios2-elf/lib\libc.a(lib_a-sbrkr.o)
 .bss           0x0001b73c        0x0 c:/altera/12.1sp1/nios2eds/bin/gnu/h-i686-mingw32/bin/../lib/gcc/nios2-elf/4.1.2/../../../../nios2-elf/lib\libc.a(lib_a-stdio.o)
 .bss           0x0001b73c        0x0 c:/altera/12.1sp1/nios2eds/bin/gnu/h-i686-mingw32/bin/../lib/gcc/nios2-elf/4.1.2/../../../../nios2-elf/lib\libc.a(lib_a-strcmp.o)
 .bss           0x0001b73c        0x0 c:/altera/12.1sp1/nios2eds/bin/gnu/h-i686-mingw32/bin/../lib/gcc/nios2-elf/4.1.2/../../../../nios2-elf/lib\libc.a(lib_a-writer.o)
 .bss           0x0001b73c        0x0 c:/altera/12.1sp1/nios2eds/bin/gnu/h-i686-mingw32/bin/../lib/gcc/nios2-elf/4.1.2/../../../../nios2-elf/lib\libc.a(lib_a-callocr.o)
 .bss           0x0001b73c        0x0 c:/altera/12.1sp1/nios2eds/bin/gnu/h-i686-mingw32/bin/../lib/gcc/nios2-elf/4.1.2/../../../../nios2-elf/lib\libc.a(lib_a-closer.o)
 .bss           0x0001b73c        0x0 c:/altera/12.1sp1/nios2eds/bin/gnu/h-i686-mingw32/bin/../lib/gcc/nios2-elf/4.1.2/../../../../nios2-elf/lib\libc.a(lib_a-fclose.o)
 .bss           0x0001b73c        0x0 c:/altera/12.1sp1/nios2eds/bin/gnu/h-i686-mingw32/bin/../lib/gcc/nios2-elf/4.1.2/../../../../nios2-elf/lib\libc.a(lib_a-fstatr.o)
 .bss           0x0001b73c        0x0 c:/altera/12.1sp1/nios2eds/bin/gnu/h-i686-mingw32/bin/../lib/gcc/nios2-elf/4.1.2/../../../../nios2-elf/lib\libc.a(lib_a-int_errno.o)
 .bss           0x0001b73c        0x0 c:/altera/12.1sp1/nios2eds/bin/gnu/h-i686-mingw32/bin/../lib/gcc/nios2-elf/4.1.2/../../../../nios2-elf/lib\libc.a(lib_a-isattyr.o)
 .bss           0x0001b73c        0x0 c:/altera/12.1sp1/nios2eds/bin/gnu/h-i686-mingw32/bin/../lib/gcc/nios2-elf/4.1.2/../../../../nios2-elf/lib\libc.a(lib_a-lseekr.o)
 .bss           0x0001b73c        0x0 c:/altera/12.1sp1/nios2eds/bin/gnu/h-i686-mingw32/bin/../lib/gcc/nios2-elf/4.1.2/../../../../nios2-elf/lib\libc.a(lib_a-readr.o)
 .bss           0x0001b73c        0x0 c:/altera/12.1sp1/nios2eds/bin/gnu/h-i686-mingw32/bin/../lib/gcc/nios2-elf/4.1.2\libgcc.a(_udivdi3.o)
 .bss           0x0001b73c        0x0 c:/altera/12.1sp1/nios2eds/bin/gnu/h-i686-mingw32/bin/../lib/gcc/nios2-elf/4.1.2\libgcc.a(_umoddi3.o)
 .bss           0x0001b73c        0x0 c:/altera/12.1sp1/nios2eds/bin/gnu/h-i686-mingw32/bin/../lib/gcc/nios2-elf/4.1.2\libgcc.a(_mul_df.o)
 .bss           0x0001b73c        0x0 c:/altera/12.1sp1/nios2eds/bin/gnu/h-i686-mingw32/bin/../lib/gcc/nios2-elf/4.1.2\libgcc.a(_div_df.o)
 .bss           0x0001b73c        0x0 c:/altera/12.1sp1/nios2eds/bin/gnu/h-i686-mingw32/bin/../lib/gcc/nios2-elf/4.1.2\libgcc.a(_eq_df.o)
 .bss           0x0001b73c        0x0 c:/altera/12.1sp1/nios2eds/bin/gnu/h-i686-mingw32/bin/../lib/gcc/nios2-elf/4.1.2\libgcc.a(_ne_df.o)
 .bss           0x0001b73c        0x0 c:/altera/12.1sp1/nios2eds/bin/gnu/h-i686-mingw32/bin/../lib/gcc/nios2-elf/4.1.2\libgcc.a(_gt_df.o)
 .bss           0x0001b73c        0x0 c:/altera/12.1sp1/nios2eds/bin/gnu/h-i686-mingw32/bin/../lib/gcc/nios2-elf/4.1.2\libgcc.a(_ge_df.o)
 .bss           0x0001b73c        0x0 c:/altera/12.1sp1/nios2eds/bin/gnu/h-i686-mingw32/bin/../lib/gcc/nios2-elf/4.1.2\libgcc.a(_lt_df.o)
 .bss           0x0001b73c        0x0 c:/altera/12.1sp1/nios2eds/bin/gnu/h-i686-mingw32/bin/../lib/gcc/nios2-elf/4.1.2\libgcc.a(_si_to_df.o)
 .bss           0x0001b73c        0x0 c:/altera/12.1sp1/nios2eds/bin/gnu/h-i686-mingw32/bin/../lib/gcc/nios2-elf/4.1.2\libgcc.a(_df_to_si.o)
 .bss           0x0001b73c        0x0 c:/altera/12.1sp1/nios2eds/bin/gnu/h-i686-mingw32/bin/../lib/gcc/nios2-elf/4.1.2\libgcc.a(_usi_to_df.o)
 .bss           0x0001b73c        0x0 c:/altera/12.1sp1/nios2eds/bin/gnu/h-i686-mingw32/bin/../lib/gcc/nios2-elf/4.1.2\libgcc.a(_fpcmp_parts_df.o)
 .bss           0x0001b73c        0x0 ../VMC_bsp/\libucosii_bsp.a(alt_close.o)
 .bss           0x0001b73c        0x0 ../VMC_bsp/\libucosii_bsp.a(alt_dev.o)
 .bss           0x0001b73c        0x0 ../VMC_bsp/\libucosii_bsp.a(alt_errno.o)
 .bss           0x0001b73c        0x0 ../VMC_bsp/\libucosii_bsp.a(alt_fstat.o)
 .bss           0x0001b73c        0x0 ../VMC_bsp/\libucosii_bsp.a(alt_isatty.o)
 .bss           0x0001b73c        0x0 ../VMC_bsp/\libucosii_bsp.a(alt_load.o)
 .bss           0x0001b73c        0x0 ../VMC_bsp/\libucosii_bsp.a(alt_lseek.o)
 .bss           0x0001b73c        0x0 ../VMC_bsp/\libucosii_bsp.a(alt_main.o)
 .bss           0x0001b73c        0x0 ../VMC_bsp/\libucosii_bsp.a(alt_read.o)
 .bss           0x0001b73c        0x0 ../VMC_bsp/\libucosii_bsp.a(alt_release_fd.o)
 .bss           0x0001b73c        0x0 ../VMC_bsp/\libucosii_bsp.a(alt_sbrk.o)
 .bss           0x0001b73c        0x0 ../VMC_bsp/\libucosii_bsp.a(alt_write.o)
 .bss           0x0001b73c        0x0 ../VMC_bsp/\libucosii_bsp.a(alt_env_lock.o)
 .bss           0x0001b73c        0x0 ../VMC_bsp/\libucosii_bsp.a(alt_malloc_lock.o)
 .bss           0x0001b73c        0x0 ../VMC_bsp/\libucosii_bsp.a(os_core.o)
 .bss           0x0001b73c        0x0 ../VMC_bsp/\libucosii_bsp.a(os_dbg.o)
 .bss           0x0001b73c        0x0 ../VMC_bsp/\libucosii_bsp.a(os_flag.o)
 .bss           0x0001b73c        0x0 ../VMC_bsp/\libucosii_bsp.a(os_mem.o)
 .bss           0x0001b73c        0x0 ../VMC_bsp/\libucosii_bsp.a(os_q.o)
 .bss           0x0001b73c        0x0 ../VMC_bsp/\libucosii_bsp.a(os_sem.o)
 .bss           0x0001b73c        0x0 ../VMC_bsp/\libucosii_bsp.a(os_task.o)
 .bss           0x0001b73c        0x0 ../VMC_bsp/\libucosii_bsp.a(os_time.o)
 .bss           0x0001b73c        0x0 ../VMC_bsp/\libucosii_bsp.a(alt_sys_init.o)
 .bss           0x0001b73c        0x0 ../VMC_bsp/\libucosii_bsp.a(altera_avalon_epcs_flash_controller.o)
 .bss           0x0001b73c        0x0 ../VMC_bsp/\libucosii_bsp.a(altera_avalon_jtag_uart_fd.o)
 .bss           0x0001b73c        0x0 ../VMC_bsp/\libucosii_bsp.a(altera_avalon_jtag_uart_init.o)
 .bss           0x0001b73c        0x0 ../VMC_bsp/\libucosii_bsp.a(altera_avalon_jtag_uart_ioctl.o)
 .bss           0x0001b73c        0x0 ../VMC_bsp/\libucosii_bsp.a(altera_avalon_jtag_uart_read.o)
 .bss           0x0001b73c        0x0 ../VMC_bsp/\libucosii_bsp.a(altera_avalon_jtag_uart_write.o)
 .bss           0x0001b73c        0x0 ../VMC_bsp/\libucosii_bsp.a(altera_avalon_timer_sc.o)
 .bss           0x0001b73c        0x0 ../VMC_bsp/\libucosii_bsp.a(epcs_commands.o)
 .bss           0x0001b73c        0x0 ../VMC_bsp/\libucosii_bsp.a(alt_alarm_start.o)
 .bss           0x0001b73c        0x0 ../VMC_bsp/\libucosii_bsp.a(alt_dcache_flush_all.o)
 .bss           0x0001b73c        0x0 ../VMC_bsp/\libucosii_bsp.a(alt_dev_llist_insert.o)
 .bss           0x0001b73c        0x0 ../VMC_bsp/\libucosii_bsp.a(alt_do_ctors.o)
 .bss           0x0001b73c        0x0 ../VMC_bsp/\libucosii_bsp.a(alt_do_dtors.o)
 .bss           0x0001b73c        0x0 ../VMC_bsp/\libucosii_bsp.a(alt_flash_dev.o)
 .bss           0x0001b73c        0x0 ../VMC_bsp/\libucosii_bsp.a(alt_icache_flush_all.o)
 .bss           0x0001b73c        0x0 ../VMC_bsp/\libucosii_bsp.a(alt_iic.o)
 .bss           0x0001b73c        0x0 ../VMC_bsp/\libucosii_bsp.a(alt_iic_isr_register.o)
 .bss           0x0001b73c        0x0 ../VMC_bsp/\libucosii_bsp.a(alt_io_redirect.o)
 .bss           0x0001b73c        0x0 ../VMC_bsp/\libucosii_bsp.a(alt_irq_entry.o)
 .bss           0x0001b73c        0x0 ../VMC_bsp/\libucosii_bsp.a(alt_irq_handler.o)
 .bss           0x0001b73c        0x0 ../VMC_bsp/\libucosii_bsp.a(alt_irq_vars.o)
 .bss           0x0001b73c        0x0 ../VMC_bsp/\libucosii_bsp.a(alt_open.o)
 .bss           0x0001b73c        0x0 ../VMC_bsp/\libucosii_bsp.a(alt_tick.o)
 .bss           0x0001b73c        0x0 ../VMC_bsp/\libucosii_bsp.a(altera_nios2_irq.o)
 .bss           0x0001b73c        0x0 ../VMC_bsp/\libucosii_bsp.a(os_cpu_a.o)
 .bss           0x0001b73c        0x0 ../VMC_bsp/\libucosii_bsp.a(os_cpu_c.o)
 .bss           0x0001b73c        0x0 ../VMC_bsp/\libucosii_bsp.a(altera_avalon_spi.o)
 .bss           0x0001b73c        0x0 ../VMC_bsp/\libucosii_bsp.a(alt_exception_entry.o)
 .bss           0x0001b73c        0x0 ../VMC_bsp/\libucosii_bsp.a(alt_find_dev.o)
 .bss           0x0001b73c        0x0 ../VMC_bsp/\libucosii_bsp.a(alt_find_file.o)
 .bss           0x0001b73c        0x0 ../VMC_bsp/\libucosii_bsp.a(alt_get_fd.o)
 .bss           0x0001b73c        0x0 ../VMC_bsp/\libucosii_bsp.a(alt_icache_flush.o)
 .bss           0x0001b73c        0x0 c:/altera/12.1sp1/nios2eds/bin/gnu/h-i686-mingw32/bin/../lib/gcc/nios2-elf/4.1.2/../../../../nios2-elf/lib\libc.a(lib_a-atexit.o)
 .bss           0x0001b73c        0x0 c:/altera/12.1sp1/nios2eds/bin/gnu/h-i686-mingw32/bin/../lib/gcc/nios2-elf/4.1.2/../../../../nios2-elf/lib\libc.a(lib_a-exit.o)
 .bss           0x0001b73c        0x0 c:/altera/12.1sp1/nios2eds/bin/gnu/h-i686-mingw32/bin/../lib/gcc/nios2-elf/4.1.2/../../../../nios2-elf/lib\libc.a(lib_a-memcmp.o)
 .bss           0x0001b73c        0x0 c:/altera/12.1sp1/nios2eds/bin/gnu/h-i686-mingw32/bin/../lib/gcc/nios2-elf/4.1.2/../../../../nios2-elf/lib\libc.a(lib_a-__atexit.o)
 .bss           0x0001b73c        0x0 c:/altera/12.1sp1/nios2eds/bin/gnu/h-i686-mingw32/bin/../lib/gcc/nios2-elf/4.1.2/../../../../nios2-elf/lib\libc.a(lib_a-__call_atexit.o)
 .bss           0x0001b73c        0x0 ../VMC_bsp/\libucosii_bsp.a(alt_exit.o)
 *(COMMON)
 COMMON         0x0001b73c       0x64 obj/default/MPU6050/mpu6050.o
                0x0001b73c                versionName
 COMMON         0x0001b7a0     0x4000 obj/default/VMC.o
                0x0001b7a0                task2_stk
                0x0001d7a0                sensorCollector_stk
 COMMON         0x0001f7a0     0x3224 ../VMC_bsp/\libucosii_bsp.a(os_core.o)
                0x0001f7a0                OSFlagTbl
                0x0001fb10                OSMemTbl
                0x00020740                OSTaskStatStk
                0x00020f40                OSQTbl
                0x00021120                OSTaskIdleStk
                0x00021920                OSEventTbl
                0x00022460                OSTCBTbl
                0x00022970                OSTCBPrioTbl
 COMMON         0x000229c4      0x100 ../VMC_bsp/\libucosii_bsp.a(alt_irq_handler.o)
                0x000229c4                alt_irq
 COMMON         0x00022ac4      0x190 c:/altera/12.1sp1/nios2eds/bin/gnu/h-i686-mingw32/bin/../lib/gcc/nios2-elf/4.1.2/../../../../nios2-elf/lib\libc.a(lib_a-atexit.o)
                0x00022ac4                _atexit0
                0x00022c54                . = ALIGN (0x4)
                0x00022c54                __bss_end = ABSOLUTE (.)

.sdram          0x00022c54        0x0
                0x00022c54                PROVIDE (_alt_partition_sdram_start, ABSOLUTE (.))
 *(.sdram. sdram.*)
                0x00022c54                . = ALIGN (0x4)
                0x00022c54                PROVIDE (_alt_partition_sdram_end, ABSOLUTE (.))
                0x00022c54                _end = ABSOLUTE (.)
                0x00022c54                end = ABSOLUTE (.)
                0x00022c54                __alt_stack_base = ABSOLUTE (.)
                0x00022c54                PROVIDE (_alt_partition_sdram_load_addr, LOADADDR (.sdram))

.epcs           0x02000000        0x0 load address 0x00022c54
                0x02000000                PROVIDE (_alt_partition_epcs_start, ABSOLUTE (.))
 *(.epcs. epcs.*)
                0x02000000                . = ALIGN (0x4)
                0x02000000                PROVIDE (_alt_partition_epcs_end, ABSOLUTE (.))
                0x00022c54                PROVIDE (_alt_partition_epcs_load_addr, LOADADDR (.epcs))

.manuer_queue   0x02004000        0x0 load address 0x00022c54
                0x02004000                PROVIDE (_alt_partition_manuer_queue_start, ABSOLUTE (.))
 *(.manuer_queue. manuer_queue.*)
                0x02004000                . = ALIGN (0x4)
                0x02004000                PROVIDE (_alt_partition_manuer_queue_end, ABSOLUTE (.))
                0x00022c54                PROVIDE (_alt_partition_manuer_queue_load_addr, LOADADDR (.manuer_queue))

.state_cmd_memory
                0x02005000        0x0 load address 0x00022c54
                0x02005000                PROVIDE (_alt_partition_state_cmd_memory_start, ABSOLUTE (.))
 *(.state_cmd_memory. state_cmd_memory.*)
                0x02005000                . = ALIGN (0x4)
                0x02005000                PROVIDE (_alt_partition_state_cmd_memory_end, ABSOLUTE (.))
                0x00022c54                PROVIDE (_alt_partition_state_cmd_memory_load_addr, LOADADDR (.state_cmd_memory))

.stab
 *(.stab)

.stabstr
 *(.stabstr)

.stab.excl
 *(.stab.excl)

.stab.exclstr
 *(.stab.exclstr)

.stab.index
 *(.stab.index)

.stab.indexstr
 *(.stab.indexstr)

.comment        0x00000000       0x26
 *(.comment)
 .comment       0x00000000       0x26 obj/default/MPU6050/mpu6050.o
                                 0x27 (size before relaxing)
 .comment       0x00000000       0x27 obj/default/VMC.o
 .comment       0x00000000       0x27 obj/default/head.o
 .comment       0x00000000       0x27 c:/altera/12.1sp1/nios2eds/bin/gnu/h-i686-mingw32/bin/../lib/gcc/nios2-elf/4.1.2\libgcc.a(_fixunssfsi.o)
 .comment       0x00000000       0x27 c:/altera/12.1sp1/nios2eds/bin/gnu/h-i686-mingw32/bin/../lib/gcc/nios2-elf/4.1.2\libgcc.a(_addsub_sf.o)
 .comment       0x00000000       0x27 c:/altera/12.1sp1/nios2eds/bin/gnu/h-i686-mingw32/bin/../lib/gcc/nios2-elf/4.1.2\libgcc.a(_mul_sf.o)
 .comment       0x00000000       0x27 c:/altera/12.1sp1/nios2eds/bin/gnu/h-i686-mingw32/bin/../lib/gcc/nios2-elf/4.1.2\libgcc.a(_div_sf.o)
 .comment       0x00000000       0x27 c:/altera/12.1sp1/nios2eds/bin/gnu/h-i686-mingw32/bin/../lib/gcc/nios2-elf/4.1.2\libgcc.a(_ge_sf.o)
 .comment       0x00000000       0x27 c:/altera/12.1sp1/nios2eds/bin/gnu/h-i686-mingw32/bin/../lib/gcc/nios2-elf/4.1.2\libgcc.a(_si_to_sf.o)
 .comment       0x00000000       0x27 c:/altera/12.1sp1/nios2eds/bin/gnu/h-i686-mingw32/bin/../lib/gcc/nios2-elf/4.1.2\libgcc.a(_sf_to_si.o)
 .comment       0x00000000       0x27 c:/altera/12.1sp1/nios2eds/bin/gnu/h-i686-mingw32/bin/../lib/gcc/nios2-elf/4.1.2\libgcc.a(_sf_to_df.o)
 .comment       0x00000000       0x27 c:/altera/12.1sp1/nios2eds/bin/gnu/h-i686-mingw32/bin/../lib/gcc/nios2-elf/4.1.2\libgcc.a(_thenan_sf.o)
 .comment       0x00000000       0x27 c:/altera/12.1sp1/nios2eds/bin/gnu/h-i686-mingw32/bin/../lib/gcc/nios2-elf/4.1.2\libgcc.a(_usi_to_sf.o)
 .comment       0x00000000       0x27 c:/altera/12.1sp1/nios2eds/bin/gnu/h-i686-mingw32/bin/../lib/gcc/nios2-elf/4.1.2\libgcc.a(_addsub_df.o)
 .comment       0x00000000       0x27 c:/altera/12.1sp1/nios2eds/bin/gnu/h-i686-mingw32/bin/../lib/gcc/nios2-elf/4.1.2\libgcc.a(_make_df.o)
 .comment       0x00000000       0x27 c:/altera/12.1sp1/nios2eds/bin/gnu/h-i686-mingw32/bin/../lib/gcc/nios2-elf/4.1.2\libgcc.a(_thenan_df.o)
 .comment       0x00000000       0x27 c:/altera/12.1sp1/nios2eds/bin/gnu/h-i686-mingw32/bin/../lib/gcc/nios2-elf/4.1.2\libgcc.a(lib2-divmod.o)
 .comment       0x00000000       0x27 c:/altera/12.1sp1/nios2eds/bin/gnu/h-i686-mingw32/bin/../lib/gcc/nios2-elf/4.1.2\libgcc.a(_muldi3.o)
 .comment       0x00000000       0x27 c:/altera/12.1sp1/nios2eds/bin/gnu/h-i686-mingw32/bin/../lib/gcc/nios2-elf/4.1.2\libgcc.a(_clzsi2.o)
 .comment       0x00000000       0x27 c:/altera/12.1sp1/nios2eds/bin/gnu/h-i686-mingw32/bin/../lib/gcc/nios2-elf/4.1.2\libgcc.a(_pack_sf.o)
 .comment       0x00000000       0x27 c:/altera/12.1sp1/nios2eds/bin/gnu/h-i686-mingw32/bin/../lib/gcc/nios2-elf/4.1.2\libgcc.a(_unpack_sf.o)
 .comment       0x00000000       0x27 c:/altera/12.1sp1/nios2eds/bin/gnu/h-i686-mingw32/bin/../lib/gcc/nios2-elf/4.1.2\libgcc.a(_fpcmp_parts_sf.o)
 .comment       0x00000000       0x27 c:/altera/12.1sp1/nios2eds/bin/gnu/h-i686-mingw32/bin/../lib/gcc/nios2-elf/4.1.2\libgcc.a(_pack_df.o)
 .comment       0x00000000       0x27 c:/altera/12.1sp1/nios2eds/bin/gnu/h-i686-mingw32/bin/../lib/gcc/nios2-elf/4.1.2\libgcc.a(_unpack_df.o)
 .comment       0x00000000       0x27 c:/altera/12.1sp1/nios2eds/bin/gnu/h-i686-mingw32/bin/../lib/gcc/nios2-elf/4.1.2\libgcc.a(_clz.o)
 .comment       0x00000000       0x27 c:/altera/12.1sp1/nios2eds/bin/gnu/h-i686-mingw32/bin/../lib/gcc/nios2-elf/4.1.2/../../../../nios2-elf/lib\libc.a(lib_a-printf.o)
 .comment       0x00000000       0x27 c:/altera/12.1sp1/nios2eds/bin/gnu/h-i686-mingw32/bin/../lib/gcc/nios2-elf/4.1.2/../../../../nios2-elf/lib\libc.a(lib_a-puts.o)