Archive member included because of file (symbol)

c:/altera/12.1sp1/nios2eds/bin/gnu/h-i686-mingw32/bin/../lib/gcc/nios2-elf/4.1.2\libgcc.a(_fixunssfsi.o)
                              obj/default/head.o (__fixunssfsi)
c:/altera/12.1sp1/nios2eds/bin/gnu/h-i686-mingw32/bin/../lib/gcc/nios2-elf/4.1.2\libgcc.a(_addsub_sf.o)
                              c:/altera/12.1sp1/nios2eds/bin/gnu/h-i686-mingw32/bin/../lib/gcc/nios2-elf/4.1.2\libgcc.a(_fixunssfsi.o) (__subsf3)
c:/altera/12.1sp1/nios2eds/bin/gnu/h-i686-mingw32/bin/../lib/gcc/nios2-elf/4.1.2\libgcc.a(_mul_sf.o)
                              obj/default/head.o (__mulsf3)
c:/altera/12.1sp1/nios2eds/bin/gnu/h-i686-mingw32/bin/../lib/gcc/nios2-elf/4.1.2\libgcc.a(_div_sf.o)
                              obj/default/VMC.o (__divsf3)
c:/altera/12.1sp1/nios2eds/bin/gnu/h-i686-mingw32/bin/../lib/gcc/nios2-elf/4.1.2\libgcc.a(_ge_sf.o)
                              c:/altera/12.1sp1/nios2eds/bin/gnu/h-i686-mingw32/bin/../lib/gcc/nios2-elf/4.1.2\libgcc.a(_fixunssfsi.o) (__gesf2)
c:/altera/12.1sp1/nios2eds/bin/gnu/h-i686-mingw32/bin/../lib/gcc/nios2-elf/4.1.2\libgcc.a(_si_to_sf.o)
                              obj/default/VMC.o (__floatsisf)
c:/altera/12.1sp1/nios2eds/bin/gnu/h-i686-mingw32/bin/../lib/gcc/nios2-elf/4.1.2\libgcc.a(_sf_to_si.o)
                              c:/altera/12.1sp1/nios2eds/bin/gnu/h-i686-mingw32/bin/../lib/gcc/nios2-elf/4.1.2\libgcc.a(_fixunssfsi.o) (__fixsfsi)
c:/altera/12.1sp1/nios2eds/bin/gnu/h-i686-mingw32/bin/../lib/gcc/nios2-elf/4.1.2\libgcc.a(_sf_to_df.o)
                              obj/default/VMC.o (__extendsfdf2)
c:/altera/12.1sp1/nios2eds/bin/gnu/h-i686-mingw32/bin/../lib/gcc/nios2-elf/4.1.2\libgcc.a(_thenan_sf.o)
                              c:/altera/12.1sp1/nios2eds/bin/gnu/h-i686-mingw32/bin/../lib/gcc/nios2-elf/4.1.2\libgcc.a(_addsub_sf.o) (__thenan_sf)
c:/altera/12.1sp1/nios2eds/bin/gnu/h-i686-mingw32/bin/../lib/gcc/nios2-elf/4.1.2\libgcc.a(_usi_to_sf.o)
                              obj/default/head.o (__floatunsisf)
c:/altera/12.1sp1/nios2eds/bin/gnu/h-i686-mingw32/bin/../lib/gcc/nios2-elf/4.1.2\libgcc.a(_addsub_df.o)
                              obj/default/VMC.o (__adddf3)
c:/altera/12.1sp1/nios2eds/bin/gnu/h-i686-mingw32/bin/../lib/gcc/nios2-elf/4.1.2\libgcc.a(_make_df.o)
                              c:/altera/12.1sp1/nios2eds/bin/gnu/h-i686-mingw32/bin/../lib/gcc/nios2-elf/4.1.2\libgcc.a(_sf_to_df.o) (__make_dp)
c:/altera/12.1sp1/nios2eds/bin/gnu/h-i686-mingw32/bin/../lib/gcc/nios2-elf/4.1.2\libgcc.a(_thenan_df.o)
                              c:/altera/12.1sp1/nios2eds/bin/gnu/h-i686-mingw32/bin/../lib/gcc/nios2-elf/4.1.2\libgcc.a(_addsub_df.o) (__thenan_df)
c:/altera/12.1sp1/nios2eds/bin/gnu/h-i686-mingw32/bin/../lib/gcc/nios2-elf/4.1.2\libgcc.a(lib2-divmod.o)
                              obj/default/head.o (__udivsi3)
c:/altera/12.1sp1/nios2eds/bin/gnu/h-i686-mingw32/bin/../lib/gcc/nios2-elf/4.1.2\libgcc.a(_muldi3.o)
                              c:/altera/12.1sp1/nios2eds/bin/gnu/h-i686-mingw32/bin/../lib/gcc/nios2-elf/4.1.2\libgcc.a(_mul_sf.o) (__muldi3)
c:/altera/12.1sp1/nios2eds/bin/gnu/h-i686-mingw32/bin/../lib/gcc/nios2-elf/4.1.2\libgcc.a(_clzsi2.o)
                              c:/altera/12.1sp1/nios2eds/bin/gnu/h-i686-mingw32/bin/../lib/gcc/nios2-elf/4.1.2\libgcc.a(_si_to_sf.o) (__clzsi2)
c:/altera/12.1sp1/nios2eds/bin/gnu/h-i686-mingw32/bin/../lib/gcc/nios2-elf/4.1.2\libgcc.a(_pack_sf.o)
                              c:/altera/12.1sp1/nios2eds/bin/gnu/h-i686-mingw32/bin/../lib/gcc/nios2-elf/4.1.2\libgcc.a(_addsub_sf.o) (__pack_f)
c:/altera/12.1sp1/nios2eds/bin/gnu/h-i686-mingw32/bin/../lib/gcc/nios2-elf/4.1.2\libgcc.a(_unpack_sf.o)
                              c:/altera/12.1sp1/nios2eds/bin/gnu/h-i686-mingw32/bin/../lib/gcc/nios2-elf/4.1.2\libgcc.a(_addsub_sf.o) (__unpack_f)
c:/altera/12.1sp1/nios2eds/bin/gnu/h-i686-mingw32/bin/../lib/gcc/nios2-elf/4.1.2\libgcc.a(_fpcmp_parts_sf.o)
                              c:/altera/12.1sp1/nios2eds/bin/gnu/h-i686-mingw32/bin/../lib/gcc/nios2-elf/4.1.2\libgcc.a(_ge_sf.o) (__fpcmp_parts_f)
c:/altera/12.1sp1/nios2eds/bin/gnu/h-i686-mingw32/bin/../lib/gcc/nios2-elf/4.1.2\libgcc.a(_pack_df.o)
                              c:/altera/12.1sp1/nios2eds/bin/gnu/h-i686-mingw32/bin/../lib/gcc/nios2-elf/4.1.2\libgcc.a(_addsub_df.o) (__pack_d)
c:/altera/12.1sp1/nios2eds/bin/gnu/h-i686-mingw32/bin/../lib/gcc/nios2-elf/4.1.2\libgcc.a(_unpack_df.o)
                              c:/altera/12.1sp1/nios2eds/bin/gnu/h-i686-mingw32/bin/../lib/gcc/nios2-elf/4.1.2\libgcc.a(_addsub_df.o) (__unpack_d)
c:/altera/12.1sp1/nios2eds/bin/gnu/h-i686-mingw32/bin/../lib/gcc/nios2-elf/4.1.2\libgcc.a(_clz.o)
                              c:/altera/12.1sp1/nios2eds/bin/gnu/h-i686-mingw32/bin/../lib/gcc/nios2-elf/4.1.2\libgcc.a(_clzsi2.o) (__clz_tab)
c:/altera/12.1sp1/nios2eds/bin/gnu/h-i686-mingw32/bin/../lib/gcc/nios2-elf/4.1.2/../../../../nios2-elf/lib\libc.a(lib_a-printf.o)
[...]
Memory Configuration

Name             Origin             Length             Attributes
reset            0x00000000         0x00000020
sdram            0x00000020         0x010fffe0
epcs             0x02000000         0x00000800
manuer_queue     0x02004000         0x00000400
state_cmd_memory 0x02005000         0x00000400
*default*        0x00000000         0xffffffff

Linker script and memory map

LOAD ../VMC_bsp//obj/HAL/src/crt0.o
LOAD obj/default/MPU6050/mpu6050.o
LOAD obj/default/VMC.o
LOAD obj/default/head.o
LOAD c:/altera/12.1sp1/nios2eds/bin/gnu/h-i686-mingw32/bin/../lib/gcc/nios2-elf/4.1.2/../../../../nios2-elf/lib\libstdc++.a
LOAD c:/altera/12.1sp1/nios2eds/bin/gnu/h-i686-mingw32/bin/../lib/gcc/nios2-elf/4.1.2/../../../../nios2-elf/lib\libm.a
LOAD c:/altera/12.1sp1/nios2eds/bin/gnu/h-i686-mingw32/bin/../lib/gcc/nios2-elf/4.1.2\libgcc.a
START GROUP
LOAD c:/altera/12.1sp1/nios2eds/bin/gnu/h-i686-mingw32/bin/../lib/gcc/nios2-elf/4.1.2/../../../../nios2-elf/lib\libc.a
LOAD c:/altera/12.1sp1/nios2eds/bin/gnu/h-i686-mingw32/bin/../lib/gcc/nios2-elf/4.1.2\libgcc.a
LOAD ../VMC_bsp/\libucosii_bsp.a
END GROUP
LOAD c:/altera/12.1sp1/nios2eds/bin/gnu/h-i686-mingw32/bin/../lib/gcc/nios2-elf/4.1.2\libgcc.a
                0x00000000                __alt_mem_sdram = 0x0
                0x02000000                __alt_mem_epcs = 0x2000000
                0x02004000                __alt_mem_manuer_queue = 0x2004000
                0x02005000                __alt_mem_state_cmd_memory = 0x2005000

.entry          0x00000000       0x20
 *(.entry)
 .entry         0x00000000       0x20 ../VMC_bsp//obj/HAL/src/crt0.o
                0x00000000                __reset

.exceptions     0x00000020      0x19c
                0x00000020                PROVIDE (__ram_exceptions_start, ABSOLUTE (.))
                0x00000020                . = ALIGN (0x20)
 *(.irq)
 *(.exceptions.entry.label)
 .exceptions.entry.label
                0x00000020        0x0 ../VMC_bsp/\libucosii_bsp.a(alt_irq_entry.o)
                0x00000020                alt_irq_entry
 .exceptions.entry.label
                0x00000020        0x0 ../VMC_bsp/\libucosii_bsp.a(alt_exception_entry.o)
                0x00000020                alt_exception
 *(.exceptions.entry.user)
 *(.exceptions.entry)
 .exceptions.entry
                0x00000020       0x54 ../VMC_bsp/\libucosii_bsp.a(alt_exception_entry.o)
 *(.exceptions.irqtest.user)
 *(.exceptions.irqtest)
 .exceptions.irqtest
                0x00000074       0x10 ../VMC_bsp/\libucosii_bsp.a(alt_irq_entry.o)
 *(.exceptions.irqhandler.user)
 *(.exceptions.irqhandler)
 .exceptions.irqhandler
                0x00000084        0x4 ../VMC_bsp/\libucosii_bsp.a(alt_irq_entry.o)
 *(.exceptions.irqreturn.user)
 *(.exceptions.irqreturn)
 .exceptions.irqreturn
                0x00000088        0x4 ../VMC_bsp/\libucosii_bsp.a(alt_irq_entry.o)
 *(.exceptions.notirq.label)
 .exceptions.notirq.label
                0x0000008c        0x0 ../VMC_bsp/\libucosii_bsp.a(alt_irq_entry.o)
 *(.exceptions.notirq.user)
 *(.exceptions.notirq)
 .exceptions.notirq
                0x0000008c        0x8 ../VMC_bsp/\libucosii_bsp.a(alt_exception_entry.o)
 *(.exceptions.soft.user)
 *(.exceptions.soft)
 *(.exceptions.unknown.user)
 *(.exceptions.unknown)
 .exceptions.unknown
                0x00000094        0x4 ../VMC_bsp/\libucosii_bsp.a(alt_exception_entry.o)
 *(.exceptions.exit.label)
 .exceptions.exit.label
                0x00000098        0x0 ../VMC_bsp/\libucosii_bsp.a(alt_irq_entry.o)
 .exceptions.exit.label
                0x00000098        0x0 ../VMC_bsp/\libucosii_bsp.a(alt_exception_entry.o)
 *(.exceptions.exit.user)
 *(.exceptions.exit)
 .exceptions.exit
                0x00000098       0x54 ../VMC_bsp/\libucosii_bsp.a(alt_exception_entry.o)
 *(.exceptions)
 .exceptions    0x000000ec       0xd0 ../VMC_bsp/\libucosii_bsp.a(alt_irq_handler.o)
                0x000000ec                alt_irq_handler
                0x000001bc                PROVIDE (__ram_exceptions_end, ABSOLUTE (.))
                0x00000020                PROVIDE (__flash_exceptions_start, LOADADDR (.exceptions))

.text           0x000001bc    0x17860
                0x000001bc                PROVIDE (stext, ABSOLUTE (.))
 *(.interp)
 *(.hash)
 *(.dynsym)
 *(.dynstr)
 *(.gnu.version)
 *(.gnu.version_d)
 *(.gnu.version_r)
 *(.rel.init)
 *(.rela.init)
 *(.rel.text .rel.text.* .rel.gnu.linkonce.t.*)
 *(.rela.text .rela.text.* .rela.gnu.linkonce.t.*)
 *(.rel.fini)
 *(.rela.fini)
 *(.rel.rodata .rel.rodata.* .rel.gnu.linkonce.r.*)
 *(.rela.rodata .rela.rodata.* .rela.gnu.linkonce.r.*)
 *(.rel.data .rel.data.* .rel.gnu.linkonce.d.*)
 *(.rela.data .rela.data.* .rela.gnu.linkonce.d.*)
 *(.rel.tdata .rel.tdata.* .rel.gnu.linkonce.td.*)
 *(.rela.tdata .rela.tdata.* .rela.gnu.linkonce.td.*)
 *(.rel.tbss .rel.tbss.* .rel.gnu.linkonce.tb.*)
 *(.rela.tbss .rela.tbss.* .rela.gnu.linkonce.tb.*)
 *(.rel.ctors)
 *(.rela.ctors)
 *(.rel.dtors)
 *(.rela.dtors)
 *(.rel.got)
 *(.rela.got)
 *(.rel.sdata .rel.sdata.* .rel.gnu.linkonce.s.*)
 *(.rela.sdata .rela.sdata.* .rela.gnu.linkonce.s.*)
 *(.rel.sbss .rel.sbss.* .rel.gnu.linkonce.sb.*)
 *(.rela.sbss .rela.sbss.* .rela.gnu.linkonce.sb.*)
 *(.rel.sdata2 .rel.sdata2.* .rel.gnu.linkonce.s2.*)
 *(.rela.sdata2 .rela.sdata2.* .rela.gnu.linkonce.s2.*)
 *(.rel.sbss2 .rel.sbss2.* .rel.gnu.linkonce.sb2.*)
 *(.rela.sbss2 .rela.sbss2.* .rela.gnu.linkonce.sb2.*)
 *(.rel.bss .rel.bss.* .rel.gnu.linkonce.b.*)
 *(.rela.bss .rela.bss.* .rela.gnu.linkonce.b.*)
 *(.rel.plt)
 *(.rela.plt)
 *(.rel.dyn)
 *(.init)
 *(.plt)
 *(.text .stub .text.* .gnu.linkonce.t.*)
 .text          0x000001bc       0x4c ../VMC_bsp//obj/HAL/src/crt0.o
                0x000001bc                _start
 .text          0x00000208       0x40 obj/default/MPU6050/mpu6050.o
                0x00000208                getDeviceID
 .text          0x00000248      0x4f8 obj/default/VMC.o
                0x00000248                sensorCollector
                0x000005d8                drivingTask
                0x00000690                main
 .text          0x00000740      0x358 obj/default/head.o
                0x00000740                init
                0x00000860                delay
                0x0000089c                set_duty_cycle
                0x00000908                MeasureDistance
                0x00000988                I2CWrite
                0x000009ec                I2CRead
 .text          0x00000a98       0x70 c:/altera/12.1sp1/nios2eds/bin/gnu/h-i686-mingw32/bin/../lib/gcc/nios2-elf/4.1.2\libgcc.a(_fixunssfsi.o)
                0x00000a98                __fixunssfsi
 .text          0x00000b08      0x2b8 c:/altera/12.1sp1/nios2eds/bin/gnu/h-i686-mingw32/bin/../lib/gcc/nios2-elf/4.1.2\libgcc.a(_addsub_sf.o)
                0x00000cec                __subsf3
                0x00000d5c                __addsf3
 .text          0x00000dc0      0x1e0 c:/altera/12.1sp1/nios2eds/bin/gnu/h-i686-mingw32/bin/../lib/gcc/nios2-elf/4.1.2\libgcc.a(_mul_sf.o)
                0x00000dc0                __mulsf3
 .text          0x00000fa0      0x174 c:/altera/12.1sp1/nios2eds/bin/gnu/h-i686-mingw32/bin/../lib/gcc/nios2-elf/4.1.2\libgcc.a(_div_sf.o)
                0x00000fa0                __divsf3
 .text          0x00001114       0x78 c:/altera/12.1sp1/nios2eds/bin/gnu/h-i686-mingw32/bin/../lib/gcc/nios2-elf/4.1.2\libgcc.a(_ge_sf.o)
                0x00001114                __gesf2
 .text          0x0000118c       0x98 c:/altera/12.1sp1/nios2eds/bin/gnu/h-i686-mingw32/bin/../lib/gcc/nios2-elf/4.1.2\libgcc.a(_si_to_sf.o)
                0x0000118c                __floatsisf
 .text          0x00001224       0x94 c:/altera/12.1sp1/nios2eds/bin/gnu/h-i686-mingw32/bin/../lib/gcc/nios2-elf/4.1.2\libgcc.a(_sf_to_si.o)
                0x00001224                __fixsfsi
 .text          0x000012b8       0x54 c:/altera/12.1sp1/nios2eds/bin/gnu/h-i686-mingw32/bin/../lib/gcc/nios2-elf/4.1.2\libgcc.a(_sf_to_df.o)
                0x000012b8                __extendsfdf2
 .text          0x0000130c        0x0 c:/altera/12.1sp1/nios2eds/bin/gnu/h-i686-mingw32/bin/../lib/gcc/nios2-elf/4.1.2\libgcc.a(_thenan_sf.o)
 .text          0x0000130c       0xc0 c:/altera/12.1sp1/nios2eds/bin/gnu/h-i686-mingw32/bin/../lib/gcc/nios2-elf/4.1.2\libgcc.a(_usi_to_sf.o)
                0x0000130c                __floatunsisf
 .text          0x000013cc      0x504 c:/altera/12.1sp1/nios2eds/bin/gnu/h-i686-mingw32/bin/../lib/gcc/nios2-elf/4.1.2\libgcc.a(_addsub_df.o)
                0x000017dc                __subdf3
                0x0000185c                __adddf3
 .text          0x000018d0       0x38 c:/altera/12.1sp1/nios2eds/bin/gnu/h-i686-mingw32/bin/../lib/gcc/nios2-elf/4.1.2\libgcc.a(_make_df.o)
                0x000018d0                __make_dp
 .text          0x00001908        0x0 c:/altera/12.1sp1/nios2eds/bin/gnu/h-i686-mingw32/bin/../lib/gcc/nios2-elf/4.1.2\libgcc.a(_thenan_df.o)
 .text          0x00001908      0x14c c:/altera/12.1sp1/nios2eds/bin/gnu/h-i686-mingw32/bin/../lib/gcc/nios2-elf/4.1.2\libgcc.a(lib2-divmod.o)
                0x00001984                __divsi3
                0x000019e4                __modsi3
                0x00001a44                __udivsi3
                0x00001a4c                __umodsi3
 .text          0x00001a54       0x98 c:/altera/12.1sp1/nios2eds/bin/gnu/h-i686-mingw32/bin/../lib/gcc/nios2-elf/4.1.2\libgcc.a(_muldi3.o)
                0x00001a54                __muldi3
 .text          0x00001aec       0x80 c:/altera/12.1sp1/nios2eds/bin/gnu/h-i686-mingw32/bin/../lib/gcc/nios2-elf/4.1.2\libgcc.a(_clzsi2.o)
                0x00001aec                __clzsi2
 .text          0x00001b6c      0x160 c:/altera/12.1sp1/nios2eds/bin/gnu/h-i686-mingw32/bin/../lib/gcc/nios2-elf/4.1.2\libgcc.a(_pack_sf.o)
                0x00001b6c                __pack_f
 .text          0x00001ccc       0xc8 c:/altera/12.1sp1/nios2eds/bin/gnu/h-i686-mingw32/bin/../lib/gcc/nios2-elf/4.1.2\libgcc.a(_unpack_sf.o)
                0x00001ccc                __unpack_f
 .text          0x00001d94       0xa8 c:/altera/12.1sp1/nios2eds/bin/gnu/h-i686-mingw32/bin/../lib/gcc/nios2-elf/4.1.2\libgcc.a(_fpcmp_parts_sf.o)
                0x00001d94                __fpcmp_parts_f
 .text          0x00001e3c      0x314 c:/altera/12.1sp1/nios2eds/bin/gnu/h-i686-mingw32/bin/../lib/gcc/nios2-elf/4.1.2\libgcc.a(_pack_df.o)
                0x00001e3c                __pack_d
 .text          0x00002150      0x138 c:/altera/12.1sp1/nios2eds/bin/gnu/h-i686-mingw32/bin/../lib/gcc/nios2-elf/4.1.2\libgcc.a(_unpack_df.o)
                0x00002150                __unpack_d
 .text          0x00002288        0x0 c:/altera/12.1sp1/nios2eds/bin/gnu/h-i686-mingw32/bin/../lib/gcc/nios2-elf/4.1.2\libgcc.a(_clz.o)
 .text          0x00002288       0x78 c:/altera/12.1sp1/nios2eds/bin/gnu/h-i686-mingw32/bin/../lib/gcc/nios2-elf/4.1.2/../../../../nios2-elf/lib\libc.a(lib_a-printf.o)
                0x00002288                printf
                0x000022cc                _printf_r
 .text          0x00002300       0xb4 c:/altera/12.1sp1/nios2eds/bin/gnu/h-i686-mingw32/bin/../lib/gcc/nios2-elf/4.1.2/../../../../nios2-elf/lib\libc.a(lib_a-puts.o)
                0x00002300                _puts_r
                0x000023a0                puts
 .text          0x000023b4       0x74 c:/altera/12.1sp1/nios2eds/bin/gnu/h-i686-mingw32/bin/../lib/gcc/nios2-elf/4.1.2/../../../../nios2-elf/lib\libc.a(lib_a-strlen.o)
                0x000023b4                strlen
 .text          0x00002428     0x1f28 c:/altera/12.1sp1/nios2eds/bin/gnu/h-i686-mingw32/bin/../lib/gcc/nios2-elf/4.1.2/../../../../nios2-elf/lib\libc.a(lib_a-vfprintf.o)
                0x00002480                ___vfprintf_internal_r
                0x0000432c                __vfprintf_internal
 .text          0x00004350      0x13c c:/altera/12.1sp1/nios2eds/bin/gnu/h-i686-mingw32/bin/../lib/gcc/nios2-elf/4.1.2/../../../../nios2-elf/lib\libc.a(lib_a-wsetup.o)
                0x00004350                __swsetup_r
 .text          0x0000448c     0x17cc c:/altera/12.1sp1/nios2eds/bin/gnu/h-i686-mingw32/bin/../lib/gcc/nios2-elf/4.1.2/../../../../nios2-elf/lib\libc.a(lib_a-dtoa.o)
                0x000046a4                _dtoa_r
 .text          0x00005c58      0x230 c:/altera/12.1sp1/nios2eds/bin/gnu/h-i686-mingw32/bin/../lib/gcc/nios2-elf/4.1.2/../../../../nios2-elf/lib\libc.a(lib_a-fflush.o)
                0x00005c58                _fflush_r
                0x00005e54                fflush
 .text          0x00005e88      0x2c0 c:/altera/12.1sp1/nios2eds/bin/gnu/h-i686-mingw32/bin/../lib/gcc/nios2-elf/4.1.2/../../../../nios2-elf/lib\libc.a(lib_a-findfp.o)
                0x00005ee0                __sfp_lock_acquire
                0x00005ee4                __sfp_lock_release
                0x00005ee8                __sinit_lock_acquire
                0x00005eec                __sinit_lock_release
                0x00005ef0                __sinit
                0x00005fa4                __fp_unlock_all
                0x00005fbc                __fp_lock_all
                0x00005fd4                _cleanup_r
                0x00005fe0                _cleanup
                0x00005ff0                __sfmoreglue
                0x00006058                __sfp
 .text          0x00006148      0x440 c:/altera/12.1sp1/nios2eds/bin/gnu/h-i686-mingw32/bin/../lib/gcc/nios2-elf/4.1.2/../../../../nios2-elf/lib\libc.a(lib_a-freer.o)
                0x00006148                _malloc_trim_r
                0x00006274                _free_r
 .text          0x00006588      0x49c c:/altera/12.1sp1/nios2eds/bin/gnu/h-i686-mingw32/bin/../lib/gcc/nios2-elf/4.1.2/../../../../nios2-elf/lib\libc.a(lib_a-fvwrite.o)
                0x00006588                __sfvwrite_r
 .text          0x00006a24      0x180 c:/altera/12.1sp1/nios2eds/bin/gnu/h-i686-mingw32/bin/../lib/gcc/nios2-elf/4.1.2/../../../../nios2-elf/lib\libc.a(lib_a-fwalk.o)
                0x00006a24                _fwalk_reent
                0x00006aec                _fwalk
 .text          0x00006ba4        0x0 c:/altera/12.1sp1/nios2eds/bin/gnu/h-i686-mingw32/bin/../lib/gcc/nios2-elf/4.1.2/../../../../nios2-elf/lib\libc.a(lib_a-impure.o)
 .text          0x00006ba4       0xc4 c:/altera/12.1sp1/nios2eds/bin/gnu/h-i686-mingw32/bin/../lib/gcc/nios2-elf/4.1.2/../../../../nios2-elf/lib\libc.a(lib_a-locale.o)
                0x00006ba4                __locale_charset
                0x00006bac                _localeconv_r
                0x00006bb8                localeconv
                0x00006bc8                _setlocale_r
                0x00006c4c                setlocale
 .text          0x00006c68      0x194 c:/altera/12.1sp1/nios2eds/bin/gnu/h-i686-mingw32/bin/../lib/gcc/nios2-elf/4.1.2/../../../../nios2-elf/lib\libc.a(lib_a-makebuf.o)
                0x00006c68                __smakebuf_r
 .text          0x00006dfc      0x740 c:/altera/12.1sp1/nios2eds/bin/gnu/h-i686-mingw32/bin/../lib/gcc/nios2-elf/4.1.2/../../../../nios2-elf/lib\libc.a(lib_a-mallocr.o)
                0x00006dfc                _malloc_r
 .text          0x0000753c       0xe4 c:/altera/12.1sp1/nios2eds/bin/gnu/h-i686-mingw32/bin/../lib/gcc/nios2-elf/4.1.2/../../../../nios2-elf/lib\libc.a(lib_a-memchr.o)
                0x0000753c                memchr
 .text          0x00007620       0xa0 c:/altera/12.1sp1/nios2eds/bin/gnu/h-i686-mingw32/bin/../lib/gcc/nios2-elf/4.1.2/../../../../nios2-elf/lib\libc.a(lib_a-memcpy.o)
                0x00007620                memcpy
 .text          0x000076c0       0xe0 c:/altera/12.1sp1/nios2eds/bin/gnu/h-i686-mingw32/bin/../lib/gcc/nios2-elf/4.1.2/../../../../nios2-elf/lib\libc.a(lib_a-memmove.o)
                0x000076c0                memmove
 .text          0x000077a0       0x98 c:/altera/12.1sp1/nios2eds/bin/gnu/h-i686-mingw32/bin/../lib/gcc/nios2-elf/4.1.2/../../../../nios2-elf/lib\libc.a(lib_a-memset.o)
                0x000077a0                memset
 .text          0x00007838      0xff4 c:/altera/12.1sp1/nios2eds/bin/gnu/h-i686-mingw32/bin/../lib/gcc/nios2-elf/4.1.2/../../../../nios2-elf/lib\libc.a(lib_a-mprec.o)
                0x00007838                _Bfree
                0x00007860                __hi0bits
                0x000078d0                __lo0bits
                0x00007994                __mcmp
                0x000079f4                __ulp
                0x00007a74                __b2d
                0x00007b94                __ratio
                0x00007c44                _mprec_log10
                0x00007cd8                __copybits
                0x00007d30                __any_on
                0x00007db8                _Balloc
                0x00007e74                __d2b
                0x00007ff0                __mdiff
                0x0000817c                __lshift
                0x000082c8                __multiply
                0x000084b0                __i2b
                0x000084ec                __multadd
                0x000085ec                __pow5mult
                0x0000870c                __s2b
 .text          0x0000882c      0x5f4 c:/altera/12.1sp1/nios2eds/bin/gnu/h-i686-mingw32/bin/../lib/gcc/nios2-elf/4.1.2/../../../../nios2-elf/lib\libc.a(lib_a-reallocr.o)
                0x0000882c                _realloc_r
 .text          0x00008e20       0x40 c:/altera/12.1sp1/nios2eds/bin/gnu/h-i686-mingw32/bin/../lib/gcc/nios2-elf/4.1.2/../../../../nios2-elf/lib\libc.a(lib_a-s_isinfd.o)
                0x00008e20                __isinfd
 .text          0x00008e60       0x30 c:/altera/12.1sp1/nios2eds/bin/gnu/h-i686-mingw32/bin/../lib/gcc/nios2-elf/4.1.2/../../../../nios2-elf/lib\libc.a(lib_a-s_isnand.o)
                0x00008e60                __isnand
 .text          0x00008e90       0x70 c:/altera/12.1sp1/nios2eds/bin/gnu/h-i686-mingw32/bin/../lib/gcc/nios2-elf/4.1.2/../../../../nios2-elf/lib\libc.a(lib_a-sbrkr.o)
                0x00008e90                _sbrk_r
 .text          0x00008f00      0x14c c:/altera/12.1sp1/nios2eds/bin/gnu/h-i686-mingw32/bin/../lib/gcc/nios2-elf/4.1.2/../../../../nios2-elf/lib\libc.a(lib_a-stdio.o)
                0x00008f00                __sclose
                0x00008f08                __sseek
                0x00008f70                __swrite
                0x00008fec                __sread
 .text          0x0000904c       0xbc c:/altera/12.1sp1/nios2eds/bin/gnu/h-i686-mingw32/bin/../lib/gcc/nios2-elf/4.1.2/../../../../nios2-elf/lib\libc.a(lib_a-strcmp.o)
                0x0000904c                strcmp
 .text          0x00009108       0x78 c:/altera/12.1sp1/nios2eds/bin/gnu/h-i686-mingw32/bin/../lib/gcc/nios2-elf/4.1.2/../../../../nios2-elf/lib\libc.a(lib_a-writer.o)
                0x00009108                _write_r
 .text          0x00009180       0xb4 c:/altera/12.1sp1/nios2eds/bin/gnu/h-i686-mingw32/bin/../lib/gcc/nios2-elf/4.1.2/../../../../nios2-elf/lib\libc.a(lib_a-callocr.o)
                0x00009180                _calloc_r
 .text          0x00009234       0x70 c:/altera/12.1sp1/nios2eds/bin/gnu/h-i686-mingw32/bin/../lib/gcc/nios2-elf/4.1.2/../../../../nios2-elf/lib\libc.a(lib_a-closer.o)
                0x00009234                _close_r
 .text          0x000092a4      0x124 c:/altera/12.1sp1/nios2eds/bin/gnu/h-i686-mingw32/bin/../lib/gcc/nios2-elf/4.1.2/../../../../nios2-elf/lib\libc.a(lib_a-fclose.o)
                0x000092a4                _fclose_r
                0x000093b4                fclose
 .text          0x000093c8       0x74 c:/altera/12.1sp1/nios2eds/bin/gnu/h-i686-mingw32/bin/../lib/gcc/nios2-elf/4.1.2/../../../../nios2-elf/lib\libc.a(lib_a-fstatr.o)
                0x000093c8                _fstat_r
 .text          0x0000943c        0x0 c:/altera/12.1sp1/nios2eds/bin/gnu/h-i686-mingw32/bin/../lib/gcc/nios2-elf/4.1.2/../../../../nios2-elf/lib\libc.a(lib_a-int_errno.o)
 .text          0x0000943c       0x70 c:/altera/12.1sp1/nios2eds/bin/gnu/h-i686-mingw32/bin/../lib/gcc/nios2-elf/4.1.2/../../../../nios2-elf/lib\libc.a(lib_a-isattyr.o)
                0x0000943c                _isatty_r
 .text          0x000094ac       0x78 c:/altera/12.1sp1/nios2eds/bin/gnu/h-i686-mingw32/bin/../lib/gcc/nios2-elf/4.1.2/../../../../nios2-elf/lib\libc.a(lib_a-lseekr.o)
                0x000094ac                _lseek_r
 .text          0x00009524       0x78 c:/altera/12.1sp1/nios2eds/bin/gnu/h-i686-mingw32/bin/../lib/gcc/nios2-elf/4.1.2/../../../../nios2-elf/lib\libc.a(lib_a-readr.o)
                0x00009524                _read_r
 .text          0x0000959c      0x5dc c:/altera/12.1sp1/nios2eds/bin/gnu/h-i686-mingw32/bin/../lib/gcc/nios2-elf/4.1.2\libgcc.a(_udivdi3.o)
                0x0000959c                __udivdi3
 .text          0x00009b78      0x5b0 c:/altera/12.1sp1/nios2eds/bin/gnu/h-i686-mingw32/bin/../lib/gcc/nios2-elf/4.1.2\libgcc.a(_umoddi3.o)
                0x00009b78                __umoddi3
 .text          0x0000a128      0x3c4 c:/altera/12.1sp1/nios2eds/bin/gnu/h-i686-mingw32/bin/../lib/gcc/nios2-elf/4.1.2\libgcc.a(_mul_df.o)
                0x0000a128                __muldf3
 .text          0x0000a4ec      0x258 c:/altera/12.1sp1/nios2eds/bin/gnu/h-i686-mingw32/bin/../lib/gcc/nios2-elf/4.1.2\libgcc.a(_div_df.o)
                0x0000a4ec                __divdf3
 .text          0x0000a744       0x88 c:/altera/12.1sp1/nios2eds/bin/gnu/h-i686-mingw32/bin/../lib/gcc/nios2-elf/4.1.2\libgcc.a(_eq_df.o)
                0x0000a744                __eqdf2
 .text          0x0000a7cc       0x88 c:/altera/12.1sp1/nios2eds/bin/gnu/h-i686-mingw32/bin/../lib/gcc/nios2-elf/4.1.2\libgcc.a(_ne_df.o)
                0x0000a7cc                __nedf2
 .text          0x0000a854       0x88 c:/altera/12.1sp1/nios2eds/bin/gnu/h-i686-mingw32/bin/../lib/gcc/nios2-elf/4.1.2\libgcc.a(_gt_df.o)
                0x0000a854                __gtdf2
 .text          0x0000a8dc       0x88 c:/altera/12.1sp1/nios2eds/bin/gnu/h-i686-mingw32/bin/../lib/gcc/nios2-elf/4.1.2\libgcc.a(_ge_df.o)
                0x0000a8dc                __gedf2
 .text          0x0000a964       0x88 c:/altera/12.1sp1/nios2eds/bin/gnu/h-i686-mingw32/bin/../lib/gcc/nios2-elf/4.1.2\libgcc.a(_lt_df.o)
                0x0000a964                __ltdf2
 .text          0x0000a9ec       0xf8 c:/altera/12.1sp1/nios2eds/bin/gnu/h-i686-mingw32/bin/../lib/gcc/nios2-elf/4.1.2\libgcc.a(_si_to_df.o)
                0x0000a9ec                __floatsidf
 .text          0x0000aae4       0xd8 c:/altera/12.1sp1/nios2eds/bin/gnu/h-i686-mingw32/bin/../lib/gcc/nios2-elf/4.1.2\libgcc.a(_df_to_si.o)
                0x0000aae4                __fixdfsi
 .text          0x0000abbc      0x194 c:/altera/12.1sp1/nios2eds/bin/gnu/h-i686-mingw32/bin/../lib/gcc/nios2-elf/4.1.2\libgcc.a(_usi_to_df.o)
                0x0000abbc                __floatunsidf
 .text          0x0000ad50       0xc8 c:/altera/12.1sp1/nios2eds/bin/gnu/h-i686-mingw32/bin/../lib/gcc/nios2-elf/4.1.2\libgcc.a(_fpcmp_parts_df.o)
                0x0000ad50                __fpcmp_parts_d
 .text          0x0000ae18      0x15c ../VMC_bsp/\libucosii_bsp.a(alt_close.o)
                0x0000ae18                close
 .text          0x0000af74       0x2c ../VMC_bsp/\libucosii_bsp.a(alt_dev.o)
 .text          0x0000afa0        0x0 ../VMC_bsp/\libucosii_bsp.a(alt_errno.o)
 .text          0x0000afa0      0x134 ../VMC_bsp/\libucosii_bsp.a(alt_fstat.o)
                0x0000afa0                fstat
 .text          0x0000b0d4      0x120 ../VMC_bsp/\libucosii_bsp.a(alt_isatty.o)
                0x0000b0d4                isatty
 .text          0x0000b1f4       0xec ../VMC_bsp/\libucosii_bsp.a(alt_load.o)
                0x0000b1f4                alt_load
 .text          0x0000b2e0      0x150 ../VMC_bsp/\libucosii_bsp.a(alt_lseek.o)
                0x0000b2e0                lseek
 .text          0x0000b430       0xc8 ../VMC_bsp/\libucosii_bsp.a(alt_main.o)
                0x0000b430                alt_main
 .text          0x0000b4f8      0x180 ../VMC_bsp/\libucosii_bsp.a(alt_read.o)
                0x0000b4f8                read
 .text          0x0000b678       0x60 ../VMC_bsp/\libucosii_bsp.a(alt_release_fd.o)
                0x0000b678                alt_release_fd
 .text          0x0000b6d8       0xbc ../VMC_bsp/\libucosii_bsp.a(alt_sbrk.o)
                0x0000b6d8                sbrk
 .text          0x0000b794      0x180 ../VMC_bsp/\libucosii_bsp.a(alt_write.o)
                0x0000b794                write
 .text          0x0000b914      0x108 ../VMC_bsp/\libucosii_bsp.a(alt_env_lock.o)
                0x0000b914                __env_lock
                0x0000b9c0                __env_unlock
 .text          0x0000ba1c      0x1d8 ../VMC_bsp/\libucosii_bsp.a(alt_malloc_lock.o)
                0x0000ba1c                __malloc_lock
                0x0000bb24                __malloc_unlock
 .text          0x0000bbf4     0x2128 ../VMC_bsp/\libucosii_bsp.a(os_core.o)
                0x0000bbf4                OSEventNameGet
                0x0000bd24                OSEventNameSet
                0x0000be68                OSEventPendMulti
                0x0000c51c                OSInit
                0x0000c570                OSIntEnter
                0x0000c5ec                OSIntExit
                0x0000c6ec                OSSchedLock
                0x0000c778                OSSchedUnlock
                0x0000c85c                OSStart
                0x0000c8cc                OSStatInit
                0x0000c978                OSTimeTick
                0x0000cbb8                OSVersion
                0x0000cbd8                OS_Dummy
                0x0000cbf4                OS_EventTaskRdy
                0x0000cd88                OS_EventTaskWait
                0x0000ce98                OS_EventTaskWaitMulti
                0x0000cfec                OS_EventTaskRemove
                0x0000d0a4                OS_EventTaskRemoveMulti
                0x0000d1a8                OS_EventWaitListInit
                0x0000d574                OS_MemClr
                0x0000d5c8                OS_MemCopy
                0x0000d634                OS_Sched
                0x0000d778                OS_StrCopy
                0x0000d7f8                OS_StrLen
                0x0000d850                OS_TaskIdle
                0x0000d8ac                OS_TaskStat
                0x0000d974                OS_TaskStatStkChk
                0x0000da3c                OS_TCBInit
 .text          0x0000dd1c      0x18c ../VMC_bsp/\libucosii_bsp.a(os_dbg.o)
                0x0000dd1c                OSDebugInit
 .text          0x0000dea8     0x193c ../VMC_bsp/\libucosii_bsp.a(os_flag.o)
                0x0000dea8                OSFlagAccept
                0x0000e1dc                OSFlagCreate
                0x0000e318                OSFlagDel
                0x0000e5c0                OSFlagNameGet
                0x0000e704                OSFlagNameSet
                0x0000e858                OSFlagPend
                0x0000ee9c                OSFlagPendGetFlagsRdy
                0x0000ef04                OSFlagPost
                0x0000f2ac                OSFlagQuery
                0x0000f544                OS_FlagInit
                0x0000f738                OS_FlagUnlink
 .text          0x0000f7e4      0x808 ../VMC_bsp/\libucosii_bsp.a(os_mem.o)
                0x0000f7e4                OSMemCreate
                0x0000fa00                OSMemGet
                0x0000fb04                OSMemNameGet
                0x0000fc10                OSMemNameSet
                0x0000fd30                OSMemPut
                0x0000fe20                OSMemQuery
                0x0000ff1c                OS_MemInit
 .text          0x0000ffec     0x1334 ../VMC_bsp/\libucosii_bsp.a(os_q.o)
                0x0000ffec                OSQAccept
                0x00010140                OSQCreate
                0x00010354                OSQDel
                0x00010654                OSQFlush
                0x0001071c                OSQPend
                0x00010a3c                OSQPendAbort
                0x00010bb8                OSQPost
                0x00010d38                OSQPostFront
                0x00010ec0                OSQPostOpt
                0x000110f4                OSQQuery
                0x00011274                OS_QInit
 .text          0x00011320      0xbc8 ../VMC_bsp/\libucosii_bsp.a(os_sem.o)
                0x00011320                OSSemAccept
                0x000113e0                OSSemCreate
                0x000114f4                OSSemDel
                0x00011794                OSSemPend
                0x00011a10                OSSemPendAbort
                0x00011b8c                OSSemPost
                0x00011cb4                OSSemQuery
                0x00011de4                OSSemSet
 .text          0x00011ee8     0x1a40 ../VMC_bsp/\libucosii_bsp.a(os_task.o)
                0x00011ee8                OSTaskChangePrio
                0x0001245c                OSTaskCreate
                0x00012630                OSTaskCreateExt
                0x00012830                OSTaskDel
                0x00012c3c                OSTaskDelReq
                0x00012dac                OSTaskNameGet
                0x00012f64                OSTaskNameSet
                0x00013128                OSTaskResume
                0x00013340                OSTaskStkChk
                0x0001353c                OSTaskSuspend
                0x00013768                OSTaskQuery
                0x000138ac                OS_TaskStkClr
 .text          0x00013928      0x598 ../VMC_bsp/\libucosii_bsp.a(os_time.o)
                0x00013928                OSTimeDly
                0x00013a74                OSTimeDlyHMSM
                0x00013be8                OSTimeDlyResume
                0x00013df8                OSTimeGet
                0x00013e5c                OSTimeSet
 .text          0x00013ec0       0xd0 ../VMC_bsp/\libucosii_bsp.a(alt_sys_init.o)
                0x00013ec0                alt_irq_init
                0x00013ef4                alt_sys_init
 .text          0x00013f90      0x9e4 ../VMC_bsp/\libucosii_bsp.a(altera_avalon_epcs_flash_controller.o)
                0x00013f90                alt_epcs_flash_init
                0x000143ac                alt_epcs_flash_write
                0x0001462c                alt_epcs_flash_get_info
                0x000146bc                alt_epcs_flash_erase_block
                0x000147c0                alt_epcs_flash_write_block
                0x000148dc                alt_epcs_flash_read
 .text          0x00014974      0x148 ../VMC_bsp/\libucosii_bsp.a(altera_avalon_jtag_uart_fd.o)
                0x00014974                altera_avalon_jtag_uart_read_fd
                0x000149cc                altera_avalon_jtag_uart_write_fd
                0x00014a24                altera_avalon_jtag_uart_close_fd
                0x00014a6c                altera_avalon_jtag_uart_ioctl_fd
 .text          0x00014abc      0x584 ../VMC_bsp/\libucosii_bsp.a(altera_avalon_jtag_uart_init.o)
                0x00014abc                altera_avalon_jtag_uart_init
                0x00014fcc                altera_avalon_jtag_uart_close
 .text          0x00015040       0xf4 ../VMC_bsp/\libucosii_bsp.a(altera_avalon_jtag_uart_ioctl.o)
                0x00015040                altera_avalon_jtag_uart_ioctl
 .text          0x00015134      0x2c0 ../VMC_bsp/\libucosii_bsp.a(altera_avalon_jtag_uart_read.o)
                0x00015134                altera_avalon_jtag_uart_read
 .text          0x000153f4      0x2dc ../VMC_bsp/\libucosii_bsp.a(altera_avalon_jtag_uart_write.o)
                0x000153f4                altera_avalon_jtag_uart_write
 .text          0x000156d0      0x100 ../VMC_bsp/\libucosii_bsp.a(altera_avalon_timer_sc.o)
                0x00015740                alt_avalon_timer_sc_init
 .text          0x000157d0      0x6d4 ../VMC_bsp/\libucosii_bsp.a(epcs_commands.o)
                0x000157d0                epcs_read_status_register
                0x00015830                epcs_sector_erase
                0x00015998                epcs_read_buffer
                0x00015ae4                epcs_write_enable
                0x00015b34                epcs_write_status_register
                0x00015b98                epcs_write_buffer
                0x00015d08                epcs_read_electronic_signature
                0x00015d74                epcs_read_device_id
                0x00015df4                epcs_enter_4_bytes_mode
                0x00015e4c                epcs_exit_4_bytes_mode
 .text          0x00015ea4      0x154 ../VMC_bsp/\libucosii_bsp.a(alt_alarm_start.o)
                0x00015ea4                alt_alarm_start
 .text          0x00015ff8       0x44 ../VMC_bsp/\libucosii_bsp.a(alt_dcache_flush_all.o)
                0x00015ff8                alt_dcache_flush_all
 .text          0x0001603c      0x114 ../VMC_bsp/\libucosii_bsp.a(alt_dev_llist_insert.o)
                0x0001603c                alt_dev_llist_insert
 .text          0x00016150       0x64 ../VMC_bsp/\libucosii_bsp.a(alt_do_ctors.o)
                0x00016150                _do_ctors
 .text          0x000161b4       0x64 ../VMC_bsp/\libucosii_bsp.a(alt_do_dtors.o)
                0x000161b4                _do_dtors
 .text          0x00016218       0xd0 ../VMC_bsp/\libucosii_bsp.a(alt_flash_dev.o)
                0x00016218                alt_flash_open_dev
                0x00016294                alt_flash_close_dev
 .text          0x000162e8       0x30 ../VMC_bsp/\libucosii_bsp.a(alt_icache_flush_all.o)
                0x000162e8                alt_icache_flush_all
 .text          0x00016318      0x1d4 ../VMC_bsp/\libucosii_bsp.a(alt_iic.o)
                0x00016318                alt_ic_isr_register
                0x00016368                alt_ic_irq_enable
                0x00016404                alt_ic_irq_disable
                0x000164a4                alt_ic_irq_enabled
 .text          0x000164ec       0xf8 ../VMC_bsp/\libucosii_bsp.a(alt_iic_isr_register.o)
                0x000164ec                alt_iic_isr_register
 .text          0x000165e4      0x13c ../VMC_bsp/\libucosii_bsp.a(alt_io_redirect.o)
                0x000166a8                alt_io_redirect
 .text          0x00016720        0x0 ../VMC_bsp/\libucosii_bsp.a(alt_irq_entry.o)
 .text          0x00016720        0x0 ../VMC_bsp/\libucosii_bsp.a(alt_irq_handler.o)
 .text          0x00016720        0x0 ../VMC_bsp/\libucosii_bsp.a(alt_irq_vars.o)
 .text          0x00016720      0x2c4 ../VMC_bsp/\libucosii_bsp.a(alt_open.o)
                0x000167fc                open
 .text          0x000169e4      0x1a8 ../VMC_bsp/\libucosii_bsp.a(alt_tick.o)
                0x000169e4                alt_alarm_stop
                0x00016a7c                alt_tick
 .text          0x00016b8c       0x20 ../VMC_bsp/\libucosii_bsp.a(altera_nios2_irq.o)
                0x00016b8c                altera_nios2_irq_init
 .text          0x00016bac       0xd0 ../VMC_bsp/\libucosii_bsp.a(os_cpu_a.o)
                0x00016bac                OSCtxSw
                0x00016bac                OSIntCtxSw
                0x00016c38                OSStartHighRdy
                0x00016c58                OSStartTsk
 .text          0x00016c7c      0x418 ../VMC_bsp/\libucosii_bsp.a(os_cpu_c.o)
                0x00016c7c                OSTaskStkInit
                0x00016f8c                OSTaskCreateHook
                0x00016fac                OSTaskDelHook
                0x00016fcc                OSTaskSwHook
                0x00016fe8                OSTaskStatHook
                0x00017004                OSTimeTickHook
                0x00017020                OSInitHookBegin
                0x0001703c                OSInitHookEnd
                0x00017058                OSTaskIdleHook
                0x00017074                OSTCBInitHook
 .text          0x00017094      0x238 ../VMC_bsp/\libucosii_bsp.a(altera_avalon_spi.o)
                0x00017094                alt_avalon_spi_command
 .text          0x000172cc        0x0 ../VMC_bsp/\libucosii_bsp.a(alt_exception_entry.o)
 .text          0x000172cc       0x94 ../VMC_bsp/\libucosii_bsp.a(alt_find_dev.o)
                0x000172cc                alt_find_dev
 .text          0x00017360      0x120 ../VMC_bsp/\libucosii_bsp.a(alt_find_file.o)
                0x00017360                alt_find_file
 .text          0x00017480       0xf4 ../VMC_bsp/\libucosii_bsp.a(alt_get_fd.o)
                0x00017480                alt_get_fd
 .text          0x00017574       0x90 ../VMC_bsp/\libucosii_bsp.a(alt_icache_flush.o)
                0x00017574                alt_icache_flush
 .text          0x00017604       0x14 c:/altera/12.1sp1/nios2eds/bin/gnu/h-i686-mingw32/bin/../lib/gcc/nios2-elf/4.1.2/../../../../nios2-elf/lib\libc.a(lib_a-atexit.o)
                0x00017604                atexit
 .text          0x00017618       0x38 c:/altera/12.1sp1/nios2eds/bin/gnu/h-i686-mingw32/bin/../lib/gcc/nios2-elf/4.1.2/../../../../nios2-elf/lib\libc.a(lib_a-exit.o)
                0x00017618                exit
 .text          0x00017650       0x74 c:/altera/12.1sp1/nios2eds/bin/gnu/h-i686-mingw32/bin/../lib/gcc/nios2-elf/4.1.2/../../../../nios2-elf/lib\libc.a(lib_a-memcmp.o)
                0x00017650                memcmp
 .text          0x000176c4      0x134 c:/altera/12.1sp1/nios2eds/bin/gnu/h-i686-mingw32/bin/../lib/gcc/nios2-elf/4.1.2/../../../../nios2-elf/lib\libc.a(lib_a-__atexit.o)
                0x000176c4                __register_exitproc
 .text          0x000177f8      0x1b4 c:/altera/12.1sp1/nios2eds/bin/gnu/h-i686-mingw32/bin/../lib/gcc/nios2-elf/4.1.2/../../../../nios2-elf/lib\libc.a(lib_a-__call_atexit.o)
                0x000177fc                __call_exitprocs
 .text          0x000179ac       0x6c ../VMC_bsp/\libucosii_bsp.a(alt_exit.o)
                0x000179ec                _exit
 *(.gnu.warning.*)
 *(.fini)
                0x00017a18                PROVIDE (__etext, ABSOLUTE (.))
                0x00017a18                PROVIDE (_etext, ABSOLUTE (.))
                0x00017a18                PROVIDE (etext, ABSOLUTE (.))
 *(.eh_frame_hdr)
                0x00017a18                . = ALIGN (0x4)
                0x00017a18                PROVIDE (__preinit_array_start, ABSOLUTE (.))
 *(.preinit_array)
                0x00017a18                PROVIDE (__preinit_array_end, ABSOLUTE (.))
                0x00017a18                PROVIDE (__init_array_start, ABSOLUTE (.))
 *(.init_array)
                0x00017a18                PROVIDE (__init_array_end, ABSOLUTE (.))
                0x00017a18                PROVIDE (__fini_array_start, ABSOLUTE (.))
 *(.fini_array)
                0x00017a18                PROVIDE (__fini_array_end, ABSOLUTE (.))
 *(.eh_frame)
 *(.gcc_except_table)
 *(.dynamic)
                0x00017a18                PROVIDE (__CTOR_LIST__, ABSOLUTE (.))
 *(.ctors)
 *(SORT(.ctors.*))
 .ctors.65535   0x00017a18        0x4 c:/altera/12.1sp1/nios2eds/bin/gnu/h-i686-mingw32/bin/../lib/gcc/nios2-elf/4.1.2/../../../../nios2-elf/lib\libc.a(lib_a-__call_atexit.o)
                0x00017a1c                PROVIDE (__CTOR_END__, ABSOLUTE (.))
                0x00017a1c                PROVIDE (__DTOR_LIST__, ABSOLUTE (.))
 *(.dtors)
 *(SORT(.dtors.*))
                0x00017a1c                PROVIDE (__DTOR_END__, ABSOLUTE (.))
 *(.jcr)
                0x00017a1c                . = ALIGN (0x4)

.rodata         0x00017a1c      0x51c
                0x00017a1c                PROVIDE (__ram_rodata_start, ABSOLUTE (.))
                0x00017a1c                . = ALIGN (0x4)
 *(.rodata .rodata.* .gnu.linkonce.r.*)
 .rodata        0x00017a1c       0xa0 obj/default/VMC.o
 .rodata        0x00017abc       0x10 c:/altera/12.1sp1/nios2eds/bin/gnu/h-i686-mingw32/bin/../lib/gcc/nios2-elf/4.1.2\libgcc.a(_thenan_sf.o)
                0x00017abc                __thenan_sf
 .rodata        0x00017acc       0x14 c:/altera/12.1sp1/nios2eds/bin/gnu/h-i686-mingw32/bin/../lib/gcc/nios2-elf/4.1.2\libgcc.a(_thenan_df.o)
                0x00017acc                __thenan_df
 .rodata        0x00017ae0      0x100 c:/altera/12.1sp1/nios2eds/bin/gnu/h-i686-mingw32/bin/../lib/gcc/nios2-elf/4.1.2\libgcc.a(_clz.o)
                0x00017ae0                __clz_tab
 .rodata.str1.4
                0x00017be0        0x2 c:/altera/12.1sp1/nios2eds/bin/gnu/h-i686-mingw32/bin/../lib/gcc/nios2-elf/4.1.2/../../../../nios2-elf/lib\libc.a(lib_a-puts.o)
                                  0x4 (size before relaxing)
 *fill*         0x00017be2        0x2 00
 .rodata.str1.4
                0x00017be4       0x5e c:/altera/12.1sp1/nios2eds/bin/gnu/h-i686-mingw32/bin/../lib/gcc/nios2-elf/4.1.2/../../../../nios2-elf/lib\libc.a(lib_a-vfprintf.o)
                                 0x60 (size before relaxing)
 .rodata        0x00017c42       0x20 c:/altera/12.1sp1/nios2eds/bin/gnu/h-i686-mingw32/bin/../lib/gcc/nios2-elf/4.1.2/../../../../nios2-elf/lib\libc.a(lib_a-vfprintf.o)
 *fill*         0x00017c62        0x2 00
 .rodata.str1.4
                0x00017c64       0x10 c:/altera/12.1sp1/nios2eds/bin/gnu/h-i686-mingw32/bin/../lib/gcc/nios2-elf/4.1.2/../../../../nios2-elf/lib\libc.a(lib_a-dtoa.o)
                                 0x14 (size before relaxing)
 .rodata.str1.4
                0x00017c74        0x2 c:/altera/12.1sp1/nios2eds/bin/gnu/h-i686-mingw32/bin/../lib/gcc/nios2-elf/4.1.2/../../../../nios2-elf/lib\libc.a(lib_a-impure.o)
                                  0x4 (size before relaxing)
 *fill*         0x00017c76        0x2 00
 .rodata.str1.4
                0x00017c78       0x10 c:/altera/12.1sp1/nios2eds/bin/gnu/h-i686-mingw32/bin/../lib/gcc/nios2-elf/4.1.2/../../../../nios2-elf/lib\libc.a(lib_a-locale.o)
                                 0x18 (size before relaxing)
 .rodata        0x00017c88       0x30 c:/altera/12.1sp1/nios2eds/bin/gnu/h-i686-mingw32/bin/../lib/gcc/nios2-elf/4.1.2/../../../../nios2-elf/lib\libc.a(lib_a-locale.o)
 .rodata        0x00017cb8      0x124 c:/altera/12.1sp1/nios2eds/bin/gnu/h-i686-mingw32/bin/../lib/gcc/nios2-elf/4.1.2/../../../../nios2-elf/lib\libc.a(lib_a-mprec.o)
                0x00017cb8                __mprec_tens
                0x00017d80                __mprec_bigtens
                0x00017da8                __mprec_tinytens
 .rodata        0x00017ddc        0xc ../VMC_bsp/\libucosii_bsp.a(alt_dev.o)
 .rodata        0x00017de8       0x10 ../VMC_bsp/\libucosii_bsp.a(alt_main.o)
 .rodata        0x00017df8      0x120 ../VMC_bsp/\libucosii_bsp.a(os_core.o)
                0x00017df8                OSUnMapTbl
 .rodata        0x00017f18       0x1c ../VMC_bsp/\libucosii_bsp.a(alt_sys_init.o)
 .rodata        0x00017f34        0x4 ../VMC_bsp/\libucosii_bsp.a(os_cpu_c.o)
 *(.rodata1)
                0x00017f38                . = ALIGN (0x4)
                0x00017f38                PROVIDE (__ram_rodata_end, ABSOLUTE (.))
                0x00017a1c                PROVIDE (__flash_rodata_start, LOADADDR (.rodata))

.rwdata         0x00017f38     0x1bb4 load address 0x00019aec
                0x00017f38                PROVIDE (__ram_rwdata_start, ABSOLUTE (.))
                0x00017f38                . = ALIGN (0x4)
 *(.got.plt)
 *(.got)
 *(.data1)
 *(.data .data.* .gnu.linkonce.d.*)
 .data          0x00017f38        0x0 ../VMC_bsp//obj/HAL/src/crt0.o
 .data          0x00017f38        0x0 obj/default/MPU6050/mpu6050.o
 .data          0x00017f38        0x0 obj/default/VMC.o
 .data          0x00017f38        0x0 obj/default/head.o
 .data          0x00017f38        0x0 c:/altera/12.1sp1/nios2eds/bin/gnu/h-i686-mingw32/bin/../lib/gcc/nios2-elf/4.1.2\libgcc.a(_fixunssfsi.o)
 .data          0x00017f38        0x0 c:/altera/12.1sp1/nios2eds/bin/gnu/h-i686-mingw32/bin/../lib/gcc/nios2-elf/4.1.2\libgcc.a(_addsub_sf.o)
 .data          0x00017f38        0x0 c:/altera/12.1sp1/nios2eds/bin/gnu/h-i686-mingw32/bin/../lib/gcc/nios2-elf/4.1.2\libgcc.a(_mul_sf.o)
 .data          0x00017f38        0x0 c:/altera/12.1sp1/nios2eds/bin/gnu/h-i686-mingw32/bin/../lib/gcc/nios2-elf/4.1.2\libgcc.a(_div_sf.o)
 .data          0x00017f38        0x0 c:/altera/12.1sp1/nios2eds/bin/gnu/h-i686-mingw32/bin/../lib/gcc/nios2-elf/4.1.2\libgcc.a(_ge_sf.o)
 .data          0x00017f38        0x0 c:/altera/12.1sp1/nios2eds/bin/gnu/h-i686-mingw32/bin/../lib/gcc/nios2-elf/4.1.2\libgcc.a(_si_to_sf.o)
 .data          0x00017f38        0x0 c:/altera/12.1sp1/nios2eds/bin/gnu/h-i686-mingw32/bin/../lib/gcc/nios2-elf/4.1.2\libgcc.a(_sf_to_si.o)
 .data          0x00017f38        0x0 c:/altera/12.1sp1/nios2eds/bin/gnu/h-i686-mingw32/bin/../lib/gcc/nios2-elf/4.1.2\libgcc.a(_sf_to_df.o)
 .data          0x00017f38        0x0 c:/altera/12.1sp1/nios2eds/bin/gnu/h-i686-mingw32/bin/../lib/gcc/nios2-elf/4.1.2\libgcc.a(_thenan_sf.o)
 .data          0x00017f38        0x0 c:/altera/12.1sp1/nios2eds/bin/gnu/h-i686-mingw32/bin/../lib/gcc/nios2-elf/4.1.2\libgcc.a(_usi_to_sf.o)
 .data          0x00017f38        0x0 c:/altera/12.1sp1/nios2eds/bin/gnu/h-i686-mingw32/bin/../lib/gcc/nios2-elf/4.1.2\libgcc.a(_addsub_df.o)
 .data          0x00017f38        0x0 c:/altera/12.1sp1/nios2eds/bin/gnu/h-i686-mingw32/bin/../lib/gcc/nios2-elf/4.1.2\libgcc.a(_make_df.o)
 .data          0x00017f38        0x0 c:/altera/12.1sp1/nios2eds/bin/gnu/h-i686-mingw32/bin/../lib/gcc/nios2-elf/4.1.2\libgcc.a(_thenan_df.o)
 .data          0x00017f38        0x0 c:/altera/12.1sp1/nios2eds/bin/gnu/h-i686-mingw32/bin/../lib/gcc/nios2-elf/4.1.2\libgcc.a(lib2-divmod.o)
 .data          0x00017f38        0x0 c:/altera/12.1sp1/nios2eds/bin/gnu/h-i686-mingw32/bin/../lib/gcc/nios2-elf/4.1.2\libgcc.a(_muldi3.o)
 .data          0x00017f38        0x0 c:/altera/12.1sp1/nios2eds/bin/gnu/h-i686-mingw32/bin/../lib/gcc/nios2-elf/4.1.2\libgcc.a(_clzsi2.o)
 .data          0x00017f38        0x0 c:/altera/12.1sp1/nios2eds/bin/gnu/h-i686-mingw32/bin/../lib/gcc/nios2-elf/4.1.2\libgcc.a(_pack_sf.o)
 .data          0x00017f38        0x0 c:/altera/12.1sp1/nios2eds/bin/gnu/h-i686-mingw32/bin/../lib/gcc/nios2-elf/4.1.2\libgcc.a(_unpack_sf.o)
 .data          0x00017f38        0x0 c:/altera/12.1sp1/nios2eds/bin/gnu/h-i686-mingw32/bin/../lib/gcc/nios2-elf/4.1.2\libgcc.a(_fpcmp_parts_sf.o)
 .data          0x00017f38        0x0 c:/altera/12.1sp1/nios2eds/bin/gnu/h-i686-mingw32/bin/../lib/gcc/nios2-elf/4.1.2\libgcc.a(_pack_df.o)
 .data          0x00017f38        0x0 c:/altera/12.1sp1/nios2eds/bin/gnu/h-i686-mingw32/bin/../lib/gcc/nios2-elf/4.1.2\libgcc.a(_unpack_df.o)
 .data          0x00017f38        0x0 c:/altera/12.1sp1/nios2eds/bin/gnu/h-i686-mingw32/bin/../lib/gcc/nios2-elf/4.1.2\libgcc.a(_clz.o)
 .data          0x00017f38        0x0 c:/altera/12.1sp1/nios2eds/bin/gnu/h-i686-mingw32/bin/../lib/gcc/nios2-elf/4.1.2/../../../../nios2-elf/lib\libc.a(lib_a-printf.o)
 .data          0x00017f38        0x0 c:/altera/12.1sp1/nios2eds/bin/gnu/h-i686-mingw32/bin/../lib/gcc/nios2-elf/4.1.2/../../../../nios2-elf/lib\libc.a(lib_a-puts.o)
 .data          0x00017f38        0x0 c:/altera/12.1sp1/nios2eds/bin/gnu/h-i686-mingw32/bin/../lib/gcc/nios2-elf/4.1.2/../../../../nios2-elf/lib\libc.a(lib_a-strlen.o)
 .data          0x00017f38        0x0 c:/altera/12.1sp1/nios2eds/bin/gnu/h-i686-mingw32/bin/../lib/gcc/nios2-elf/4.1.2/../../../../nios2-elf/lib\libc.a(lib_a-vfprintf.o)
 .data          0x00017f38        0x0 c:/altera/12.1sp1/nios2eds/bin/gnu/h-i686-mingw32/bin/../lib/gcc/nios2-elf/4.1.2/../../../../nios2-elf/lib\libc.a(lib_a-wsetup.o)
 .data          0x00017f38        0x0 c:/altera/12.1sp1/nios2eds/bin/gnu/h-i686-mingw32/bin/../lib/gcc/nios2-elf/4.1.2/../../../../nios2-elf/lib\libc.a(lib_a-dtoa.o)
 .data          0x00017f38        0x0 c:/altera/12.1sp1/nios2eds/bin/gnu/h-i686-mingw32/bin/../lib/gcc/nios2-elf/4.1.2/../../../../nios2-elf/lib\libc.a(lib_a-fflush.o)
 .data          0x00017f38        0x0 c:/altera/12.1sp1/nios2eds/bin/gnu/h-i686-mingw32/bin/../lib/gcc/nios2-elf/4.1.2/../../../../nios2-elf/lib\libc.a(lib_a-findfp.o)
 .data          0x00017f38        0x0 c:/altera/12.1sp1/nios2eds/bin/gnu/h-i686-mingw32/bin/../lib/gcc/nios2-elf/4.1.2/../../../../nios2-elf/lib\libc.a(lib_a-freer.o)
 .data          0x00017f38        0x0 c:/altera/12.1sp1/nios2eds/bin/gnu/h-i686-mingw32/bin/../lib/gcc/nios2-elf/4.1.2/../../../../nios2-elf/lib\libc.a(lib_a-fvwrite.o)
 .data          0x00017f38        0x0 c:/altera/12.1sp1/nios2eds/bin/gnu/h-i686-mingw32/bin/../lib/gcc/nios2-elf/4.1.2/../../../../nios2-elf/lib\libc.a(lib_a-fwalk.o)
 .data          0x00017f38      0x400 c:/altera/12.1sp1/nios2eds/bin/gnu/h-i686-mingw32/bin/../lib/gcc/nios2-elf/4.1.2/../../../../nios2-elf/lib\libc.a(lib_a-impure.o)
 .data          0x00018338        0xc c:/altera/12.1sp1/nios2eds/bin/gnu/h-i686-mingw32/bin/../lib/gcc/nios2-elf/4.1.2/../../../../nios2-elf/lib\libc.a(lib_a-locale.o)
                0x00018338                __lc_ctype
 .data          0x00018344        0x0 c:/altera/12.1sp1/nios2eds/bin/gnu/h-i686-mingw32/bin/../lib/gcc/nios2-elf/4.1.2/../../../../nios2-elf/lib\libc.a(lib_a-makebuf.o)
 .data          0x00018344      0x408 c:/altera/12.1sp1/nios2eds/bin/gnu/h-i686-mingw32/bin/../lib/gcc/nios2-elf/4.1.2/../../../../nios2-elf/lib\libc.a(lib_a-mallocr.o)
                0x00018344                __malloc_av_
 .data          0x0001874c        0x0 c:/altera/12.1sp1/nios2eds/bin/gnu/h-i686-mingw32/bin/../lib/gcc/nios2-elf/4.1.2/../../../../nios2-elf/lib\libc.a(lib_a-memchr.o)
 .data          0x0001874c        0x0 c:/altera/12.1sp1/nios2eds/bin/gnu/h-i686-mingw32/bin/../lib/gcc/nios2-elf/4.1.2/../../../../nios2-elf/lib\libc.a(lib_a-memcpy.o)
 .data          0x0001874c        0x0 c:/altera/12.1sp1/nios2eds/bin/gnu/h-i686-mingw32/bin/../lib/gcc/nios2-elf/4.1.2/../../../../nios2-elf/lib\libc.a(lib_a-memmove.o)
 .data          0x0001874c        0x0 c:/altera/12.1sp1/nios2eds/bin/gnu/h-i686-mingw32/bin/../lib/gcc/nios2-elf/4.1.2/../../../../nios2-elf/lib\libc.a(lib_a-memset.o)
 .data          0x0001874c        0x0 c:/altera/12.1sp1/nios2eds/bin/gnu/h-i686-mingw32/bin/../lib/gcc/nios2-elf/4.1.2/../../../../nios2-elf/lib\libc.a(lib_a-mprec.o)
 .data          0x0001874c        0x0 c:/altera/12.1sp1/nios2eds/bin/gnu/h-i686-mingw32/bin/../lib/gcc/nios2-elf/4.1.2/../../../../nios2-elf/lib\libc.a(lib_a-reallocr.o)
 .data          0x0001874c        0x0 c:/altera/12.1sp1/nios2eds/bin/gnu/h-i686-mingw32/bin/../lib/gcc/nios2-elf/4.1.2/../../../../nios2-elf/lib\libc.a(lib_a-s_isinfd.o)
 .data          0x0001874c        0x0 c:/altera/12.1sp1/nios2eds/bin/gnu/h-i686-mingw32/bin/../lib/gcc/nios2-elf/4.1.2/../../../../nios2-elf/lib\libc.a(lib_a-s_isnand.o)
 .data          0x0001874c        0x0 c:/altera/12.1sp1/nios2eds/bin/gnu/h-i686-mingw32/bin/../lib/gcc/nios2-elf/4.1.2/../../../../nios2-elf/lib\libc.a(lib_a-sbrkr.o)
 .data          0x0001874c        0x0 c:/altera/12.1sp1/nios2eds/bin/gnu/h-i686-mingw32/bin/../lib/gcc/nios2-elf/4.1.2/../../../../nios2-elf/lib\libc.a(lib_a-stdio.o)
 .data          0x0001874c        0x0 c:/altera/12.1sp1/nios2eds/bin/gnu/h-i686-mingw32/bin/../lib/gcc/nios2-elf/4.1.2/../../../../nios2-elf/lib\libc.a(lib_a-strcmp.o)
 .data          0x0001874c        0x0 c:/altera/12.1sp1/nios2eds/bin/gnu/h-i686-mingw32/bin/../lib/gcc/nios2-elf/4.1.2/../../../../nios2-elf/lib\libc.a(lib_a-writer.o)
 .data          0x0001874c        0x0 c:/altera/12.1sp1/nios2eds/bin/gnu/h-i686-mingw32/bin/../lib/gcc/nios2-elf/4.1.2/../../../../nios2-elf/lib\libc.a(lib_a-callocr.o)
 .data          0x0001874c        0x0 c:/altera/12.1sp1/nios2eds/bin/gnu/h-i686-mingw32/bin/../lib/gcc/nios2-elf/4.1.2/../../../../nios2-elf/lib\libc.a(lib_a-closer.o)
 .data          0x0001874c        0x0 c:/altera/12.1sp1/nios2eds/bin/gnu/h-i686-mingw32/bin/../lib/gcc/nios2-elf/4.1.2/../../../../nios2-elf/lib\libc.a(lib_a-fclose.o)
 .data          0x0001874c        0x0 c:/altera/12.1sp1/nios2eds/bin/gnu/h-i686-mingw32/bin/../lib/gcc/nios2-elf/4.1.2/../../../../nios2-elf/lib\libc.a(lib_a-fstatr.o)
 .data          0x0001874c        0x0 c:/altera/12.1sp1/nios2eds/bin/gnu/h-i686-mingw32/bin/../lib/gcc/nios2-elf/4.1.2/../../../../nios2-elf/lib\libc.a(lib_a-int_errno.o)
 .data          0x0001874c        0x0 c:/altera/12.1sp1/nios2eds/bin/gnu/h-i686-mingw32/bin/../lib/gcc/nios2-elf/4.1.2/../../../../nios2-elf/lib\libc.a(lib_a-isattyr.o)
 .data          0x0001874c        0x0 c:/altera/12.1sp1/nios2eds/bin/gnu/h-i686-mingw32/bin/../lib/gcc/nios2-elf/4.1.2/../../../../nios2-elf/lib\libc.a(lib_a-lseekr.o)
 .data          0x0001874c        0x0 c:/altera/12.1sp1/nios2eds/bin/gnu/h-i686-mingw32/bin/../lib/gcc/nios2-elf/4.1.2/../../../../nios2-elf/lib\libc.a(lib_a-readr.o)
 .data          0x0001874c        0x0 c:/altera/12.1sp1/nios2eds/bin/gnu/h-i686-mingw32/bin/../lib/gcc/nios2-elf/4.1.2\libgcc.a(_udivdi3.o)
 .data          0x0001874c        0x0 c:/altera/12.1sp1/nios2eds/bin/gnu/h-i686-mingw32/bin/../lib/gcc/nios2-elf/4.1.2\libgcc.a(_umoddi3.o)
 .data          0x0001874c        0x0 c:/altera/12.1sp1/nios2eds/bin/gnu/h-i686-mingw32/bin/../lib/gcc/nios2-elf/4.1.2\libgcc.a(_mul_df.o)
 .data          0x0001874c        0x0 c:/altera/12.1sp1/nios2eds/bin/gnu/h-i686-mingw32/bin/../lib/gcc/nios2-elf/4.1.2\libgcc.a(_div_df.o)
 .data          0x0001874c        0x0 c:/altera/12.1sp1/nios2eds/bin/gnu/h-i686-mingw32/bin/../lib/gcc/nios2-elf/4.1.2\libgcc.a(_eq_df.o)
 .data          0x0001874c        0x0 c:/altera/12.1sp1/nios2eds/bin/gnu/h-i686-mingw32/bin/../lib/gcc/nios2-elf/4.1.2\libgcc.a(_ne_df.o)
 .data          0x0001874c        0x0 c:/altera/12.1sp1/nios2eds/bin/gnu/h-i686-mingw32/bin/../lib/gcc/nios2-elf/4.1.2\libgcc.a(_gt_df.o)
 .data          0x0001874c        0x0 c:/altera/12.1sp1/nios2eds/bin/gnu/h-i686-mingw32/bin/../lib/gcc/nios2-elf/4.1.2\libgcc.a(_ge_df.o)
 .data          0x0001874c        0x0 c:/altera/12.1sp1/nios2eds/bin/gnu/h-i686-mingw32/bin/../lib/gcc/nios2-elf/4.1.2\libgcc.a(_lt_df.o)
 .data          0x0001874c        0x0 c:/altera/12.1sp1/nios2eds/bin/gnu/h-i686-mingw32/bin/../lib/gcc/nios2-elf/4.1.2\libgcc.a(_si_to_df.o)
 .data          0x0001874c        0x0 c:/altera/12.1sp1/nios2eds/bin/gnu/h-i686-mingw32/bin/../lib/gcc/nios2-elf/4.1.2\libgcc.a(_df_to_si.o)
 .data          0x0001874c        0x0 c:/altera/12.1sp1/nios2eds/bin/gnu/h-i686-mingw32/bin/../lib/gcc/nios2-elf/4.1.2\libgcc.a(_usi_to_df.o)
 .data          0x0001874c        0x0 c:/altera/12.1sp1/nios2eds/bin/gnu/h-i686-mingw32/bin/../lib/gcc/nios2-elf/4.1.2\libgcc.a(_fpcmp_parts_df.o)
 .data          0x0001874c        0x0 ../VMC_bsp/\libucosii_bsp.a(alt_close.o)
 .data          0x0001874c      0x1a8 ../VMC_bsp/\libucosii_bsp.a(alt_dev.o)
                0x0001874c                alt_dev_null
                0x00018774                alt_fd_list
 .data          0x000188f4        0x0 ../VMC_bsp/\libucosii_bsp.a(alt_errno.o)
 .data          0x000188f4        0x0 ../VMC_bsp/\libucosii_bsp.a(alt_fstat.o)
 .data          0x000188f4        0x0 ../VMC_bsp/\libucosii_bsp.a(alt_isatty.o)
 .data          0x000188f4        0x0 ../VMC_bsp/\libucosii_bsp.a(alt_load.o)
 .data          0x000188f4        0x0 ../VMC_bsp/\libucosii_bsp.a(alt_lseek.o)
 .data          0x000188f4        0x0 ../VMC_bsp/\libucosii_bsp.a(alt_main.o)
 .data          0x000188f4        0x0 ../VMC_bsp/\libucosii_bsp.a(alt_read.o)
 .data          0x000188f4        0x0 ../VMC_bsp/\libucosii_bsp.a(alt_release_fd.o)
 .data          0x000188f4        0x0 ../VMC_bsp/\libucosii_bsp.a(alt_sbrk.o)
 .data          0x000188f4        0x0 ../VMC_bsp/\libucosii_bsp.a(alt_write.o)
 .data          0x000188f4        0x0 ../VMC_bsp/\libucosii_bsp.a(alt_env_lock.o)
 .data          0x000188f4        0x0 ../VMC_bsp/\libucosii_bsp.a(alt_malloc_lock.o)
 .data          0x000188f4        0x0 ../VMC_bsp/\libucosii_bsp.a(os_core.o)
 .data          0x000188f4        0x0 ../VMC_bsp/\libucosii_bsp.a(os_dbg.o)
 .data          0x000188f4        0x0 ../VMC_bsp/\libucosii_bsp.a(os_flag.o)
 .data          0x000188f4        0x0 ../VMC_bsp/\libucosii_bsp.a(os_mem.o)
 .data          0x000188f4        0x0 ../VMC_bsp/\libucosii_bsp.a(os_q.o)
 .data          0x000188f4        0x0 ../VMC_bsp/\libucosii_bsp.a(os_sem.o)
 .data          0x000188f4        0x0 ../VMC_bsp/\libucosii_bsp.a(os_task.o)
 .data          0x000188f4        0x0 ../VMC_bsp/\libucosii_bsp.a(os_time.o)
 .data          0x000188f4     0x1134 ../VMC_bsp/\libucosii_bsp.a(alt_sys_init.o)
 .data          0x00019a28        0x0 ../VMC_bsp/\libucosii_bsp.a(altera_avalon_epcs_flash_controller.o)
 .data          0x00019a28        0x0 ../VMC_bsp/\libucosii_bsp.a(altera_avalon_jtag_uart_fd.o)
 .data          0x00019a28        0x0 ../VMC_bsp/\libucosii_bsp.a(altera_avalon_jtag_uart_init.o)
 .data          0x00019a28        0x0 ../VMC_bsp/\libucosii_bsp.a(altera_avalon_jtag_uart_ioctl.o)
 .data          0x00019a28        0x0 ../VMC_bsp/\libucosii_bsp.a(altera_avalon_jtag_uart_read.o)
 .data          0x00019a28        0x0 ../VMC_bsp/\libucosii_bsp.a(altera_avalon_jtag_uart_write.o)
 .data          0x00019a28        0x0 ../VMC_bsp/\libucosii_bsp.a(altera_avalon_timer_sc.o)
 .data          0x00019a28        0x0 ../VMC_bsp/\libucosii_bsp.a(epcs_commands.o)
 .data          0x00019a28        0x0 ../VMC_bsp/\libucosii_bsp.a(alt_alarm_start.o)
 .data          0x00019a28        0x0 ../VMC_bsp/\libucosii_bsp.a(alt_dcache_flush_all.o)
 .data          0x00019a28        0x0 ../VMC_bsp/\libucosii_bsp.a(alt_dev_llist_insert.o)
 .data          0x00019a28        0x0 ../VMC_bsp/\libucosii_bsp.a(alt_do_ctors.o)
 .data          0x00019a28        0x0 ../VMC_bsp/\libucosii_bsp.a(alt_do_dtors.o)
 .data          0x00019a28        0x0 ../VMC_bsp/\libucosii_bsp.a(alt_flash_dev.o)
 .data          0x00019a28        0x0 ../VMC_bsp/\libucosii_bsp.a(alt_icache_flush_all.o)
 .data          0x00019a28        0x0 ../VMC_bsp/\libucosii_bsp.a(alt_iic.o)
 .data          0x00019a28        0x0 ../VMC_bsp/\libucosii_bsp.a(alt_iic_isr_register.o)
 .data          0x00019a28        0x0 ../VMC_bsp/\libucosii_bsp.a(alt_io_redirect.o)
 .data          0x00019a28        0x0 ../VMC_bsp/\libucosii_bsp.a(alt_irq_entry.o)
 .data          0x00019a28        0x0 ../VMC_bsp/\libucosii_bsp.a(alt_irq_handler.o)
 .data          0x00019a28        0x0 ../VMC_bsp/\libucosii_bsp.a(alt_irq_vars.o)
 .data          0x00019a28        0x0 ../VMC_bsp/\libucosii_bsp.a(alt_open.o)
 .data          0x00019a28        0x0 ../VMC_bsp/\libucosii_bsp.a(alt_tick.o)
 .data          0x00019a28        0x0 ../VMC_bsp/\libucosii_bsp.a(altera_nios2_irq.o)
 .data          0x00019a28        0x0 ../VMC_bsp/\libucosii_bsp.a(os_cpu_a.o)
 .data          0x00019a28        0x0 ../VMC_bsp/\libucosii_bsp.a(os_cpu_c.o)
 .data          0x00019a28        0x0 ../VMC_bsp/\libucosii_bsp.a(altera_avalon_spi.o)
 .data          0x00019a28        0x0 ../VMC_bsp/\libucosii_bsp.a(alt_exception_entry.o)
 .data          0x00019a28        0x0 ../VMC_bsp/\libucosii_bsp.a(alt_find_dev.o)
 .data          0x00019a28        0x0 ../VMC_bsp/\libucosii_bsp.a(alt_find_file.o)
 .data          0x00019a28        0x0 ../VMC_bsp/\libucosii_bsp.a(alt_get_fd.o)
 .data          0x00019a28        0x0 ../VMC_bsp/\libucosii_bsp.a(alt_icache_flush.o)
 .data          0x00019a28        0x0 c:/altera/12.1sp1/nios2eds/bin/gnu/h-i686-mingw32/bin/../lib/gcc/nios2-elf/4.1.2/../../../../nios2-elf/lib\libc.a(lib_a-atexit.o)
 .data          0x00019a28        0x0 c:/altera/12.1sp1/nios2eds/bin/gnu/h-i686-mingw32/bin/../lib/gcc/nios2-elf/4.1.2/../../../../nios2-elf/lib\libc.a(lib_a-exit.o)
 .data          0x00019a28        0x0 c:/altera/12.1sp1/nios2eds/bin/gnu/h-i686-mingw32/bin/../lib/gcc/nios2-elf/4.1.2/../../../../nios2-elf/lib\libc.a(lib_a-memcmp.o)
 .data          0x00019a28        0x0 c:/altera/12.1sp1/nios2eds/bin/gnu/h-i686-mingw32/bin/../lib/gcc/nios2-elf/4.1.2/../../../../nios2-elf/lib\libc.a(lib_a-__atexit.o)
 .data          0x00019a28        0x0 c:/altera/12.1sp1/nios2eds/bin/gnu/h-i686-mingw32/bin/../lib/gcc/nios2-elf/4.1.2/../../../../nios2-elf/lib\libc.a(lib_a-__call_atexit.o)
 .data          0x00019a28        0x0 ../VMC_bsp/\libucosii_bsp.a(alt_exit.o)
                0x00021a28                _gp = ABSOLUTE ((. + 0x8000))
                0x00021a28                PROVIDE (gp, _gp)
 *(.rwdata .rwdata.*)
 *(.sdata .sdata.* .gnu.linkonce.s.*)
 .sdata         0x00019a28        0x8 c:/altera/12.1sp1/nios2eds/bin/gnu/h-i686-mingw32/bin/../lib/gcc/nios2-elf/4.1.2/../../../../nios2-elf/lib\libc.a(lib_a-impure.o)
                0x00019a28                _impure_ptr
                0x00019a2c                _global_impure_ptr
 .sdata         0x00019a30        0x8 c:/altera/12.1sp1/nios2eds/bin/gnu/h-i686-mingw32/bin/../lib/gcc/nios2-elf/4.1.2/../../../../nios2-elf/lib\libc.a(lib_a-locale.o)
                0x00019a30                __mb_cur_max
 .sdata         0x00019a38        0x8 c:/altera/12.1sp1/nios2eds/bin/gnu/h-i686-mingw32/bin/../lib/gcc/nios2-elf/4.1.2/../../../../nios2-elf/lib\libc.a(lib_a-mallocr.o)
                0x00019a38                __malloc_trim_threshold
                0x00019a3c                __malloc_sbrk_base
 .sdata         0x00019a40       0x14 ../VMC_bsp/\libucosii_bsp.a(alt_dev.o)
                0x00019a40                alt_fs_list
                0x00019a48                alt_dev_list
                0x00019a50                alt_max_fd
 .sdata         0x00019a54        0x4 ../VMC_bsp/\libucosii_bsp.a(alt_errno.o)
                0x00019a54                alt_errno
 .sdata         0x00019a58        0x4 ../VMC_bsp/\libucosii_bsp.a(alt_sbrk.o)
 .sdata         0x00019a5c        0x4 ../VMC_bsp/\libucosii_bsp.a(alt_env_lock.o)
 .sdata         0x00019a60        0x4 ../VMC_bsp/\libucosii_bsp.a(alt_malloc_lock.o)
 .sdata         0x00019a64       0x74 ../VMC_bsp/\libucosii_bsp.a(os_dbg.o)
                0x00019a64                OSDebugEn
                0x00019a68                OSEndiannessTest
                0x00019a6c                OSEventEn
                0x00019a6e                OSEventMax
                0x00019a70                OSEventNameSize
                0x00019a72                OSEventSize
                0x00019a74                OSEventTblSize
                0x00019a76                OSEventMultiEn
                0x00019a78                OSFlagEn
                0x00019a7a                OSFlagGrpSize
                0x00019a7c                OSFlagNodeSize
                0x00019a7e                OSFlagWidth
                0x00019a80                OSFlagMax
                0x00019a82                OSFlagNameSize
                0x00019a84                OSLowestPrio
                0x00019a86                OSMboxEn
                0x00019a88                OSMemEn
                0x00019a8a                OSMemMax
                0x00019a8c                OSMemNameSize
                0x00019a8e                OSMemSize
                0x00019a90                OSMemTblSize
                0x00019a92                OSMutexEn
                0x00019a94                OSPtrSize
                0x00019a96                OSQEn
                0x00019a98                OSQMax
                0x00019a9a                OSQSize
                0x00019a9c                OSRdyTblSize
                0x00019a9e                OSSemEn
                0x00019aa0                OSStkWidth
                0x00019aa2                OSTaskCreateEn
                0x00019aa4                OSTaskCreateExtEn
                0x00019aa6                OSTaskDelEn
                0x00019aa8                OSTaskIdleStkSize
                0x00019aaa                OSTaskProfileEn
                0x00019aac                OSTaskMax
                0x00019aae                OSTaskNameSize
                0x00019ab0                OSTaskStatEn
                0x00019ab2                OSTaskStatStkSize
                0x00019ab4                OSTaskStatStkChkEn
                0x00019ab6                OSTaskSwHookEn
                0x00019ab8                OSTCBPrioTblMax
                0x00019aba                OSTCBSize
                0x00019abc                OSTicksPerSec
                0x00019abe                OSTimeTickHookEn
                0x00019ac0                OSVersionNbr
                0x00019ac2                OSTmrEn
                0x00019ac4                OSTmrCfgMax
                0x00019ac6                OSTmrCfgNameSize
                0x00019ac8                OSTmrCfgWheelSize
                0x00019aca                OSTmrCfgTicksPerSec
                0x00019acc                OSTmrSize
                0x00019ace                OSTmrTblSize
                0x00019ad0                OSTmrWheelSize
                0x00019ad2                OSTmrWheelTblSize
                0x00019ad4                OSDataSize
 .sdata         0x00019ad8        0x8 ../VMC_bsp/\libucosii_bsp.a(alt_flash_dev.o)
                0x00019ad8                alt_flash_dev_list
 .sdata         0x00019ae0        0x4 ../VMC_bsp/\libucosii_bsp.a(alt_irq_vars.o)
                0x00019ae0                alt_priority_mask
 .sdata         0x00019ae4        0x8 ../VMC_bsp/\libucosii_bsp.a(alt_tick.o)
                0x00019ae4                alt_alarm_list
 *(.sdata2 .sdata2.* .gnu.linkonce.s2.*)
                0x00019aec                . = ALIGN (0x4)
                0x00019aec                _edata = ABSOLUTE (.)
                0x00019aec                PROVIDE (edata, ABSOLUTE (.))
                0x00019aec                PROVIDE (__ram_rwdata_end, ABSOLUTE (.))
                0x00019aec                PROVIDE (__flash_rwdata_start, LOADADDR (.rwdata))

.bss            0x0001b6a0     0x7634
                0x0001b6a0                __bss_start = ABSOLUTE (.)
                0x0001b6a0                PROVIDE (__sbss_start, ABSOLUTE (.))
                0x0001b6a0                PROVIDE (___sbss_start, ABSOLUTE (.))
 *(.dynsbss)
 *(.sbss .sbss.* .gnu.linkonce.sb.*)
 .sbss          0x0001b6a0       0x5c obj/default/MPU6050/mpu6050.o
                0x0001b6a0                pI2CDataAvailable
                0x0001b6a4                pRearRightEncRead
                0x0001b6a8                pFrontLeftEncRead
                0x0001b6ac                pHc_sr04
                0x0001b6b0                pFrontRightDutySet
                0x0001b6b4                pRearRightEncSet
                0x0001b6b8                pI2CRegWriteData
                0x0001b6bc                c
                0x0001b6c0                pUltraSoundArray
                0x0001b6c4                pFrontLeftEncSet
                0x0001b6c8                pFrontRightEncRead
                0x0001b6cc                pI2CDataLen
                0x0001b6d0                uPwmPeriod
                0x0001b6d4                pFrontLeftDutySet
                0x0001b6d8                pI2C
                0x0001b6dc                pRearLeftEncSet
                0x0001b6e0                pFrontRightEncSet
                0x0001b6e4                pRearLeftEncRead
                0x0001b6e8                pRearLeftDutySet
                0x0001b6ec                pRearRightDutySet
                0x0001b6f0                pwm_enable
                0x0001b6f4                pI2CCmd
                0x0001b6f8                pI2CReg
 .sbss          0x0001b6fc        0xc c:/altera/12.1sp1/nios2eds/bin/gnu/h-i686-mingw32/bin/../lib/gcc/nios2-elf/4.1.2/../../../../nios2-elf/lib\libc.a(lib_a-locale.o)
                0x0001b6fc                __nlocale_changed
                0x0001b700                __mlocale_changed
                0x0001b704                _PathLocale
 .sbss          0x0001b708        0xc c:/altera/12.1sp1/nios2eds/bin/gnu/h-i686-mingw32/bin/../lib/gcc/nios2-elf/4.1.2/../../../../nios2-elf/lib\libc.a(lib_a-mallocr.o)
                0x0001b708                __malloc_top_pad
                0x0001b70c                __malloc_max_sbrked_mem
                0x0001b710                __malloc_max_total_mem
 .sbss          0x0001b714        0x4 c:/altera/12.1sp1/nios2eds/bin/gnu/h-i686-mingw32/bin/../lib/gcc/nios2-elf/4.1.2/../../../../nios2-elf/lib\libc.a(lib_a-int_errno.o)
                0x0001b714                errno
 .sbss          0x0001b718        0x4 ../VMC_bsp/\libucosii_bsp.a(alt_dev.o)
                0x0001b718                alt_fd_list_lock
 .sbss          0x0001b71c        0xc ../VMC_bsp/\libucosii_bsp.a(alt_main.o)
                0x0001b71c                alt_argc
                0x0001b720                alt_argv
                0x0001b724                alt_envp
 .sbss          0x0001b728        0x8 ../VMC_bsp/\libucosii_bsp.a(alt_env_lock.o)
                0x0001b72c                alt_envsem
 .sbss          0x0001b730        0x8 ../VMC_bsp/\libucosii_bsp.a(alt_malloc_lock.o)
                0x0001b734                alt_heapsem
 .sbss          0x0001b738       0x50 ../VMC_bsp/\libucosii_bsp.a(os_core.o)
                0x0001b738                OSLockNesting
                0x0001b739                OSRunning
                0x0001b73c                OSIdleCtr
                0x0001b740                OSPrioHighRdy
                0x0001b741                OSPrioCur
                0x0001b744                OSTCBList
                0x0001b748                OSTickStepState
                0x0001b74c                OSCtxSwCtr
                0x0001b750                OSIdleCtrMax
                0x0001b754                OSTCBFreeList
                0x0001b758                OSCPUUsage
                0x0001b759                OSTaskCtr
                0x0001b75c                OSMemFreeList
                0x0001b760                OSTCBHighRdy
                0x0001b764                OSQFreeList
                0x0001b768                OSRdyGrp
                0x0001b769                OSRdyTbl
                0x0001b76c                OSEventFreeList
                0x0001b770                OSIntNesting
                0x0001b774                OSTCBCur
                0x0001b778                OSTime
                0x0001b77c                OSFlagFreeList
                0x0001b780                OSStatRdy
                0x0001b784                OSIdleCtrRun
 .sbss          0x0001b788        0x4 ../VMC_bsp/\libucosii_bsp.a(alt_irq_vars.o)
                0x0001b788                alt_irq_active
 .sbss          0x0001b78c        0x8 ../VMC_bsp/\libucosii_bsp.a(alt_tick.o)
                0x0001b78c                _alt_tick_rate
                0x0001b790                _alt_nticks
 *(.sbss2 .sbss2.* .gnu.linkonce.sb2.*)
 *(.scommon)
                0x0001b794                PROVIDE (__sbss_end, ABSOLUTE (.))
                0x0001b794                PROVIDE (___sbss_end, ABSOLUTE (.))
 *(.dynbss)
 *(.bss .bss.* .gnu.linkonce.b.*)
 .bss           0x0001b794        0x0 ../VMC_bsp//obj/HAL/src/crt0.o
 .bss           0x0001b794        0x0 obj/default/MPU6050/mpu6050.o
 .bss           0x0001b794        0x0 obj/default/VMC.o
 .bss           0x0001b794        0x0 obj/default/head.o
 .bss           0x0001b794        0x0 c:/altera/12.1sp1/nios2eds/bin/gnu/h-i686-mingw32/bin/../lib/gcc/nios2-elf/4.1.2\libgcc.a(_fixunssfsi.o)
 .bss           0x0001b794        0x0 c:/altera/12.1sp1/nios2eds/bin/gnu/h-i686-mingw32/bin/../lib/gcc/nios2-elf/4.1.2\libgcc.a(_addsub_sf.o)
 .bss           0x0001b794        0x0 c:/altera/12.1sp1/nios2eds/bin/gnu/h-i686-mingw32/bin/../lib/gcc/nios2-elf/4.1.2\libgcc.a(_mul_sf.o)
 .bss           0x0001b794        0x0 c:/altera/12.1sp1/nios2eds/bin/gnu/h-i686-mingw32/bin/../lib/gcc/nios2-elf/4.1.2\libgcc.a(_div_sf.o)
 .bss           0x0001b794        0x0 c:/altera/12.1sp1/nios2eds/bin/gnu/h-i686-mingw32/bin/../lib/gcc/nios2-elf/4.1.2\libgcc.a(_ge_sf.o)
 .bss           0x0001b794        0x0 c:/altera/12.1sp1/nios2eds/bin/gnu/h-i686-mingw32/bin/../lib/gcc/nios2-elf/4.1.2\libgcc.a(_si_to_sf.o)
 .bss           0x0001b794        0x0 c:/altera/12.1sp1/nios2eds/bin/gnu/h-i686-mingw32/bin/../lib/gcc/nios2-elf/4.1.2\libgcc.a(_sf_to_si.o)
 .bss           0x0001b794        0x0 c:/altera/12.1sp1/nios2eds/bin/gnu/h-i686-mingw32/bin/../lib/gcc/nios2-elf/4.1.2\libgcc.a(_sf_to_df.o)
 .bss           0x0001b794        0x0 c:/altera/12.1sp1/nios2eds/bin/gnu/h-i686-mingw32/bin/../lib/gcc/nios2-elf/4.1.2\libgcc.a(_thenan_sf.o)
 .bss           0x0001b794        0x0 c:/altera/12.1sp1/nios2eds/bin/gnu/h-i686-mingw32/bin/../lib/gcc/nios2-elf/4.1.2\libgcc.a(_usi_to_sf.o)
 .bss           0x0001b794        0x0 c:/altera/12.1sp1/nios2eds/bin/gnu/h-i686-mingw32/bin/../lib/gcc/nios2-elf/4.1.2\libgcc.a(_addsub_df.o)
 .bss           0x0001b794        0x0 c:/altera/12.1sp1/nios2eds/bin/gnu/h-i686-mingw32/bin/../lib/gcc/nios2-elf/4.1.2\libgcc.a(_make_df.o)
 .bss           0x0001b794        0x0 c:/altera/12.1sp1/nios2eds/bin/gnu/h-i686-mingw32/bin/../lib/gcc/nios2-elf/4.1.2\libgcc.a(_thenan_df.o)
 .bss           0x0001b794        0x0 c:/altera/12.1sp1/nios2eds/bin/gnu/h-i686-mingw32/bin/../lib/gcc/nios2-elf/4.1.2\libgcc.a(lib2-divmod.o)
 .bss           0x0001b794        0x0 c:/altera/12.1sp1/nios2eds/bin/gnu/h-i686-mingw32/bin/../lib/gcc/nios2-elf/4.1.2\libgcc.a(_muldi3.o)
 .bss           0x0001b794        0x0 c:/altera/12.1sp1/nios2eds/bin/gnu/h-i686-mingw32/bin/../lib/gcc/nios2-elf/4.1.2\libgcc.a(_clzsi2.o)
 .bss           0x0001b794        0x0 c:/altera/12.1sp1/nios2eds/bin/gnu/h-i686-mingw32/bin/../lib/gcc/nios2-elf/4.1.2\libgcc.a(_pack_sf.o)
 .bss           0x0001b794        0x0 c:/altera/12.1sp1/nios2eds/bin/gnu/h-i686-mingw32/bin/../lib/gcc/nios2-elf/4.1.2\libgcc.a(_unpack_sf.o)
 .bss           0x0001b794        0x0 c:/altera/12.1sp1/nios2eds/bin/gnu/h-i686-mingw32/bin/../lib/gcc/nios2-elf/4.1.2\libgcc.a(_fpcmp_parts_sf.o)
 .bss           0x0001b794        0x0 c:/altera/12.1sp1/nios2eds/bin/gnu/h-i686-mingw32/bin/../lib/gcc/nios2-elf/4.1.2\libgcc.a(_pack_df.o)
 .bss           0x0001b794        0x0 c:/altera/12.1sp1/nios2eds/bin/gnu/h-i686-mingw32/bin/../lib/gcc/nios2-elf/4.1.2\libgcc.a(_unpack_df.o)
 .bss           0x0001b794        0x0 c:/altera/12.1sp1/nios2eds/bin/gnu/h-i686-mingw32/bin/../lib/gcc/nios2-elf/4.1.2\libgcc.a(_clz.o)
 .bss           0x0001b794        0x0 c:/altera/12.1sp1/nios2eds/bin/gnu/h-i686-mingw32/bin/../lib/gcc/nios2-elf/4.1.2/../../../../nios2-elf/lib\libc.a(lib_a-printf.o)
 .bss           0x0001b794        0x0 c:/altera/12.1sp1/nios2eds/bin/gnu/h-i686-mingw32/bin/../lib/gcc/nios2-elf/4.1.2/../../../../nios2-elf/lib\libc.a(lib_a-puts.o)
 .bss           0x0001b794        0x0 c:/altera/12.1sp1/nios2eds/bin/gnu/h-i686-mingw32/bin/../lib/gcc/nios2-elf/4.1.2/../../../../nios2-elf/lib\libc.a(lib_a-strlen.o)
 .bss           0x0001b794        0x0 c:/altera/12.1sp1/nios2eds/bin/gnu/h-i686-mingw32/bin/../lib/gcc/nios2-elf/4.1.2/../../../../nios2-elf/lib\libc.a(lib_a-vfprintf.o)
 .bss           0x0001b794        0x0 c:/altera/12.1sp1/nios2eds/bin/gnu/h-i686-mingw32/bin/../lib/gcc/nios2-elf/4.1.2/../../../../nios2-elf/lib\libc.a(lib_a-wsetup.o)
 .bss           0x0001b794        0x0 c:/altera/12.1sp1/nios2eds/bin/gnu/h-i686-mingw32/bin/../lib/gcc/nios2-elf/4.1.2/../../../../nios2-elf/lib\libc.a(lib_a-dtoa.o)
 .bss           0x0001b794        0x0 c:/altera/12.1sp1/nios2eds/bin/gnu/h-i686-mingw32/bin/../lib/gcc/nios2-elf/4.1.2/../../../../nios2-elf/lib\libc.a(lib_a-fflush.o)
 .bss           0x0001b794        0x0 c:/altera/12.1sp1/nios2eds/bin/gnu/h-i686-mingw32/bin/../lib/gcc/nios2-elf/4.1.2/../../../../nios2-elf/lib\libc.a(lib_a-findfp.o)
 .bss           0x0001b794        0x0 c:/altera/12.1sp1/nios2eds/bin/gnu/h-i686-mingw32/bin/../lib/gcc/nios2-elf/4.1.2/../../../../nios2-elf/lib\libc.a(lib_a-freer.o)
 .bss           0x0001b794        0x0 c:/altera/12.1sp1/nios2eds/bin/gnu/h-i686-mingw32/bin/../lib/gcc/nios2-elf/4.1.2/../../../../nios2-elf/lib\libc.a(lib_a-fvwrite.o)
 .bss           0x0001b794        0x0 c:/altera/12.1sp1/nios2eds/bin/gnu/h-i686-mingw32/bin/../lib/gcc/nios2-elf/4.1.2/../../../../nios2-elf/lib\libc.a(lib_a-fwalk.o)
 .bss           0x0001b794        0x0 c:/altera/12.1sp1/nios2eds/bin/gnu/h-i686-mingw32/bin/../lib/gcc/nios2-elf/4.1.2/../../../../nios2-elf/lib\libc.a(lib_a-impure.o)
 .bss           0x0001b794        0x0 c:/altera/12.1sp1/nios2eds/bin/gnu/h-i686-mingw32/bin/../lib/gcc/nios2-elf/4.1.2/../../../../nios2-elf/lib\libc.a(lib_a-locale.o)
 .bss           0x0001b794        0x0 c:/altera/12.1sp1/nios2eds/bin/gnu/h-i686-mingw32/bin/../lib/gcc/nios2-elf/4.1.2/../../../../nios2-elf/lib\libc.a(lib_a-makebuf.o)
 .bss           0x0001b794       0x28 c:/altera/12.1sp1/nios2eds/bin/gnu/h-i686-mingw32/bin/../lib/gcc/nios2-elf/4.1.2/../../../../nios2-elf/lib\libc.a(lib_a-mallocr.o)
                0x0001b794                __malloc_current_mallinfo
 .bss           0x0001b7bc        0x0 c:/altera/12.1sp1/nios2eds/bin/gnu/h-i686-mingw32/bin/../lib/gcc/nios2-elf/4.1.2/../../../../nios2-elf/lib\libc.a(lib_a-memchr.o)
 .bss           0x0001b7bc        0x0 c:/altera/12.1sp1/nios2eds/bin/gnu/h-i686-mingw32/bin/../lib/gcc/nios2-elf/4.1.2/../../../../nios2-elf/lib\libc.a(lib_a-memcpy.o)
 .bss           0x0001b7bc        0x0 c:/altera/12.1sp1/nios2eds/bin/gnu/h-i686-mingw32/bin/../lib/gcc/nios2-elf/4.1.2/../../../../nios2-elf/lib\libc.a(lib_a-memmove.o)
 .bss           0x0001b7bc        0x0 c:/altera/12.1sp1/nios2eds/bin/gnu/h-i686-mingw32/bin/../lib/gcc/nios2-elf/4.1.2/../../../../nios2-elf/lib\libc.a(lib_a-memset.o)
 .bss           0x0001b7bc        0x0 c:/altera/12.1sp1/nios2eds/bin/gnu/h-i686-mingw32/bin/../lib/gcc/nios2-elf/4.1.2/../../../../nios2-elf/lib\libc.a(lib_a-mprec.o)
 .bss           0x0001b7bc        0x0 c:/altera/12.1sp1/nios2eds/bin/gnu/h-i686-mingw32/bin/../lib/gcc/nios2-elf/4.1.2/../../../../nios2-elf/lib\libc.a(lib_a-reallocr.o)
 .bss           0x0001b7bc        0x0 c:/altera/12.1sp1/nios2eds/bin/gnu/h-i686-mingw32/bin/../lib/gcc/nios2-elf/4.1.2/../../../../nios2-elf/lib\libc.a(lib_a-s_isinfd.o)
 .bss           0x0001b7bc        0x0 c:/altera/12.1sp1/nios2eds/bin/gnu/h-i686-mingw32/bin/../lib/gcc/nios2-elf/4.1.2/../../../../nios2-elf/lib\libc.a(lib_a-s_isnand.o)
 .bss           0x0001b7bc        0x0 c:/altera/12.1sp1/nios2eds/bin/gnu/h-i686-mingw32/bin/../lib/gcc/nios2-elf/4.1.2/../../../../nios2-elf/lib\libc.a(lib_a-sbrkr.o)
 .bss           0x0001b7bc        0x0 c:/altera/12.1sp1/nios2eds/bin/gnu/h-i686-mingw32/bin/../lib/gcc/nios2-elf/4.1.2/../../../../nios2-elf/lib\libc.a(lib_a-stdio.o)
 .bss           0x0001b7bc        0x0 c:/altera/12.1sp1/nios2eds/bin/gnu/h-i686-mingw32/bin/../lib/gcc/nios2-elf/4.1.2/../../../../nios2-elf/lib\libc.a(lib_a-strcmp.o)
 .bss           0x0001b7bc        0x0 c:/altera/12.1sp1/nios2eds/bin/gnu/h-i686-mingw32/bin/../lib/gcc/nios2-elf/4.1.2/../../../../nios2-elf/lib\libc.a(lib_a-writer.o)
 .bss           0x0001b7bc        0x0 c:/altera/12.1sp1/nios2eds/bin/gnu/h-i686-mingw32/bin/../lib/gcc/nios2-elf/4.1.2/../../../../nios2-elf/lib\libc.a(lib_a-callocr.o)
 .bss           0x0001b7bc        0x0 c:/altera/12.1sp1/nios2eds/bin/gnu/h-i686-mingw32/bin/../lib/gcc/nios2-elf/4.1.2/../../../../nios2-elf/lib\libc.a(lib_a-closer.o)
 .bss           0x0001b7bc        0x0 c:/altera/12.1sp1/nios2eds/bin/gnu/h-i686-mingw32/bin/../lib/gcc/nios2-elf/4.1.2/../../../../nios2-elf/lib\libc.a(lib_a-fclose.o)
 .bss           0x0001b7bc        0x0 c:/altera/12.1sp1/nios2eds/bin/gnu/h-i686-mingw32/bin/../lib/gcc/nios2-elf/4.1.2/../../../../nios2-elf/lib\libc.a(lib_a-fstatr.o)
 .bss           0x0001b7bc        0x0 c:/altera/12.1sp1/nios2eds/bin/gnu/h-i686-mingw32/bin/../lib/gcc/nios2-elf/4.1.2/../../../../nios2-elf/lib\libc.a(lib_a-int_errno.o)
 .bss           0x0001b7bc        0x0 c:/altera/12.1sp1/nios2eds/bin/gnu/h-i686-mingw32/bin/../lib/gcc/nios2-elf/4.1.2/../../../../nios2-elf/lib\libc.a(lib_a-isattyr.o)
 .bss           0x0001b7bc        0x0 c:/altera/12.1sp1/nios2eds/bin/gnu/h-i686-mingw32/bin/../lib/gcc/nios2-elf/4.1.2/../../../../nios2-elf/lib\libc.a(lib_a-lseekr.o)
 .bss           0x0001b7bc        0x0 c:/altera/12.1sp1/nios2eds/bin/gnu/h-i686-mingw32/bin/../lib/gcc/nios2-elf/4.1.2/../../../../nios2-elf/lib\libc.a(lib_a-readr.o)
 .bss           0x0001b7bc        0x0 c:/altera/12.1sp1/nios2eds/bin/gnu/h-i686-mingw32/bin/../lib/gcc/nios2-elf/4.1.2\libgcc.a(_udivdi3.o)
 .bss           0x0001b7bc        0x0 c:/altera/12.1sp1/nios2eds/bin/gnu/h-i686-mingw32/bin/../lib/gcc/nios2-elf/4.1.2\libgcc.a(_umoddi3.o)
 .bss           0x0001b7bc        0x0 c:/altera/12.1sp1/nios2eds/bin/gnu/h-i686-mingw32/bin/../lib/gcc/nios2-elf/4.1.2\libgcc.a(_mul_df.o)
 .bss           0x0001b7bc        0x0 c:/altera/12.1sp1/nios2eds/bin/gnu/h-i686-mingw32/bin/../lib/gcc/nios2-elf/4.1.2\libgcc.a(_div_df.o)
 .bss           0x0001b7bc        0x0 c:/altera/12.1sp1/nios2eds/bin/gnu/h-i686-mingw32/bin/../lib/gcc/nios2-elf/4.1.2\libgcc.a(_eq_df.o)
 .bss           0x0001b7bc        0x0 c:/altera/12.1sp1/nios2eds/bin/gnu/h-i686-mingw32/bin/../lib/gcc/nios2-elf/4.1.2\libgcc.a(_ne_df.o)
 .bss           0x0001b7bc        0x0 c:/altera/12.1sp1/nios2eds/bin/gnu/h-i686-mingw32/bin/../lib/gcc/nios2-elf/4.1.2\libgcc.a(_gt_df.o)
 .bss           0x0001b7bc        0x0 c:/altera/12.1sp1/nios2eds/bin/gnu/h-i686-mingw32/bin/../lib/gcc/nios2-elf/4.1.2\libgcc.a(_ge_df.o)
 .bss           0x0001b7bc        0x0 c:/altera/12.1sp1/nios2eds/bin/gnu/h-i686-mingw32/bin/../lib/gcc/nios2-elf/4.1.2\libgcc.a(_lt_df.o)
 .bss           0x0001b7bc        0x0 c:/altera/12.1sp1/nios2eds/bin/gnu/h-i686-mingw32/bin/../lib/gcc/nios2-elf/4.1.2\libgcc.a(_si_to_df.o)
 .bss           0x0001b7bc        0x0 c:/altera/12.1sp1/nios2eds/bin/gnu/h-i686-mingw32/bin/../lib/gcc/nios2-elf/4.1.2\libgcc.a(_df_to_si.o)
 .bss           0x0001b7bc        0x0 c:/altera/12.1sp1/nios2eds/bin/gnu/h-i686-mingw32/bin/../lib/gcc/nios2-elf/4.1.2\libgcc.a(_usi_to_df.o)
 .bss           0x0001b7bc        0x0 c:/altera/12.1sp1/nios2eds/bin/gnu/h-i686-mingw32/bin/../lib/gcc/nios2-elf/4.1.2\libgcc.a(_fpcmp_parts_df.o)
 .bss           0x0001b7bc        0x0 ../VMC_bsp/\libucosii_bsp.a(alt_close.o)
 .bss           0x0001b7bc        0x0 ../VMC_bsp/\libucosii_bsp.a(alt_dev.o)
 .bss           0x0001b7bc        0x0 ../VMC_bsp/\libucosii_bsp.a(alt_errno.o)
 .bss           0x0001b7bc        0x0 ../VMC_bsp/\libucosii_bsp.a(alt_fstat.o)
 .bss           0x0001b7bc        0x0 ../VMC_bsp/\libucosii_bsp.a(alt_isatty.o)
 .bss           0x0001b7bc        0x0 ../VMC_bsp/\libucosii_bsp.a(alt_load.o)
 .bss           0x0001b7bc        0x0 ../VMC_bsp/\libucosii_bsp.a(alt_lseek.o)
 .bss           0x0001b7bc        0x0 ../VMC_bsp/\libucosii_bsp.a(alt_main.o)
 .bss           0x0001b7bc        0x0 ../VMC_bsp/\libucosii_bsp.a(alt_read.o)
 .bss           0x0001b7bc        0x0 ../VMC_bsp/\libucosii_bsp.a(alt_release_fd.o)
 .bss           0x0001b7bc        0x0 ../VMC_bsp/\libucosii_bsp.a(alt_sbrk.o)
 .bss           0x0001b7bc        0x0 ../VMC_bsp/\libucosii_bsp.a(alt_write.o)
 .bss           0x0001b7bc        0x0 ../VMC_bsp/\libucosii_bsp.a(alt_env_lock.o)
 .bss           0x0001b7bc        0x0 ../VMC_bsp/\libucosii_bsp.a(alt_malloc_lock.o)
 .bss           0x0001b7bc        0x0 ../VMC_bsp/\libucosii_bsp.a(os_core.o)
 .bss           0x0001b7bc        0x0 ../VMC_bsp/\libucosii_bsp.a(os_dbg.o)
 .bss           0x0001b7bc        0x0 ../VMC_bsp/\libucosii_bsp.a(os_flag.o)
 .bss           0x0001b7bc        0x0 ../VMC_bsp/\libucosii_bsp.a(os_mem.o)
 .bss           0x0001b7bc        0x0 ../VMC_bsp/\libucosii_bsp.a(os_q.o)
 .bss           0x0001b7bc        0x0 ../VMC_bsp/\libucosii_bsp.a(os_sem.o)
 .bss           0x0001b7bc        0x0 ../VMC_bsp/\libucosii_bsp.a(os_task.o)
 .bss           0x0001b7bc        0x0 ../VMC_bsp/\libucosii_bsp.a(os_time.o)
 .bss           0x0001b7bc        0x0 ../VMC_bsp/\libucosii_bsp.a(alt_sys_init.o)
 .bss           0x0001b7bc        0x0 ../VMC_bsp/\libucosii_bsp.a(altera_avalon_epcs_flash_controller.o)
 .bss           0x0001b7bc        0x0 ../VMC_bsp/\libucosii_bsp.a(altera_avalon_jtag_uart_fd.o)
 .bss           0x0001b7bc        0x0 ../VMC_bsp/\libucosii_bsp.a(altera_avalon_jtag_uart_init.o)
 .bss           0x0001b7bc        0x0 ../VMC_bsp/\libucosii_bsp.a(altera_avalon_jtag_uart_ioctl.o)
 .bss           0x0001b7bc        0x0 ../VMC_bsp/\libucosii_bsp.a(altera_avalon_jtag_uart_read.o)
 .bss           0x0001b7bc        0x0 ../VMC_bsp/\libucosii_bsp.a(altera_avalon_jtag_uart_write.o)
 .bss           0x0001b7bc        0x0 ../VMC_bsp/\libucosii_bsp.a(altera_avalon_timer_sc.o)
 .bss           0x0001b7bc        0x0 ../VMC_bsp/\libucosii_bsp.a(epcs_commands.o)
 .bss           0x0001b7bc        0x0 ../VMC_bsp/\libucosii_bsp.a(alt_alarm_start.o)
 .bss           0x0001b7bc        0x0 ../VMC_bsp/\libucosii_bsp.a(alt_dcache_flush_all.o)
 .bss           0x0001b7bc        0x0 ../VMC_bsp/\libucosii_bsp.a(alt_dev_llist_insert.o)
 .bss           0x0001b7bc        0x0 ../VMC_bsp/\libucosii_bsp.a(alt_do_ctors.o)
 .bss           0x0001b7bc        0x0 ../VMC_bsp/\libucosii_bsp.a(alt_do_dtors.o)
 .bss           0x0001b7bc        0x0 ../VMC_bsp/\libucosii_bsp.a(alt_flash_dev.o)
 .bss           0x0001b7bc        0x0 ../VMC_bsp/\libucosii_bsp.a(alt_icache_flush_all.o)
 .bss           0x0001b7bc        0x0 ../VMC_bsp/\libucosii_bsp.a(alt_iic.o)
 .bss           0x0001b7bc        0x0 ../VMC_bsp/\libucosii_bsp.a(alt_iic_isr_register.o)
 .bss           0x0001b7bc        0x0 ../VMC_bsp/\libucosii_bsp.a(alt_io_redirect.o)
 .bss           0x0001b7bc        0x0 ../VMC_bsp/\libucosii_bsp.a(alt_irq_entry.o)
 .bss           0x0001b7bc        0x0 ../VMC_bsp/\libucosii_bsp.a(alt_irq_handler.o)
 .bss           0x0001b7bc        0x0 ../VMC_bsp/\libucosii_bsp.a(alt_irq_vars.o)
 .bss           0x0001b7bc        0x0 ../VMC_bsp/\libucosii_bsp.a(alt_open.o)
 .bss           0x0001b7bc        0x0 ../VMC_bsp/\libucosii_bsp.a(alt_tick.o)
 .bss           0x0001b7bc        0x0 ../VMC_bsp/\libucosii_bsp.a(altera_nios2_irq.o)
 .bss           0x0001b7bc        0x0 ../VMC_bsp/\libucosii_bsp.a(os_cpu_a.o)
 .bss           0x0001b7bc        0x0 ../VMC_bsp/\libucosii_bsp.a(os_cpu_c.o)
 .bss           0x0001b7bc        0x0 ../VMC_bsp/\libucosii_bsp.a(altera_avalon_spi.o)
 .bss           0x0001b7bc        0x0 ../VMC_bsp/\libucosii_bsp.a(alt_exception_entry.o)
 .bss           0x0001b7bc        0x0 ../VMC_bsp/\libucosii_bsp.a(alt_find_dev.o)
 .bss           0x0001b7bc        0x0 ../VMC_bsp/\libucosii_bsp.a(alt_find_file.o)
 .bss           0x0001b7bc        0x0 ../VMC_bsp/\libucosii_bsp.a(alt_get_fd.o)
 .bss           0x0001b7bc        0x0 ../VMC_bsp/\libucosii_bsp.a(alt_icache_flush.o)
 .bss           0x0001b7bc        0x0 c:/altera/12.1sp1/nios2eds/bin/gnu/h-i686-mingw32/bin/../lib/gcc/nios2-elf/4.1.2/../../../../nios2-elf/lib\libc.a(lib_a-atexit.o)
 .bss           0x0001b7bc        0x0 c:/altera/12.1sp1/nios2eds/bin/gnu/h-i686-mingw32/bin/../lib/gcc/nios2-elf/4.1.2/../../../../nios2-elf/lib\libc.a(lib_a-exit.o)
 .bss           0x0001b7bc        0x0 c:/altera/12.1sp1/nios2eds/bin/gnu/h-i686-mingw32/bin/../lib/gcc/nios2-elf/4.1.2/../../../../nios2-elf/lib\libc.a(lib_a-memcmp.o)
 .bss           0x0001b7bc        0x0 c:/altera/12.1sp1/nios2eds/bin/gnu/h-i686-mingw32/bin/../lib/gcc/nios2-elf/4.1.2/../../../../nios2-elf/lib\libc.a(lib_a-__atexit.o)
 .bss           0x0001b7bc        0x0 c:/altera/12.1sp1/nios2eds/bin/gnu/h-i686-mingw32/bin/../lib/gcc/nios2-elf/4.1.2/../../../../nios2-elf/lib\libc.a(lib_a-__call_atexit.o)
 .bss           0x0001b7bc        0x0 ../VMC_bsp/\libucosii_bsp.a(alt_exit.o)
 *(COMMON)
 COMMON         0x0001b7bc       0x64 obj/default/MPU6050/mpu6050.o
                0x0001b7bc                versionName
 COMMON         0x0001b820     0x4000 obj/default/VMC.o
                0x0001b820                drivingTask_stk
                0x0001d820                sensorCollector_stk
 COMMON         0x0001f820     0x3224 ../VMC_bsp/\libucosii_bsp.a(os_core.o)
                0x0001f820                OSFlagTbl
                0x0001fb90                OSMemTbl
                0x000207c0                OSTaskStatStk
                0x00020fc0                OSQTbl
                0x000211a0                OSTaskIdleStk
                0x000219a0                OSEventTbl
                0x000224e0                OSTCBTbl
                0x000229f0                OSTCBPrioTbl
 COMMON         0x00022a44      0x100 ../VMC_bsp/\libucosii_bsp.a(alt_irq_handler.o)
                0x00022a44                alt_irq
 COMMON         0x00022b44      0x190 c:/altera/12.1sp1/nios2eds/bin/gnu/h-i686-mingw32/bin/../lib/gcc/nios2-elf/4.1.2/../../../../nios2-elf/lib\libc.a(lib_a-atexit.o)
                0x00022b44                _atexit0
                0x00022cd4                . = ALIGN (0x4)
                0x00022cd4                __bss_end = ABSOLUTE (.)

.sdram          0x00022cd4        0x0
                0x00022cd4                PROVIDE (_alt_partition_sdram_start, ABSOLUTE (.))
 *(.sdram. sdram.*)
                0x00022cd4                . = ALIGN (0x4)
                0x00022cd4                PROVIDE (_alt_partition_sdram_end, ABSOLUTE (.))
                0x00022cd4                _end = ABSOLUTE (.)
                0x00022cd4                end = ABSOLUTE (.)
                0x00022cd4                __alt_stack_base = ABSOLUTE (.)
                0x00022cd4                PROVIDE (_alt_partition_sdram_load_addr, LOADADDR (.sdram))

.epcs           0x02000000        0x0 load address 0x00022cd4
                0x02000000                PROVIDE (_alt_partition_epcs_start, ABSOLUTE (.))
 *(.epcs. epcs.*)
                0x02000000                . = ALIGN (0x4)
                0x02000000                PROVIDE (_alt_partition_epcs_end, ABSOLUTE (.))
                0x00022cd4                PROVIDE (_alt_partition_epcs_load_addr, LOADADDR (.epcs))

.manuer_queue   0x02004000        0x0 load address 0x00022cd4
                0x02004000                PROVIDE (_alt_partition_manuer_queue_start, ABSOLUTE (.))
 *(.manuer_queue. manuer_queue.*)
                0x02004000                . = ALIGN (0x4)
                0x02004000                PROVIDE (_alt_partition_manuer_queue_end, ABSOLUTE (.))
                0x00022cd4                PROVIDE (_alt_partition_manuer_queue_load_addr, LOADADDR (.manuer_queue))

.state_cmd_memory
                0x02005000        0x0 load address 0x00022cd4
                0x02005000                PROVIDE (_alt_partition_state_cmd_memory_start, ABSOLUTE (.))
 *(.state_cmd_memory. state_cmd_memory.*)
                0x02005000                . = ALIGN (0x4)
                0x02005000                PROVIDE (_alt_partition_state_cmd_memory_end, ABSOLUTE (.))
                0x00022cd4                PROVIDE (_alt_partition_state_cmd_memory_load_addr, LOADADDR (.state_cmd_memory))

.stab
 *(.stab)

.stabstr
 *(.stabstr)

.stab.excl
 *(.stab.excl)

.stab.exclstr
 *(.stab.exclstr)

.stab.index
 *(.stab.index)

.stab.indexstr
 *(.stab.indexstr)

.comment        0x00000000       0x26
 *(.comment)
 .comment       0x00000000       0x26 obj/default/MPU6050/mpu6050.o
                                 0x27 (size before relaxing)
 .comment       0x00000000       0x27 obj/default/VMC.o
 .comment       0x00000000       0x27 obj/default/head.o
 .comment       0x00000000       0x27 c:/altera/12.1sp1/nios2eds/bin/gnu/h-i686-mingw32/bin/../lib/gcc/nios2-elf/4.1.2\libgcc.a(_fixunssfsi.o)
 .comment       0x00000000       0x27 c:/altera/12.1sp1/nios2eds/bin/gnu/h-i686-mingw32/bin/../lib/gcc/nios2-elf/4.1.2\libgcc.a(_addsub_sf.o)
 .comment       0x00000000       0x27 c:/altera/12.1sp1/nios2eds/bin/gnu/h-i686-mingw32/bin/../lib/gcc/nios2-elf/4.1.2\libgcc.a(_mul_sf.o)
 .comment       0x00000000       0x27 c:/altera/12.1sp1/nios2eds/bin/gnu/h-i686-mingw32/bin/../lib/gcc/nios2-elf/4.1.2\libgcc.a(_div_sf.o)
 .comment       0x00000000       0x27 c:/altera/12.1sp1/nios2eds/bin/gnu/h-i686-mingw32/bin/../lib/gcc/nios2-elf/4.1.2\libgcc.a(_ge_sf.o)
 .comment       0x00000000       0x27 c:/altera/12.1sp1/nios2eds/bin/gnu/h-i686-mingw32/bin/../lib/gcc/nios2-elf/4.1.2\libgcc.a(_si_to_sf.o)
 .comment       0x00000000       0x27 c:/altera/12.1sp1/nios2eds/bin/gnu/h-i686-mingw32/bin/../lib/gcc/nios2-elf/4.1.2\libgcc.a(_sf_to_si.o)
 .comment       0x00000000       0x27 c:/altera/12.1sp1/nios2eds/bin/gnu/h-i686-mingw32/bin/../lib/gcc/nios2-elf/4.1.2\libgcc.a(_sf_to_df.o)
 .comment       0x00000000       0x27 c:/altera/12.1sp1/nios2eds/bin/gnu/h-i686-mingw32/bin/../lib/gcc/nios2-elf/4.1.2\libgcc.a(_thenan_sf.o)
 .comment       0x00000000       0x27 c:/altera/12.1sp1/nios2eds/bin/gnu/h-i686-mingw32/bin/../lib/gcc/nios2-elf/4.1.2\libgcc.a(_usi_to_sf.o)
 .comment       0x00000000       0x27 c:/altera/12.1sp1/nios2eds/bin/gnu/h-i686-mingw32/bin/../lib/gcc/nios2-elf/4.1.2\libgcc.a(_addsub_df.o)
 .comment       0x00000000       0x27 c:/altera/12.1sp1/nios2eds/bin/gnu/h-i686-mingw32/bin/../lib/gcc/nios2-elf/4.1.2\libgcc.a(_make_df.o)
 .comment       0x00000000       0x27 c:/altera/12.1sp1/nios2eds/bin/gnu/h-i686-mingw32/bin/../lib/gcc/nios2-elf/4.1.2\libgcc.a(_thenan_df.o)
 .comment       0x00000000       0x27 c:/altera/12.1sp1/nios2eds/bin/gnu/h-i686-mingw32/bin/../lib/gcc/nios2-elf/4.1.2\libgcc.a(lib2-divmod.o)
 .comment       0x00000000       0x27 c:/altera/12.1sp1/nios2eds/bin/gnu/h-i686-mingw32/bin/../lib/gcc/nios2-elf/4.1.2\libgcc.a(_muldi3.o)
 .comment       0x00000000       0x27 c:/altera/12.1sp1/nios2eds/bin/gnu/h-i686-mingw32/bin/../lib/gcc/nios2-elf/4.1.2\libgcc.a(_clzsi2.o)
 .comment       0x00000000       0x27 c:/altera/12.1sp1/nios2eds/bin/gnu/h-i686-mingw32/bin/../lib/gcc/nios2-elf/4.1.2\libgcc.a(_pack_sf.o)
 .comment       0x00000000       0x27 c:/altera/12.1sp1/nios2eds/bin/gnu/h-i686-mingw32/bin/../lib/gcc/nios2-elf/4.1.2\libgcc.a(_unpack_sf.o)
 .comment       0x00000000       0x27 c:/altera/12.1sp1/nios2eds/bin/gnu/h-i686-mingw32/bin/../lib/gcc/nios2-elf/4.1.2\libgcc.a(_fpcmp_parts_sf.o)
 .comment       0x00000000       0x27 c:/altera/12.1sp1/nios2eds/bin/gnu/h-i686-mingw32/bin/../lib/gcc/nios2-elf/4.1.2\libgcc.a(_pack_df.o)
 .comment       0x00000000       0x27 c:/altera/12.1sp1/nios2eds/bin/gnu/h-i686-mingw32/bin/../lib/gcc/nios2-elf/4.1.2\libgcc.a(_unpack_df.o)
 .comment       0x00000000       0x27 c:/altera/12.1sp1/nios2eds/bin/gnu/h-i686-mingw32/bin/../lib/gcc/nios2-elf/4.1.2\libgcc.a(_clz.o)
 .comment       0x00000000       0x27 c:/altera/12.1sp1/nios2eds/bin/gnu/h-i686-mingw32/bin/../lib/gcc/nios2-elf/4.1.2/../../../../nios2-elf/lib\libc.a(lib_a-printf.o)
 .comment       0x00000000       0x27 c:/altera/12.1sp1/nios2eds/bin/gnu/h-i686-mingw32/bin/../lib/gcc/nios2-elf/4.1.2/../../../../nios2-elf/lib\libc.a(lib_a-puts.o)